// Validating benchmarks:
// ***** BenchmarkRunner: Start   *****
// ***** Found 6 benchmark(s) in total *****
// ***** Building 1 exe(s) in Parallel: Start   *****
// start dotnet  restore /p:UseSharedCompilation=false /p:BuildInParallel=false /m:1 /p:Deterministic=true /p:Optimize=true /p:IntermediateOutputPath="/home/i/GitHub/IAFahim.CS.New/bench/IAFahim.Collections.NoDeps.Bench/bin/Release/net10.0/3a02ec4a-98bc-4747-8cce-cc199ede2062/obj/Release/net10.0/" /p:OutDir="/home/i/GitHub/IAFahim.CS.New/bench/IAFahim.Collections.NoDeps.Bench/bin/Release/net10.0/3a02ec4a-98bc-4747-8cce-cc199ede2062/bin/Release/net10.0/" /p:OutputPath="/home/i/GitHub/IAFahim.CS.New/bench/IAFahim.Collections.NoDeps.Bench/bin/Release/net10.0/3a02ec4a-98bc-4747-8cce-cc199ede2062/bin/Release/net10.0/" in /home/i/GitHub/IAFahim.CS.New/bench/IAFahim.Collections.NoDeps.Bench/bin/Release/net10.0/3a02ec4a-98bc-4747-8cce-cc199ede2062
// command took 0.64 sec and exited with 0
// start dotnet  build -c Release --no-restore /p:UseSharedCompilation=false /p:BuildInParallel=false /m:1 /p:Deterministic=true /p:Optimize=true /p:IntermediateOutputPath="/home/i/GitHub/IAFahim.CS.New/bench/IAFahim.Collections.NoDeps.Bench/bin/Release/net10.0/3a02ec4a-98bc-4747-8cce-cc199ede2062/obj/Release/net10.0/" /p:OutDir="/home/i/GitHub/IAFahim.CS.New/bench/IAFahim.Collections.NoDeps.Bench/bin/Release/net10.0/3a02ec4a-98bc-4747-8cce-cc199ede2062/bin/Release/net10.0/" /p:OutputPath="/home/i/GitHub/IAFahim.CS.New/bench/IAFahim.Collections.NoDeps.Bench/bin/Release/net10.0/3a02ec4a-98bc-4747-8cce-cc199ede2062/bin/Release/net10.0/" --output "/home/i/GitHub/IAFahim.CS.New/bench/IAFahim.Collections.NoDeps.Bench/bin/Release/net10.0/3a02ec4a-98bc-4747-8cce-cc199ede2062/bin/Release/net10.0/" in /home/i/GitHub/IAFahim.CS.New/bench/IAFahim.Collections.NoDeps.Bench/bin/Release/net10.0/3a02ec4a-98bc-4747-8cce-cc199ede2062
// command took 3.72 sec and exited with 0
// ***** Done, took 00:00:04 (4.39 sec)   *****
// Found 6 benchmarks:
//   UnsafeListBench.UnsafeList_Add: ShortRun(IterationCount=3, LaunchCount=1, WarmupCount=3) [N=64]
//   UnsafeListBench.UnsafeList_AddRange: ShortRun(IterationCount=3, LaunchCount=1, WarmupCount=3) [N=64]
//   UnsafeListBench.UnsafeList_ResizeUninitialized: ShortRun(IterationCount=3, LaunchCount=1, WarmupCount=3) [N=64]
//   UnsafeListBench.UnsafeList_Add: ShortRun(IterationCount=3, LaunchCount=1, WarmupCount=3) [N=1024]
//   UnsafeListBench.UnsafeList_AddRange: ShortRun(IterationCount=3, LaunchCount=1, WarmupCount=3) [N=1024]
//   UnsafeListBench.UnsafeList_ResizeUninitialized: ShortRun(IterationCount=3, LaunchCount=1, WarmupCount=3) [N=1024]

// **************************
// Benchmark: UnsafeListBench.UnsafeList_Add: ShortRun(IterationCount=3, LaunchCount=1, WarmupCount=3) [N=64]
// *** Execute ***
// Launch: 1 / 1
// Execute: dotnet 3a02ec4a-98bc-4747-8cce-cc199ede2062.dll --anonymousPipes 120 121 --benchmarkName "IAFahim.Collections.NoDeps.Bench.UnsafeListBench.UnsafeList_Add(N: 64)" --job ShortRun --benchmarkId 0 in /home/i/GitHub/IAFahim.CS.New/bench/IAFahim.Collections.NoDeps.Bench/bin/Release/net10.0/3a02ec4a-98bc-4747-8cce-cc199ede2062/bin/Release/net10.0
// Failed to set up high priority (Permission denied). In order to run benchmarks with high priority, make sure you have the right permissions.
// BeforeAnythingElse

// Benchmark Process Environment Information:
// BenchmarkDotNet v0.14.0
// Runtime=.NET 10.0.7 (10.0.726.21808), X64 RyuJIT AVX2
// GC=Concurrent Workstation
// HardwareIntrinsics=AVX2,AES,BMI1,BMI2,FMA,LZCNT,PCLMUL,POPCNT,AvxVnni,SERIALIZE VectorSize=256
// Job: ShortRun(IterationCount=3, LaunchCount=1, WarmupCount=3)

OverheadJitting  1: 1 op, 142100.00 ns, 142.1000 us/op
WorkloadJitting  1: 1 op, 497371.00 ns, 497.3710 us/op

OverheadJitting  2: 16 op, 133382.00 ns, 8.3364 us/op
WorkloadJitting  2: 16 op, 169369.00 ns, 10.5856 us/op

WorkloadPilot    1: 16 op, 31216.00 ns, 1.9510 us/op
WorkloadPilot    2: 32 op, 78518.00 ns, 2.4537 us/op
WorkloadPilot    3: 64 op, 107265.00 ns, 1.6760 us/op
WorkloadPilot    4: 128 op, 191355.00 ns, 1.4950 us/op
WorkloadPilot    5: 256 op, 305942.00 ns, 1.1951 us/op
WorkloadPilot    6: 512 op, 537875.00 ns, 1.0505 us/op
WorkloadPilot    7: 1024 op, 1007453.00 ns, 983.8408 ns/op
WorkloadPilot    8: 2048 op, 1972914.00 ns, 963.3369 ns/op
WorkloadPilot    9: 4096 op, 3856681.00 ns, 941.5725 ns/op
WorkloadPilot   10: 8192 op, 7931275.00 ns, 968.1732 ns/op
WorkloadPilot   11: 16384 op, 15609837.00 ns, 952.7488 ns/op
WorkloadPilot   12: 32768 op, 30552802.00 ns, 932.3975 ns/op
WorkloadPilot   13: 65536 op, 62429323.00 ns, 952.5959 ns/op
WorkloadPilot   14: 131072 op, 28927580.00 ns, 220.6999 ns/op
WorkloadPilot   15: 262144 op, 22248825.00 ns, 84.8725 ns/op
WorkloadPilot   16: 524288 op, 44900082.00 ns, 85.6401 ns/op
WorkloadPilot   17: 1048576 op, 90451207.00 ns, 86.2610 ns/op
WorkloadPilot   18: 2097152 op, 179115291.00 ns, 85.4088 ns/op
WorkloadPilot   19: 4194304 op, 357630236.00 ns, 85.2657 ns/op
WorkloadPilot   20: 8388608 op, 718193020.00 ns, 85.6153 ns/op

OverheadWarmup   1: 8388608 op, 16684109.00 ns, 1.9889 ns/op
OverheadWarmup   2: 8388608 op, 16686367.00 ns, 1.9892 ns/op
OverheadWarmup   3: 8388608 op, 16684478.00 ns, 1.9889 ns/op
OverheadWarmup   4: 8388608 op, 16700331.00 ns, 1.9908 ns/op
OverheadWarmup   5: 8388608 op, 16681948.00 ns, 1.9886 ns/op

OverheadActual   1: 8388608 op, 16685926.00 ns, 1.9891 ns/op
OverheadActual   2: 8388608 op, 16685168.00 ns, 1.9890 ns/op
OverheadActual   3: 8388608 op, 16691964.00 ns, 1.9898 ns/op
OverheadActual   4: 8388608 op, 16692092.00 ns, 1.9899 ns/op
OverheadActual   5: 8388608 op, 16697629.00 ns, 1.9905 ns/op
OverheadActual   6: 8388608 op, 16683834.00 ns, 1.9889 ns/op
OverheadActual   7: 8388608 op, 16696093.00 ns, 1.9903 ns/op
OverheadActual   8: 8388608 op, 16684125.00 ns, 1.9889 ns/op
OverheadActual   9: 8388608 op, 16685867.00 ns, 1.9891 ns/op
OverheadActual  10: 8388608 op, 16697090.00 ns, 1.9904 ns/op
OverheadActual  11: 8388608 op, 16685188.00 ns, 1.9890 ns/op
OverheadActual  12: 8388608 op, 16695722.00 ns, 1.9903 ns/op
OverheadActual  13: 8388608 op, 13805447.00 ns, 1.6457 ns/op
OverheadActual  14: 8388608 op, 10779307.00 ns, 1.2850 ns/op
OverheadActual  15: 8388608 op, 10778911.00 ns, 1.2849 ns/op
OverheadActual  16: 8388608 op, 10788453.00 ns, 1.2861 ns/op
OverheadActual  17: 8388608 op, 10779984.00 ns, 1.2851 ns/op
OverheadActual  18: 8388608 op, 10784248.00 ns, 1.2856 ns/op
OverheadActual  19: 8388608 op, 10778330.00 ns, 1.2849 ns/op
OverheadActual  20: 8388608 op, 10821423.00 ns, 1.2900 ns/op

WorkloadWarmup   1: 8388608 op, 715125814.00 ns, 85.2496 ns/op
WorkloadWarmup   2: 8388608 op, 715139089.00 ns, 85.2512 ns/op
WorkloadWarmup   3: 8388608 op, 715111592.00 ns, 85.2479 ns/op

// BeforeActualRun
WorkloadActual   1: 8388608 op, 715260752.00 ns, 85.2657 ns/op
WorkloadActual   2: 8388608 op, 715416873.00 ns, 85.2843 ns/op
WorkloadActual   3: 8388608 op, 715204089.00 ns, 85.2590 ns/op

// AfterActualRun
WorkloadResult   1: 8388608 op, 698576105.50 ns, 83.2768 ns/op
WorkloadResult   2: 8388608 op, 698732226.50 ns, 83.2954 ns/op
WorkloadResult   3: 8388608 op, 698519442.50 ns, 83.2700 ns/op
// GC:  0 0 0 64 8388608
// Threading:  0 0 8388608

// AfterAll
// Benchmark Process 281982 has exited with code 0.

Mean = 83.281 ns, StdErr = 0.008 ns (0.01%), N = 3, StdDev = 0.013 ns
Min = 83.270 ns, Q1 = 83.273 ns, Median = 83.277 ns, Q3 = 83.286 ns, Max = 83.295 ns
IQR = 0.013 ns, LowerFence = 83.254 ns, UpperFence = 83.305 ns
ConfidenceInterval = [83.041 ns; 83.520 ns] (CI 99.9%), Margin = 0.240 ns (0.29% of Mean)
Skewness = 0.27, Kurtosis = 0.67, MValue = 2

// ** Remained 5 (83.3%) benchmark(s) to run. Estimated finish 2026-05-17 19:41 (0h 0m from now) **
// **************************
// Benchmark: UnsafeListBench.UnsafeList_AddRange: ShortRun(IterationCount=3, LaunchCount=1, WarmupCount=3) [N=64]
// *** Execute ***
// Launch: 1 / 1
// Execute: dotnet 3a02ec4a-98bc-4747-8cce-cc199ede2062.dll --anonymousPipes 120 121 --benchmarkName "IAFahim.Collections.NoDeps.Bench.UnsafeListBench.UnsafeList_AddRange(N: 64)" --job ShortRun --benchmarkId 1 in /home/i/GitHub/IAFahim.CS.New/bench/IAFahim.Collections.NoDeps.Bench/bin/Release/net10.0/3a02ec4a-98bc-4747-8cce-cc199ede2062/bin/Release/net10.0
// Failed to set up high priority (Permission denied). In order to run benchmarks with high priority, make sure you have the right permissions.
// BeforeAnythingElse

// Benchmark Process Environment Information:
// BenchmarkDotNet v0.14.0
// Runtime=.NET 10.0.7 (10.0.726.21808), X64 RyuJIT AVX2
// GC=Concurrent Workstation
// HardwareIntrinsics=AVX2,AES,BMI1,BMI2,FMA,LZCNT,PCLMUL,POPCNT,AvxVnni,SERIALIZE VectorSize=256
// Job: ShortRun(IterationCount=3, LaunchCount=1, WarmupCount=3)

OverheadJitting  1: 1 op, 135246.00 ns, 135.2460 us/op
WorkloadJitting  1: 1 op, 464795.00 ns, 464.7950 us/op

OverheadJitting  2: 16 op, 125364.00 ns, 7.8353 us/op
WorkloadJitting  2: 16 op, 164311.00 ns, 10.2694 us/op

WorkloadPilot    1: 16 op, 25536.00 ns, 1.5960 us/op
WorkloadPilot    2: 32 op, 67528.00 ns, 2.1103 us/op
WorkloadPilot    3: 64 op, 79875.00 ns, 1.2480 us/op
WorkloadPilot    4: 128 op, 115804.00 ns, 904.7188 ns/op
WorkloadPilot    5: 256 op, 189057.00 ns, 738.5039 ns/op
WorkloadPilot    6: 512 op, 343216.00 ns, 670.3438 ns/op
WorkloadPilot    7: 1024 op, 642437.00 ns, 627.3799 ns/op
WorkloadPilot    8: 2048 op, 1239720.00 ns, 605.3320 ns/op
WorkloadPilot    9: 4096 op, 2447701.00 ns, 597.5833 ns/op
WorkloadPilot   10: 8192 op, 4903049.00 ns, 598.5167 ns/op
WorkloadPilot   11: 16384 op, 10026382.00 ns, 611.9618 ns/op
WorkloadPilot   12: 32768 op, 19605955.00 ns, 598.3263 ns/op
WorkloadPilot   13: 65536 op, 39069009.00 ns, 596.1458 ns/op
WorkloadPilot   14: 131072 op, 73414282.00 ns, 560.1065 ns/op
WorkloadPilot   15: 262144 op, 11411418.00 ns, 43.5311 ns/op
WorkloadPilot   16: 524288 op, 22951950.00 ns, 43.7774 ns/op
WorkloadPilot   17: 1048576 op, 45717144.00 ns, 43.5993 ns/op
WorkloadPilot   18: 2097152 op, 91325987.00 ns, 43.5476 ns/op
WorkloadPilot   19: 4194304 op, 182661276.00 ns, 43.5498 ns/op
WorkloadPilot   20: 8388608 op, 365680824.00 ns, 43.5926 ns/op
WorkloadPilot   21: 16777216 op, 731002549.00 ns, 43.5711 ns/op

OverheadWarmup   1: 16777216 op, 30417167.00 ns, 1.8130 ns/op
OverheadWarmup   2: 16777216 op, 30452090.00 ns, 1.8151 ns/op
OverheadWarmup   3: 16777216 op, 30411872.00 ns, 1.8127 ns/op
OverheadWarmup   4: 16777216 op, 30420515.00 ns, 1.8132 ns/op
OverheadWarmup   5: 16777216 op, 30433000.00 ns, 1.8139 ns/op
OverheadWarmup   6: 16777216 op, 30407668.00 ns, 1.8124 ns/op

OverheadActual   1: 16777216 op, 30428390.00 ns, 1.8137 ns/op
OverheadActual   2: 16777216 op, 30423895.00 ns, 1.8134 ns/op
OverheadActual   3: 16777216 op, 30412349.00 ns, 1.8127 ns/op
OverheadActual   4: 16777216 op, 30415075.00 ns, 1.8129 ns/op
OverheadActual   5: 16777216 op, 30429674.00 ns, 1.8137 ns/op
OverheadActual   6: 16777216 op, 30458406.00 ns, 1.8155 ns/op
OverheadActual   7: 16777216 op, 30414960.00 ns, 1.8129 ns/op
OverheadActual   8: 16777216 op, 30416414.00 ns, 1.8130 ns/op
OverheadActual   9: 16777216 op, 30424965.00 ns, 1.8135 ns/op
OverheadActual  10: 16777216 op, 30410642.00 ns, 1.8126 ns/op
OverheadActual  11: 16777216 op, 23426789.00 ns, 1.3963 ns/op
OverheadActual  12: 16777216 op, 21559057.00 ns, 1.2850 ns/op
OverheadActual  13: 16777216 op, 21642502.00 ns, 1.2900 ns/op
OverheadActual  14: 16777216 op, 21573148.00 ns, 1.2859 ns/op
OverheadActual  15: 16777216 op, 21554456.00 ns, 1.2847 ns/op
OverheadActual  16: 16777216 op, 21563905.00 ns, 1.2853 ns/op
OverheadActual  17: 16777216 op, 21597746.00 ns, 1.2873 ns/op
OverheadActual  18: 16777216 op, 21616235.00 ns, 1.2884 ns/op
OverheadActual  19: 16777216 op, 21590541.00 ns, 1.2869 ns/op
OverheadActual  20: 16777216 op, 21603662.00 ns, 1.2877 ns/op

WorkloadWarmup   1: 16777216 op, 732079778.00 ns, 43.6354 ns/op
WorkloadWarmup   2: 16777216 op, 738159151.00 ns, 43.9977 ns/op
WorkloadWarmup   3: 16777216 op, 731763663.00 ns, 43.6165 ns/op

// BeforeActualRun
WorkloadActual   1: 16777216 op, 730610910.00 ns, 43.5478 ns/op
WorkloadActual   2: 16777216 op, 731915314.00 ns, 43.6256 ns/op
WorkloadActual   3: 16777216 op, 733414776.00 ns, 43.7149 ns/op

// AfterActualRun
WorkloadResult   1: 16777216 op, 703692194.50 ns, 41.9433 ns/op
WorkloadResult   2: 16777216 op, 704996598.50 ns, 42.0211 ns/op
WorkloadResult   3: 16777216 op, 706496060.50 ns, 42.1104 ns/op
// GC:  0 0 0 64 16777216
// Threading:  0 0 16777216

// AfterAll
// Benchmark Process 281997 has exited with code 0.

Mean = 42.025 ns, StdErr = 0.048 ns (0.11%), N = 3, StdDev = 0.084 ns
Min = 41.943 ns, Q1 = 41.982 ns, Median = 42.021 ns, Q3 = 42.066 ns, Max = 42.110 ns
IQR = 0.084 ns, LowerFence = 41.857 ns, UpperFence = 42.191 ns
ConfidenceInterval = [40.499 ns; 43.551 ns] (CI 99.9%), Margin = 1.526 ns (3.63% of Mean)
Skewness = 0.05, Kurtosis = 0.67, MValue = 2

// ** Remained 4 (66.7%) benchmark(s) to run. Estimated finish 2026-05-17 19:41 (0h 0m from now) **
// **************************
// Benchmark: UnsafeListBench.UnsafeList_ResizeUninitialized: ShortRun(IterationCount=3, LaunchCount=1, WarmupCount=3) [N=64]
// *** Execute ***
// Launch: 1 / 1
// Execute: dotnet 3a02ec4a-98bc-4747-8cce-cc199ede2062.dll --anonymousPipes 120 121 --benchmarkName "IAFahim.Collections.NoDeps.Bench.UnsafeListBench.UnsafeList_ResizeUninitialized(N: 64)" --job ShortRun --benchmarkId 2 in /home/i/GitHub/IAFahim.CS.New/bench/IAFahim.Collections.NoDeps.Bench/bin/Release/net10.0/3a02ec4a-98bc-4747-8cce-cc199ede2062/bin/Release/net10.0
// Failed to set up high priority (Permission denied). In order to run benchmarks with high priority, make sure you have the right permissions.
// BeforeAnythingElse

// Benchmark Process Environment Information:
// BenchmarkDotNet v0.14.0
// Runtime=.NET 10.0.7 (10.0.726.21808), X64 RyuJIT AVX2
// GC=Concurrent Workstation
// HardwareIntrinsics=AVX2,AES,BMI1,BMI2,FMA,LZCNT,PCLMUL,POPCNT,AvxVnni,SERIALIZE VectorSize=256
// Job: ShortRun(IterationCount=3, LaunchCount=1, WarmupCount=3)

OverheadJitting  1: 1 op, 135950.00 ns, 135.9500 us/op
WorkloadJitting  1: 1 op, 561949.00 ns, 561.9490 us/op

OverheadJitting  2: 16 op, 137706.00 ns, 8.6066 us/op
WorkloadJitting  2: 16 op, 135312.00 ns, 8.4570 us/op

WorkloadPilot    1: 16 op, 9503.00 ns, 593.9375 ns/op
WorkloadPilot    2: 32 op, 17439.00 ns, 544.9688 ns/op
WorkloadPilot    3: 64 op, 34414.00 ns, 537.7188 ns/op
WorkloadPilot    4: 128 op, 92358.00 ns, 721.5469 ns/op
WorkloadPilot    5: 256 op, 145481.00 ns, 568.2852 ns/op
WorkloadPilot    6: 512 op, 263317.00 ns, 514.2910 ns/op
WorkloadPilot    7: 1024 op, 432053.00 ns, 421.9268 ns/op
WorkloadPilot    8: 2048 op, 795455.00 ns, 388.4058 ns/op
WorkloadPilot    9: 4096 op, 1494380.00 ns, 364.8389 ns/op
WorkloadPilot   10: 8192 op, 2999932.00 ns, 366.2026 ns/op
WorkloadPilot   11: 16384 op, 5842895.00 ns, 356.6220 ns/op
WorkloadPilot   12: 32768 op, 11729062.00 ns, 357.9426 ns/op
WorkloadPilot   13: 65536 op, 22898725.00 ns, 349.4068 ns/op
WorkloadPilot   14: 131072 op, 46096608.00 ns, 351.6892 ns/op
WorkloadPilot   15: 262144 op, 60802921.00 ns, 231.9447 ns/op
WorkloadPilot   16: 524288 op, 17446678.00 ns, 33.2769 ns/op
WorkloadPilot   17: 1048576 op, 34281366.00 ns, 32.6933 ns/op
WorkloadPilot   18: 2097152 op, 67738173.00 ns, 32.3001 ns/op
WorkloadPilot   19: 4194304 op, 134641563.00 ns, 32.1011 ns/op
WorkloadPilot   20: 8388608 op, 270557156.00 ns, 32.2529 ns/op
WorkloadPilot   21: 16777216 op, 542730483.00 ns, 32.3493 ns/op

OverheadWarmup   1: 16777216 op, 30436079.00 ns, 1.8141 ns/op
OverheadWarmup   2: 16777216 op, 30428160.00 ns, 1.8137 ns/op
OverheadWarmup   3: 16777216 op, 30408024.00 ns, 1.8125 ns/op
OverheadWarmup   4: 16777216 op, 30411406.00 ns, 1.8127 ns/op
OverheadWarmup   5: 16777216 op, 30440425.00 ns, 1.8144 ns/op
OverheadWarmup   6: 16777216 op, 30440615.00 ns, 1.8144 ns/op
OverheadWarmup   7: 16777216 op, 30417941.00 ns, 1.8131 ns/op
OverheadWarmup   8: 16777216 op, 30398422.00 ns, 1.8119 ns/op
OverheadWarmup   9: 16777216 op, 30402774.00 ns, 1.8121 ns/op
OverheadWarmup  10: 16777216 op, 27868167.00 ns, 1.6611 ns/op

OverheadActual   1: 16777216 op, 21597761.00 ns, 1.2873 ns/op
OverheadActual   2: 16777216 op, 21605009.00 ns, 1.2878 ns/op
OverheadActual   3: 16777216 op, 21686924.00 ns, 1.2926 ns/op
OverheadActual   4: 16777216 op, 21607831.00 ns, 1.2879 ns/op
OverheadActual   5: 16777216 op, 21556500.00 ns, 1.2849 ns/op
OverheadActual   6: 16777216 op, 21556481.00 ns, 1.2849 ns/op
OverheadActual   7: 16777216 op, 21556828.00 ns, 1.2849 ns/op
OverheadActual   8: 16777216 op, 21611946.00 ns, 1.2882 ns/op
OverheadActual   9: 16777216 op, 21556115.00 ns, 1.2848 ns/op
OverheadActual  10: 16777216 op, 21558102.00 ns, 1.2850 ns/op
OverheadActual  11: 16777216 op, 21563106.00 ns, 1.2853 ns/op
OverheadActual  12: 16777216 op, 21558981.00 ns, 1.2850 ns/op
OverheadActual  13: 16777216 op, 21596469.00 ns, 1.2872 ns/op
OverheadActual  14: 16777216 op, 21566116.00 ns, 1.2854 ns/op
OverheadActual  15: 16777216 op, 21627826.00 ns, 1.2891 ns/op

WorkloadWarmup   1: 16777216 op, 541837828.00 ns, 32.2961 ns/op
WorkloadWarmup   2: 16777216 op, 541857058.00 ns, 32.2972 ns/op
WorkloadWarmup   3: 16777216 op, 539595809.00 ns, 32.1624 ns/op

// BeforeActualRun
WorkloadActual   1: 16777216 op, 539824877.00 ns, 32.1761 ns/op
WorkloadActual   2: 16777216 op, 540219702.00 ns, 32.1996 ns/op
WorkloadActual   3: 16777216 op, 539891943.00 ns, 32.1801 ns/op

// AfterActualRun
WorkloadResult   1: 16777216 op, 518258761.00 ns, 30.8906 ns/op
WorkloadResult   2: 16777216 op, 518653586.00 ns, 30.9142 ns/op
WorkloadResult   3: 16777216 op, 518325827.00 ns, 30.8946 ns/op
// GC:  0 0 0 736 16777216
// Threading:  0 0 16777216

// AfterAll
// Benchmark Process 282016 has exited with code 0.

Mean = 30.900 ns, StdErr = 0.007 ns (0.02%), N = 3, StdDev = 0.013 ns
Min = 30.891 ns, Q1 = 30.893 ns, Median = 30.895 ns, Q3 = 30.904 ns, Max = 30.914 ns
IQR = 0.012 ns, LowerFence = 30.875 ns, UpperFence = 30.922 ns
ConfidenceInterval = [30.670 ns; 31.130 ns] (CI 99.9%), Margin = 0.230 ns (0.74% of Mean)
Skewness = 0.34, Kurtosis = 0.67, MValue = 2

// ** Remained 3 (50.0%) benchmark(s) to run. Estimated finish 2026-05-17 19:41 (0h 0m from now) **
// **************************
// Benchmark: UnsafeListBench.UnsafeList_Add: ShortRun(IterationCount=3, LaunchCount=1, WarmupCount=3) [N=1024]
// *** Execute ***
// Launch: 1 / 1
// Execute: dotnet 3a02ec4a-98bc-4747-8cce-cc199ede2062.dll --anonymousPipes 120 121 --benchmarkName "IAFahim.Collections.NoDeps.Bench.UnsafeListBench.UnsafeList_Add(N: 1024)" --job ShortRun --benchmarkId 3 in /home/i/GitHub/IAFahim.CS.New/bench/IAFahim.Collections.NoDeps.Bench/bin/Release/net10.0/3a02ec4a-98bc-4747-8cce-cc199ede2062/bin/Release/net10.0
// Failed to set up high priority (Permission denied). In order to run benchmarks with high priority, make sure you have the right permissions.
// BeforeAnythingElse

// Benchmark Process Environment Information:
// BenchmarkDotNet v0.14.0
// Runtime=.NET 10.0.7 (10.0.726.21808), X64 RyuJIT AVX2
// GC=Concurrent Workstation
// HardwareIntrinsics=AVX2,AES,BMI1,BMI2,FMA,LZCNT,PCLMUL,POPCNT,AvxVnni,SERIALIZE VectorSize=256
// Job: ShortRun(IterationCount=3, LaunchCount=1, WarmupCount=3)

OverheadJitting  1: 1 op, 138678.00 ns, 138.6780 us/op
WorkloadJitting  1: 1 op, 533980.00 ns, 533.9800 us/op

OverheadJitting  2: 16 op, 122869.00 ns, 7.6793 us/op
WorkloadJitting  2: 16 op, 1011091.00 ns, 63.1932 us/op

WorkloadPilot    1: 16 op, 206315.00 ns, 12.8947 us/op
WorkloadPilot    2: 32 op, 329519.00 ns, 10.2975 us/op
WorkloadPilot    3: 64 op, 595782.00 ns, 9.3091 us/op
WorkloadPilot    4: 128 op, 1105275.00 ns, 8.6350 us/op
WorkloadPilot    5: 256 op, 2172621.00 ns, 8.4868 us/op
WorkloadPilot    6: 512 op, 4297927.00 ns, 8.3944 us/op
WorkloadPilot    7: 1024 op, 8423054.00 ns, 8.2256 us/op
WorkloadPilot    8: 2048 op, 16769633.00 ns, 8.1883 us/op
WorkloadPilot    9: 4096 op, 33330804.00 ns, 8.1374 us/op
WorkloadPilot   10: 8192 op, 66348996.00 ns, 8.0992 us/op
WorkloadPilot   11: 16384 op, 26603549.00 ns, 1.6238 us/op
WorkloadPilot   12: 32768 op, 31956276.00 ns, 975.2281 ns/op
WorkloadPilot   13: 65536 op, 62851971.00 ns, 959.0450 ns/op
WorkloadPilot   14: 131072 op, 128016300.00 ns, 976.6869 ns/op
WorkloadPilot   15: 262144 op, 254421105.00 ns, 970.5395 ns/op
WorkloadPilot   16: 524288 op, 508105435.00 ns, 969.1342 ns/op

OverheadWarmup   1: 524288 op, 960147.00 ns, 1.8313 ns/op
OverheadWarmup   2: 524288 op, 950840.00 ns, 1.8136 ns/op
OverheadWarmup   3: 524288 op, 951325.00 ns, 1.8145 ns/op
OverheadWarmup   4: 524288 op, 950833.00 ns, 1.8136 ns/op
OverheadWarmup   5: 524288 op, 956274.00 ns, 1.8239 ns/op
OverheadWarmup   6: 524288 op, 953464.00 ns, 1.8186 ns/op

OverheadActual   1: 524288 op, 952460.00 ns, 1.8167 ns/op
OverheadActual   2: 524288 op, 953932.00 ns, 1.8195 ns/op
OverheadActual   3: 524288 op, 958030.00 ns, 1.8273 ns/op
OverheadActual   4: 524288 op, 959250.00 ns, 1.8296 ns/op
OverheadActual   5: 524288 op, 956579.00 ns, 1.8245 ns/op
OverheadActual   6: 524288 op, 960954.00 ns, 1.8329 ns/op
OverheadActual   7: 524288 op, 951402.00 ns, 1.8147 ns/op
OverheadActual   8: 524288 op, 949866.00 ns, 1.8117 ns/op
OverheadActual   9: 524288 op, 951355.00 ns, 1.8146 ns/op
OverheadActual  10: 524288 op, 951701.00 ns, 1.8152 ns/op
OverheadActual  11: 524288 op, 949927.00 ns, 1.8118 ns/op
OverheadActual  12: 524288 op, 949790.00 ns, 1.8116 ns/op
OverheadActual  13: 524288 op, 952398.00 ns, 1.8166 ns/op
OverheadActual  14: 524288 op, 951093.00 ns, 1.8141 ns/op
OverheadActual  15: 524288 op, 950003.00 ns, 1.8120 ns/op

WorkloadWarmup   1: 524288 op, 508310747.00 ns, 969.5258 ns/op
WorkloadWarmup   2: 524288 op, 508466081.00 ns, 969.8221 ns/op
WorkloadWarmup   3: 524288 op, 507907002.00 ns, 968.7557 ns/op

// BeforeActualRun
WorkloadActual   1: 524288 op, 512256504.00 ns, 977.0517 ns/op
WorkloadActual   2: 524288 op, 506926599.00 ns, 966.8858 ns/op
WorkloadActual   3: 524288 op, 507981931.00 ns, 968.8986 ns/op

// AfterActualRun
WorkloadResult   1: 524288 op, 511304803.00 ns, 975.2365 ns/op
WorkloadResult   2: 524288 op, 505974898.00 ns, 965.0705 ns/op
WorkloadResult   3: 524288 op, 507030230.00 ns, 967.0834 ns/op
// GC:  0 0 0 64 524288
// Threading:  0 0 524288

// AfterAll
// Benchmark Process 282027 has exited with code 0.

Mean = 969.130 ns, StdErr = 3.108 ns (0.32%), N = 3, StdDev = 5.383 ns
Min = 965.071 ns, Q1 = 966.077 ns, Median = 967.083 ns, Q3 = 971.160 ns, Max = 975.237 ns
IQR = 5.083 ns, LowerFence = 958.452 ns, UpperFence = 978.784 ns
ConfidenceInterval = [870.921 ns; 1,067.339 ns] (CI 99.9%), Margin = 98.209 ns (10.13% of Mean)
Skewness = 0.33, Kurtosis = 0.67, MValue = 2

// ** Remained 2 (33.3%) benchmark(s) to run. Estimated finish 2026-05-17 19:41 (0h 0m from now) **
// **************************
// Benchmark: UnsafeListBench.UnsafeList_AddRange: ShortRun(IterationCount=3, LaunchCount=1, WarmupCount=3) [N=1024]
// *** Execute ***
// Launch: 1 / 1
// Execute: dotnet 3a02ec4a-98bc-4747-8cce-cc199ede2062.dll --anonymousPipes 120 121 --benchmarkName "IAFahim.Collections.NoDeps.Bench.UnsafeListBench.UnsafeList_AddRange(N: 1024)" --job ShortRun --benchmarkId 4 in /home/i/GitHub/IAFahim.CS.New/bench/IAFahim.Collections.NoDeps.Bench/bin/Release/net10.0/3a02ec4a-98bc-4747-8cce-cc199ede2062/bin/Release/net10.0
// Failed to set up high priority (Permission denied). In order to run benchmarks with high priority, make sure you have the right permissions.
// BeforeAnythingElse

// Benchmark Process Environment Information:
// BenchmarkDotNet v0.14.0
// Runtime=.NET 10.0.7 (10.0.726.21808), X64 RyuJIT AVX2
// GC=Concurrent Workstation
// HardwareIntrinsics=AVX2,AES,BMI1,BMI2,FMA,LZCNT,PCLMUL,POPCNT,AvxVnni,SERIALIZE VectorSize=256
// Job: ShortRun(IterationCount=3, LaunchCount=1, WarmupCount=3)

OverheadJitting  1: 1 op, 145426.00 ns, 145.4260 us/op
WorkloadJitting  1: 1 op, 490030.00 ns, 490.0300 us/op

OverheadJitting  2: 16 op, 127383.00 ns, 7.9614 us/op
WorkloadJitting  2: 16 op, 395627.00 ns, 24.7267 us/op

WorkloadPilot    1: 16 op, 86074.00 ns, 5.3796 us/op
WorkloadPilot    2: 32 op, 142951.00 ns, 4.4672 us/op
WorkloadPilot    3: 64 op, 239889.00 ns, 3.7483 us/op
WorkloadPilot    4: 128 op, 456107.00 ns, 3.5633 us/op
WorkloadPilot    5: 256 op, 863252.00 ns, 3.3721 us/op
WorkloadPilot    6: 512 op, 1777993.00 ns, 3.4726 us/op
WorkloadPilot    7: 1024 op, 3369119.00 ns, 3.2902 us/op
WorkloadPilot    8: 2048 op, 6687043.00 ns, 3.2652 us/op
WorkloadPilot    9: 4096 op, 13301898.00 ns, 3.2475 us/op
WorkloadPilot   10: 8192 op, 26658716.00 ns, 3.2542 us/op
WorkloadPilot   11: 16384 op, 53824484.00 ns, 3.2852 us/op
WorkloadPilot   12: 32768 op, 51549828.00 ns, 1.5732 us/op
WorkloadPilot   13: 65536 op, 29503352.00 ns, 450.1854 ns/op
WorkloadPilot   14: 131072 op, 58589011.00 ns, 446.9987 ns/op
WorkloadPilot   15: 262144 op, 117337803.00 ns, 447.6082 ns/op
WorkloadPilot   16: 524288 op, 236844273.00 ns, 451.7446 ns/op
WorkloadPilot   17: 1048576 op, 473271622.00 ns, 451.3470 ns/op
WorkloadPilot   18: 2097152 op, 947069068.00 ns, 451.5977 ns/op

OverheadWarmup   1: 2097152 op, 3808264.00 ns, 1.8159 ns/op
OverheadWarmup   2: 2097152 op, 3803257.00 ns, 1.8135 ns/op
OverheadWarmup   3: 2097152 op, 3801265.00 ns, 1.8126 ns/op
OverheadWarmup   4: 2097152 op, 3799708.00 ns, 1.8118 ns/op
OverheadWarmup   5: 2097152 op, 3807815.00 ns, 1.8157 ns/op
OverheadWarmup   6: 2097152 op, 3806158.00 ns, 1.8149 ns/op
OverheadWarmup   7: 2097152 op, 3801790.00 ns, 1.8128 ns/op
OverheadWarmup   8: 2097152 op, 3801452.00 ns, 1.8127 ns/op
OverheadWarmup   9: 2097152 op, 3801450.00 ns, 1.8127 ns/op
OverheadWarmup  10: 2097152 op, 3801453.00 ns, 1.8127 ns/op

OverheadActual   1: 2097152 op, 3808445.00 ns, 1.8160 ns/op
OverheadActual   2: 2097152 op, 3804935.00 ns, 1.8143 ns/op
OverheadActual   3: 2097152 op, 3805350.00 ns, 1.8145 ns/op
OverheadActual   4: 2097152 op, 3809620.00 ns, 1.8166 ns/op
OverheadActual   5: 2097152 op, 3809276.00 ns, 1.8164 ns/op
OverheadActual   6: 2097152 op, 3804942.00 ns, 1.8143 ns/op
OverheadActual   7: 2097152 op, 3801735.00 ns, 1.8128 ns/op
OverheadActual   8: 2097152 op, 3802339.00 ns, 1.8131 ns/op
OverheadActual   9: 2097152 op, 3801931.00 ns, 1.8129 ns/op
OverheadActual  10: 2097152 op, 3801471.00 ns, 1.8127 ns/op
OverheadActual  11: 2097152 op, 3804623.00 ns, 1.8142 ns/op
OverheadActual  12: 2097152 op, 3801746.00 ns, 1.8128 ns/op
OverheadActual  13: 2097152 op, 3801571.00 ns, 1.8127 ns/op
OverheadActual  14: 2097152 op, 3802641.00 ns, 1.8132 ns/op
OverheadActual  15: 2097152 op, 3815708.00 ns, 1.8195 ns/op

WorkloadWarmup   1: 2097152 op, 968533373.00 ns, 461.8327 ns/op
WorkloadWarmup   2: 2097152 op, 966751862.00 ns, 460.9832 ns/op
WorkloadWarmup   3: 2097152 op, 967101834.00 ns, 461.1501 ns/op

// BeforeActualRun
WorkloadActual   1: 2097152 op, 978504067.00 ns, 466.5871 ns/op
WorkloadActual   2: 2097152 op, 964019651.00 ns, 459.6804 ns/op
WorkloadActual   3: 2097152 op, 962987201.00 ns, 459.1881 ns/op

// AfterActualRun
WorkloadResult   1: 2097152 op, 974699444.00 ns, 464.7729 ns/op
WorkloadResult   2: 2097152 op, 960215028.00 ns, 457.8662 ns/op
WorkloadResult   3: 2097152 op, 959182578.00 ns, 457.3739 ns/op
// GC:  0 0 0 64 2097152
// Threading:  0 0 2097152

// AfterAll
// Benchmark Process 282037 has exited with code 0.

Mean = 460.004 ns, StdErr = 2.389 ns (0.52%), N = 3, StdDev = 4.137 ns
Min = 457.374 ns, Q1 = 457.620 ns, Median = 457.866 ns, Q3 = 461.320 ns, Max = 464.773 ns
IQR = 3.700 ns, LowerFence = 452.071 ns, UpperFence = 466.869 ns
ConfidenceInterval = [384.529 ns; 535.479 ns] (CI 99.9%), Margin = 75.475 ns (16.41% of Mean)
Skewness = 0.38, Kurtosis = 0.67, MValue = 2

// ** Remained 1 (16.7%) benchmark(s) to run. Estimated finish 2026-05-17 19:41 (0h 0m from now) **
// **************************
// Benchmark: UnsafeListBench.UnsafeList_ResizeUninitialized: ShortRun(IterationCount=3, LaunchCount=1, WarmupCount=3) [N=1024]
// *** Execute ***
// Launch: 1 / 1
// Execute: dotnet 3a02ec4a-98bc-4747-8cce-cc199ede2062.dll --anonymousPipes 120 121 --benchmarkName "IAFahim.Collections.NoDeps.Bench.UnsafeListBench.UnsafeList_ResizeUninitialized(N: 1024)" --job ShortRun --benchmarkId 5 in /home/i/GitHub/IAFahim.CS.New/bench/IAFahim.Collections.NoDeps.Bench/bin/Release/net10.0/3a02ec4a-98bc-4747-8cce-cc199ede2062/bin/Release/net10.0
// Failed to set up high priority (Permission denied). In order to run benchmarks with high priority, make sure you have the right permissions.
// BeforeAnythingElse

// Benchmark Process Environment Information:
// BenchmarkDotNet v0.14.0
// Runtime=.NET 10.0.7 (10.0.726.21808), X64 RyuJIT AVX2
// GC=Concurrent Workstation
// HardwareIntrinsics=AVX2,AES,BMI1,BMI2,FMA,LZCNT,PCLMUL,POPCNT,AvxVnni,SERIALIZE VectorSize=256
// Job: ShortRun(IterationCount=3, LaunchCount=1, WarmupCount=3)

OverheadJitting  1: 1 op, 136159.00 ns, 136.1590 us/op
WorkloadJitting  1: 1 op, 567793.00 ns, 567.7930 us/op

OverheadJitting  2: 16 op, 212826.00 ns, 13.3016 us/op
WorkloadJitting  2: 16 op, 613971.00 ns, 38.3732 us/op

WorkloadPilot    1: 16 op, 121357.00 ns, 7.5848 us/op
WorkloadPilot    2: 32 op, 204217.00 ns, 6.3818 us/op
WorkloadPilot    3: 64 op, 367026.00 ns, 5.7348 us/op
WorkloadPilot    4: 128 op, 694470.00 ns, 5.4255 us/op
WorkloadPilot    5: 256 op, 1354818.00 ns, 5.2923 us/op
WorkloadPilot    6: 512 op, 2721019.00 ns, 5.3145 us/op
WorkloadPilot    7: 1024 op, 5346514.00 ns, 5.2212 us/op
WorkloadPilot    8: 2048 op, 10631186.00 ns, 5.1910 us/op
WorkloadPilot    9: 4096 op, 21181943.00 ns, 5.1714 us/op
WorkloadPilot   10: 8192 op, 42336138.00 ns, 5.1680 us/op
WorkloadPilot   11: 16384 op, 65537325.00 ns, 4.0001 us/op
WorkloadPilot   12: 32768 op, 12501444.00 ns, 381.5138 ns/op
WorkloadPilot   13: 65536 op, 25400754.00 ns, 387.5847 ns/op
WorkloadPilot   14: 131072 op, 51014755.00 ns, 389.2117 ns/op
WorkloadPilot   15: 262144 op, 101884557.00 ns, 388.6587 ns/op
WorkloadPilot   16: 524288 op, 203674995.00 ns, 388.4792 ns/op
WorkloadPilot   17: 1048576 op, 423332780.00 ns, 403.7216 ns/op
WorkloadPilot   18: 2097152 op, 915204315.00 ns, 436.4034 ns/op

OverheadWarmup   1: 2097152 op, 3840158.00 ns, 1.8311 ns/op
OverheadWarmup   2: 2097152 op, 3845587.00 ns, 1.8337 ns/op
OverheadWarmup   3: 2097152 op, 3848501.00 ns, 1.8351 ns/op
OverheadWarmup   4: 2097152 op, 3880012.00 ns, 1.8501 ns/op
OverheadWarmup   5: 2097152 op, 3875739.00 ns, 1.8481 ns/op
OverheadWarmup   6: 2097152 op, 3860859.00 ns, 1.8410 ns/op
OverheadWarmup   7: 2097152 op, 3847209.00 ns, 1.8345 ns/op
OverheadWarmup   8: 2097152 op, 3869202.00 ns, 1.8450 ns/op
OverheadWarmup   9: 2097152 op, 3879332.00 ns, 1.8498 ns/op
OverheadWarmup  10: 2097152 op, 3850165.00 ns, 1.8359 ns/op

OverheadActual   1: 2097152 op, 3858280.00 ns, 1.8398 ns/op
OverheadActual   2: 2097152 op, 3812885.00 ns, 1.8181 ns/op
OverheadActual   3: 2097152 op, 3808407.00 ns, 1.8160 ns/op
OverheadActual   4: 2097152 op, 3816747.00 ns, 1.8200 ns/op
OverheadActual   5: 2097152 op, 3819350.00 ns, 1.8212 ns/op
OverheadActual   6: 2097152 op, 3803230.00 ns, 1.8135 ns/op
OverheadActual   7: 2097152 op, 3813804.00 ns, 1.8186 ns/op
OverheadActual   8: 2097152 op, 3851267.00 ns, 1.8364 ns/op
OverheadActual   9: 2097152 op, 3892240.00 ns, 1.8560 ns/op
OverheadActual  10: 2097152 op, 3889090.00 ns, 1.8545 ns/op
OverheadActual  11: 2097152 op, 3876667.00 ns, 1.8485 ns/op
OverheadActual  12: 2097152 op, 3876272.00 ns, 1.8484 ns/op
OverheadActual  13: 2097152 op, 3857487.00 ns, 1.8394 ns/op
OverheadActual  14: 2097152 op, 3870598.00 ns, 1.8456 ns/op
OverheadActual  15: 2097152 op, 3883716.00 ns, 1.8519 ns/op

WorkloadWarmup   1: 2097152 op, 856467620.00 ns, 408.3956 ns/op
WorkloadWarmup   2: 2097152 op, 807735148.00 ns, 385.1581 ns/op
WorkloadWarmup   3: 2097152 op, 769179446.00 ns, 366.7733 ns/op

// BeforeActualRun
WorkloadActual   1: 2097152 op, 770322154.00 ns, 367.3182 ns/op
WorkloadActual   2: 2097152 op, 770011207.00 ns, 367.1700 ns/op
WorkloadActual   3: 2097152 op, 770770473.00 ns, 367.5320 ns/op

// AfterActualRun
WorkloadResult   1: 2097152 op, 766464667.00 ns, 365.4788 ns/op
WorkloadResult   2: 2097152 op, 766153720.00 ns, 365.3306 ns/op
WorkloadResult   3: 2097152 op, 766912986.00 ns, 365.6926 ns/op
// GC:  0 0 0 64 2097152
// Threading:  0 0 2097152

// AfterAll
// Benchmark Process 282055 has exited with code 0.

Mean = 365.501 ns, StdErr = 0.105 ns (0.03%), N = 3, StdDev = 0.182 ns
Min = 365.331 ns, Q1 = 365.405 ns, Median = 365.479 ns, Q3 = 365.586 ns, Max = 365.693 ns
IQR = 0.181 ns, LowerFence = 365.133 ns, UpperFence = 365.857 ns
ConfidenceInterval = [362.180 ns; 368.821 ns] (CI 99.9%), Margin = 3.321 ns (0.91% of Mean)
Skewness = 0.12, Kurtosis = 0.67, MValue = 2

// ** Remained 0 (0.0%) benchmark(s) to run. Estimated finish 2026-05-17 19:41 (0h 0m from now) **
// ***** BenchmarkRunner: Finish  *****

// * Export *
  BenchmarkDotNet.Artifacts/results/IAFahim.Collections.NoDeps.Bench.UnsafeListBench-report.csv
  BenchmarkDotNet.Artifacts/results/IAFahim.Collections.NoDeps.Bench.UnsafeListBench-report-github.md
  BenchmarkDotNet.Artifacts/results/IAFahim.Collections.NoDeps.Bench.UnsafeListBench-report.html

// * Detailed results *
UnsafeListBench.UnsafeList_Add: ShortRun(IterationCount=3, LaunchCount=1, WarmupCount=3) [N=64]
Runtime = .NET 10.0.7 (10.0.726.21808), X64 RyuJIT AVX2; GC = Concurrent Workstation
Mean = 83.281 ns, StdErr = 0.008 ns (0.01%), N = 3, StdDev = 0.013 ns
Min = 83.270 ns, Q1 = 83.273 ns, Median = 83.277 ns, Q3 = 83.286 ns, Max = 83.295 ns
IQR = 0.013 ns, LowerFence = 83.254 ns, UpperFence = 83.305 ns
ConfidenceInterval = [83.041 ns; 83.520 ns] (CI 99.9%), Margin = 0.240 ns (0.29% of Mean)
Skewness = 0.27, Kurtosis = 0.67, MValue = 2
-------------------- Histogram --------------------
[83.258 ns ; 83.307 ns) | @@@
---------------------------------------------------

UnsafeListBench.UnsafeList_AddRange: ShortRun(IterationCount=3, LaunchCount=1, WarmupCount=3) [N=64]
Runtime = .NET 10.0.7 (10.0.726.21808), X64 RyuJIT AVX2; GC = Concurrent Workstation
Mean = 42.025 ns, StdErr = 0.048 ns (0.11%), N = 3, StdDev = 0.084 ns
Min = 41.943 ns, Q1 = 41.982 ns, Median = 42.021 ns, Q3 = 42.066 ns, Max = 42.110 ns
IQR = 0.084 ns, LowerFence = 41.857 ns, UpperFence = 42.191 ns
ConfidenceInterval = [40.499 ns; 43.551 ns] (CI 99.9%), Margin = 1.526 ns (3.63% of Mean)
Skewness = 0.05, Kurtosis = 0.67, MValue = 2
-------------------- Histogram --------------------
[41.867 ns ; 42.187 ns) | @@@
---------------------------------------------------

UnsafeListBench.UnsafeList_ResizeUninitialized: ShortRun(IterationCount=3, LaunchCount=1, WarmupCount=3) [N=64]
Runtime = .NET 10.0.7 (10.0.726.21808), X64 RyuJIT AVX2; GC = Concurrent Workstation
Mean = 30.900 ns, StdErr = 0.007 ns (0.02%), N = 3, StdDev = 0.013 ns
Min = 30.891 ns, Q1 = 30.893 ns, Median = 30.895 ns, Q3 = 30.904 ns, Max = 30.914 ns
IQR = 0.012 ns, LowerFence = 30.875 ns, UpperFence = 30.922 ns
ConfidenceInterval = [30.670 ns; 31.130 ns] (CI 99.9%), Margin = 0.230 ns (0.74% of Mean)
Skewness = 0.34, Kurtosis = 0.67, MValue = 2
-------------------- Histogram --------------------
[30.879 ns ; 30.926 ns) | @@@
---------------------------------------------------

UnsafeListBench.UnsafeList_Add: ShortRun(IterationCount=3, LaunchCount=1, WarmupCount=3) [N=1024]
Runtime = .NET 10.0.7 (10.0.726.21808), X64 RyuJIT AVX2; GC = Concurrent Workstation
Mean = 969.130 ns, StdErr = 3.108 ns (0.32%), N = 3, StdDev = 5.383 ns
Min = 965.071 ns, Q1 = 966.077 ns, Median = 967.083 ns, Q3 = 971.160 ns, Max = 975.237 ns
IQR = 5.083 ns, LowerFence = 958.452 ns, UpperFence = 978.784 ns
ConfidenceInterval = [870.921 ns; 1,067.339 ns] (CI 99.9%), Margin = 98.209 ns (10.13% of Mean)
Skewness = 0.33, Kurtosis = 0.67, MValue = 2
-------------------- Histogram --------------------
[960.172 ns ; 975.738 ns) | @@@
---------------------------------------------------

UnsafeListBench.UnsafeList_AddRange: ShortRun(IterationCount=3, LaunchCount=1, WarmupCount=3) [N=1024]
Runtime = .NET 10.0.7 (10.0.726.21808), X64 RyuJIT AVX2; GC = Concurrent Workstation
Mean = 460.004 ns, StdErr = 2.389 ns (0.52%), N = 3, StdDev = 4.137 ns
Min = 457.374 ns, Q1 = 457.620 ns, Median = 457.866 ns, Q3 = 461.320 ns, Max = 464.773 ns
IQR = 3.700 ns, LowerFence = 452.071 ns, UpperFence = 466.869 ns
ConfidenceInterval = [384.529 ns; 535.479 ns] (CI 99.9%), Margin = 75.475 ns (16.41% of Mean)
Skewness = 0.38, Kurtosis = 0.67, MValue = 2
-------------------- Histogram --------------------
[457.309 ns ; 464.838 ns) | @@@
---------------------------------------------------

UnsafeListBench.UnsafeList_ResizeUninitialized: ShortRun(IterationCount=3, LaunchCount=1, WarmupCount=3) [N=1024]
Runtime = .NET 10.0.7 (10.0.726.21808), X64 RyuJIT AVX2; GC = Concurrent Workstation
Mean = 365.501 ns, StdErr = 0.105 ns (0.03%), N = 3, StdDev = 0.182 ns
Min = 365.331 ns, Q1 = 365.405 ns, Median = 365.479 ns, Q3 = 365.586 ns, Max = 365.693 ns
IQR = 0.181 ns, LowerFence = 365.133 ns, UpperFence = 365.857 ns
ConfidenceInterval = [362.180 ns; 368.821 ns] (CI 99.9%), Margin = 3.321 ns (0.91% of Mean)
Skewness = 0.12, Kurtosis = 0.67, MValue = 2
-------------------- Histogram --------------------
[365.165 ns ; 365.858 ns) | @@@
---------------------------------------------------

// * Summary *

BenchmarkDotNet v0.14.0, Ubuntu 26.04 LTS (Resolute Raccoon)
Intel Core i9-14900K, 1 CPU, 32 logical and 24 physical cores
.NET SDK 10.0.107
  [Host]   : .NET 10.0.7 (10.0.726.21808), X64 RyuJIT AVX2
  ShortRun : .NET 10.0.7 (10.0.726.21808), X64 RyuJIT AVX2

Job=ShortRun  IterationCount=3  LaunchCount=1  
WarmupCount=3  

| Method                         | N    | Mean      | Error     | StdDev   | Ratio | Allocated | Alloc Ratio |
|------------------------------- |----- |----------:|----------:|---------:|------:|----------:|------------:|
| UnsafeList_Add                 | 64   |  83.28 ns |  0.240 ns | 0.013 ns |  1.00 |         - |          NA |
| UnsafeList_AddRange            | 64   |  42.02 ns |  1.526 ns | 0.084 ns |  0.50 |         - |          NA |
| UnsafeList_ResizeUninitialized | 64   |  30.90 ns |  0.230 ns | 0.013 ns |  0.37 |         - |          NA |
|                                |      |           |           |          |       |           |             |
| UnsafeList_Add                 | 1024 | 969.13 ns | 98.209 ns | 5.383 ns |  1.00 |         - |          NA |
| UnsafeList_AddRange            | 1024 | 460.00 ns | 75.475 ns | 4.137 ns |  0.47 |         - |          NA |
| UnsafeList_ResizeUninitialized | 1024 | 365.50 ns |  3.321 ns | 0.182 ns |  0.38 |         - |          NA |

// * Legends *
  N           : Value of the 'N' parameter
  Mean        : Arithmetic mean of all measurements
  Error       : Half of 99.9% confidence interval
  StdDev      : Standard deviation of all measurements
  Ratio       : Mean of the ratio distribution ([Current]/[Baseline])
  Allocated   : Allocated memory per single operation (managed only, inclusive, 1KB = 1024B)
  Alloc Ratio : Allocated memory ratio distribution ([Current]/[Baseline])
  1 ns        : 1 Nanosecond (0.000000001 sec)

// * Diagnostic Output - MemoryDiagnoser *


// ***** BenchmarkRunner: End *****
Run time: 00:00:41 (41.98 sec), executed benchmarks: 6

Global total time: 00:00:46 (46.44 sec), executed benchmarks: 6
// * Artifacts cleanup *
Artifacts cleanup is finished
