// Validating benchmarks:
// ***** BenchmarkRunner: Start   *****
// ***** Found 6 benchmark(s) in total *****
// ***** Building 1 exe(s) in Parallel: Start   *****
// start dotnet  restore /p:UseSharedCompilation=false /p:BuildInParallel=false /m:1 /p:Deterministic=true /p:Optimize=true /p:IntermediateOutputPath="/home/i/GitHub/IAFahim.CS.New/bench/IAFahim.Sort.Insertion.Bench/bin/Release/net10.0/e8bb4795-1612-4f0e-aabd-f2a8989eb7d8/obj/Release/net10.0/" /p:OutDir="/home/i/GitHub/IAFahim.CS.New/bench/IAFahim.Sort.Insertion.Bench/bin/Release/net10.0/e8bb4795-1612-4f0e-aabd-f2a8989eb7d8/bin/Release/net10.0/" /p:OutputPath="/home/i/GitHub/IAFahim.CS.New/bench/IAFahim.Sort.Insertion.Bench/bin/Release/net10.0/e8bb4795-1612-4f0e-aabd-f2a8989eb7d8/bin/Release/net10.0/" in /home/i/GitHub/IAFahim.CS.New/bench/IAFahim.Sort.Insertion.Bench/bin/Release/net10.0/e8bb4795-1612-4f0e-aabd-f2a8989eb7d8
// command took 0.65 sec and exited with 0
// start dotnet  build -c Release --no-restore /p:UseSharedCompilation=false /p:BuildInParallel=false /m:1 /p:Deterministic=true /p:Optimize=true /p:IntermediateOutputPath="/home/i/GitHub/IAFahim.CS.New/bench/IAFahim.Sort.Insertion.Bench/bin/Release/net10.0/e8bb4795-1612-4f0e-aabd-f2a8989eb7d8/obj/Release/net10.0/" /p:OutDir="/home/i/GitHub/IAFahim.CS.New/bench/IAFahim.Sort.Insertion.Bench/bin/Release/net10.0/e8bb4795-1612-4f0e-aabd-f2a8989eb7d8/bin/Release/net10.0/" /p:OutputPath="/home/i/GitHub/IAFahim.CS.New/bench/IAFahim.Sort.Insertion.Bench/bin/Release/net10.0/e8bb4795-1612-4f0e-aabd-f2a8989eb7d8/bin/Release/net10.0/" --output "/home/i/GitHub/IAFahim.CS.New/bench/IAFahim.Sort.Insertion.Bench/bin/Release/net10.0/e8bb4795-1612-4f0e-aabd-f2a8989eb7d8/bin/Release/net10.0/" in /home/i/GitHub/IAFahim.CS.New/bench/IAFahim.Sort.Insertion.Bench/bin/Release/net10.0/e8bb4795-1612-4f0e-aabd-f2a8989eb7d8
// command took 3.62 sec and exited with 0
// ***** Done, took 00:00:04 (4.3 sec)   *****
// Found 6 benchmarks:
//   InsertionBench.SpanSort: Job-UBJCFN(InvocationCount=1, UnrollFactor=1) [N=64]
//   InsertionBench.InsertionSort: Job-UBJCFN(InvocationCount=1, UnrollFactor=1) [N=64]
//   InsertionBench.SpanSort: Job-UBJCFN(InvocationCount=1, UnrollFactor=1) [N=256]
//   InsertionBench.InsertionSort: Job-UBJCFN(InvocationCount=1, UnrollFactor=1) [N=256]
//   InsertionBench.SpanSort: Job-UBJCFN(InvocationCount=1, UnrollFactor=1) [N=1024]
//   InsertionBench.InsertionSort: Job-UBJCFN(InvocationCount=1, UnrollFactor=1) [N=1024]

// **************************
// Benchmark: InsertionBench.SpanSort: Job-UBJCFN(InvocationCount=1, UnrollFactor=1) [N=64]
// *** Execute ***
// Launch: 1 / 1
// Execute: dotnet e8bb4795-1612-4f0e-aabd-f2a8989eb7d8.dll --anonymousPipes 118 119 --benchmarkName "IAFahim.Sort.Bench.InsertionBench.SpanSort(N: 64)" --job "InvocationCount=1, UnrollFactor=1" --benchmarkId 0 in /home/i/GitHub/IAFahim.CS.New/bench/IAFahim.Sort.Insertion.Bench/bin/Release/net10.0/e8bb4795-1612-4f0e-aabd-f2a8989eb7d8/bin/Release/net10.0
// Failed to set up high priority (Permission denied). In order to run benchmarks with high priority, make sure you have the right permissions.
// BeforeAnythingElse

// Benchmark Process Environment Information:
// BenchmarkDotNet v0.14.0
// Runtime=.NET 10.0.7 (10.0.726.21808), X64 RyuJIT AVX2
// GC=Concurrent Workstation
// HardwareIntrinsics=AVX2,AES,BMI1,BMI2,FMA,LZCNT,PCLMUL,POPCNT,AvxVnni,SERIALIZE VectorSize=256
// Job: Job-UXQTOO(InvocationCount=1, UnrollFactor=1)

OverheadJitting  1: 1 op, 143963.00 ns, 143.9630 us/op
WorkloadJitting  1: 1 op, 707323.00 ns, 707.3230 us/op

OverheadWarmup   1: 1 op, 177.00 ns, 177.0000 ns/op
OverheadWarmup   2: 1 op, 132.00 ns, 132.0000 ns/op
OverheadWarmup   3: 1 op, 34.00 ns, 34.0000 ns/op
OverheadWarmup   4: 1 op, 37.00 ns, 37.0000 ns/op
OverheadWarmup   5: 1 op, 109.00 ns, 109.0000 ns/op
OverheadWarmup   6: 1 op, 43.00 ns, 43.0000 ns/op
OverheadWarmup   7: 1 op, 47.00 ns, 47.0000 ns/op
OverheadWarmup   8: 1 op, 46.00 ns, 46.0000 ns/op

OverheadActual   1: 1 op, 154.00 ns, 154.0000 ns/op
OverheadActual   2: 1 op, 158.00 ns, 158.0000 ns/op
OverheadActual   3: 1 op, 144.00 ns, 144.0000 ns/op
OverheadActual   4: 1 op, 128.00 ns, 128.0000 ns/op
OverheadActual   5: 1 op, 124.00 ns, 124.0000 ns/op
OverheadActual   6: 1 op, 54.00 ns, 54.0000 ns/op
OverheadActual   7: 1 op, 39.00 ns, 39.0000 ns/op
OverheadActual   8: 1 op, 28.00 ns, 28.0000 ns/op
OverheadActual   9: 1 op, 35.00 ns, 35.0000 ns/op
OverheadActual  10: 1 op, 47.00 ns, 47.0000 ns/op
OverheadActual  11: 1 op, 32.00 ns, 32.0000 ns/op
OverheadActual  12: 1 op, 34.00 ns, 34.0000 ns/op
OverheadActual  13: 1 op, 49.00 ns, 49.0000 ns/op
OverheadActual  14: 1 op, 50.00 ns, 50.0000 ns/op
OverheadActual  15: 1 op, 34.00 ns, 34.0000 ns/op
OverheadActual  16: 1 op, 34.00 ns, 34.0000 ns/op
OverheadActual  17: 1 op, 34.00 ns, 34.0000 ns/op
OverheadActual  18: 1 op, 119.00 ns, 119.0000 ns/op
OverheadActual  19: 1 op, 77.00 ns, 77.0000 ns/op
OverheadActual  20: 1 op, 38.00 ns, 38.0000 ns/op

WorkloadWarmup   1: 1 op, 7791.00 ns, 7.7910 us/op
WorkloadWarmup   2: 1 op, 3742.00 ns, 3.7420 us/op
WorkloadWarmup   3: 1 op, 3577.00 ns, 3.5770 us/op
WorkloadWarmup   4: 1 op, 3419.00 ns, 3.4190 us/op
WorkloadWarmup   5: 1 op, 3389.00 ns, 3.3890 us/op
WorkloadWarmup   6: 1 op, 3386.00 ns, 3.3860 us/op
WorkloadWarmup   7: 1 op, 3392.00 ns, 3.3920 us/op
WorkloadWarmup   8: 1 op, 3375.00 ns, 3.3750 us/op
WorkloadWarmup   9: 1 op, 3422.00 ns, 3.4220 us/op
WorkloadWarmup  10: 1 op, 3341.00 ns, 3.3410 us/op

// BeforeActualRun
WorkloadActual   1: 1 op, 4248.00 ns, 4.2480 us/op
WorkloadActual   2: 1 op, 3671.00 ns, 3.6710 us/op
WorkloadActual   3: 1 op, 3581.00 ns, 3.5810 us/op
WorkloadActual   4: 1 op, 3489.00 ns, 3.4890 us/op
WorkloadActual   5: 1 op, 3476.00 ns, 3.4760 us/op
WorkloadActual   6: 1 op, 3479.00 ns, 3.4790 us/op
WorkloadActual   7: 1 op, 3314.00 ns, 3.3140 us/op
WorkloadActual   8: 1 op, 3410.00 ns, 3.4100 us/op
WorkloadActual   9: 1 op, 3462.00 ns, 3.4620 us/op
WorkloadActual  10: 1 op, 3373.00 ns, 3.3730 us/op
WorkloadActual  11: 1 op, 3314.00 ns, 3.3140 us/op
WorkloadActual  12: 1 op, 3290.00 ns, 3.2900 us/op
WorkloadActual  13: 1 op, 3394.00 ns, 3.3940 us/op
WorkloadActual  14: 1 op, 3381.00 ns, 3.3810 us/op
WorkloadActual  15: 1 op, 3416.00 ns, 3.4160 us/op
WorkloadActual  16: 1 op, 3336.00 ns, 3.3360 us/op
WorkloadActual  17: 1 op, 3310.00 ns, 3.3100 us/op
WorkloadActual  18: 1 op, 3337.00 ns, 3.3370 us/op
WorkloadActual  19: 1 op, 3355.00 ns, 3.3550 us/op
WorkloadActual  20: 1 op, 3403.00 ns, 3.4030 us/op
WorkloadActual  21: 1 op, 3328.00 ns, 3.3280 us/op
WorkloadActual  22: 1 op, 3349.00 ns, 3.3490 us/op
WorkloadActual  23: 1 op, 3470.00 ns, 3.4700 us/op
WorkloadActual  24: 1 op, 3294.00 ns, 3.2940 us/op
WorkloadActual  25: 1 op, 3412.00 ns, 3.4120 us/op
WorkloadActual  26: 1 op, 3328.00 ns, 3.3280 us/op
WorkloadActual  27: 1 op, 3418.00 ns, 3.4180 us/op

// AfterActualRun
WorkloadResult   1: 1 op, 3533.00 ns, 3.5330 us/op
WorkloadResult   2: 1 op, 3441.00 ns, 3.4410 us/op
WorkloadResult   3: 1 op, 3428.00 ns, 3.4280 us/op
WorkloadResult   4: 1 op, 3431.00 ns, 3.4310 us/op
WorkloadResult   5: 1 op, 3266.00 ns, 3.2660 us/op
WorkloadResult   6: 1 op, 3362.00 ns, 3.3620 us/op
WorkloadResult   7: 1 op, 3414.00 ns, 3.4140 us/op
WorkloadResult   8: 1 op, 3325.00 ns, 3.3250 us/op
WorkloadResult   9: 1 op, 3266.00 ns, 3.2660 us/op
WorkloadResult  10: 1 op, 3242.00 ns, 3.2420 us/op
WorkloadResult  11: 1 op, 3346.00 ns, 3.3460 us/op
WorkloadResult  12: 1 op, 3333.00 ns, 3.3330 us/op
WorkloadResult  13: 1 op, 3368.00 ns, 3.3680 us/op
WorkloadResult  14: 1 op, 3288.00 ns, 3.2880 us/op
WorkloadResult  15: 1 op, 3262.00 ns, 3.2620 us/op
WorkloadResult  16: 1 op, 3289.00 ns, 3.2890 us/op
WorkloadResult  17: 1 op, 3307.00 ns, 3.3070 us/op
WorkloadResult  18: 1 op, 3355.00 ns, 3.3550 us/op
WorkloadResult  19: 1 op, 3280.00 ns, 3.2800 us/op
WorkloadResult  20: 1 op, 3301.00 ns, 3.3010 us/op
WorkloadResult  21: 1 op, 3422.00 ns, 3.4220 us/op
WorkloadResult  22: 1 op, 3246.00 ns, 3.2460 us/op
WorkloadResult  23: 1 op, 3364.00 ns, 3.3640 us/op
WorkloadResult  24: 1 op, 3280.00 ns, 3.2800 us/op
WorkloadResult  25: 1 op, 3370.00 ns, 3.3700 us/op
// GC:  0 0 0 64 1
// Threading:  0 0 1

// AfterAll
// Benchmark Process 222402 has exited with code 0.

Mean = 3.341 μs, StdErr = 0.015 μs (0.44%), N = 25, StdDev = 0.073 μs
Min = 3.242 μs, Q1 = 3.280 μs, Median = 3.333 μs, Q3 = 3.370 μs, Max = 3.533 μs
IQR = 0.090 μs, LowerFence = 3.145 μs, UpperFence = 3.505 μs
ConfidenceInterval = [3.286 μs; 3.396 μs] (CI 99.9%), Margin = 0.055 μs (1.65% of Mean)
Skewness = 0.66, Kurtosis = 2.73, MValue = 2

// ** Remained 5 (83.3%) benchmark(s) to run. Estimated finish 2026-05-17 18:03 (0h 0m from now) **
// **************************
// Benchmark: InsertionBench.InsertionSort: Job-UBJCFN(InvocationCount=1, UnrollFactor=1) [N=64]
// *** Execute ***
// Launch: 1 / 1
// Execute: dotnet e8bb4795-1612-4f0e-aabd-f2a8989eb7d8.dll --anonymousPipes 118 119 --benchmarkName "IAFahim.Sort.Bench.InsertionBench.InsertionSort(N: 64)" --job "InvocationCount=1, UnrollFactor=1" --benchmarkId 1 in /home/i/GitHub/IAFahim.CS.New/bench/IAFahim.Sort.Insertion.Bench/bin/Release/net10.0/e8bb4795-1612-4f0e-aabd-f2a8989eb7d8/bin/Release/net10.0
// Failed to set up high priority (Permission denied). In order to run benchmarks with high priority, make sure you have the right permissions.
// BeforeAnythingElse

// Benchmark Process Environment Information:
// BenchmarkDotNet v0.14.0
// Runtime=.NET 10.0.7 (10.0.726.21808), X64 RyuJIT AVX2
// GC=Concurrent Workstation
// HardwareIntrinsics=AVX2,AES,BMI1,BMI2,FMA,LZCNT,PCLMUL,POPCNT,AvxVnni,SERIALIZE VectorSize=256
// Job: Job-GOKWUX(InvocationCount=1, UnrollFactor=1)

OverheadJitting  1: 1 op, 149068.00 ns, 149.0680 us/op
WorkloadJitting  1: 1 op, 268607.00 ns, 268.6070 us/op

OverheadWarmup   1: 1 op, 150.00 ns, 150.0000 ns/op
OverheadWarmup   2: 1 op, 69.00 ns, 69.0000 ns/op
OverheadWarmup   3: 1 op, 35.00 ns, 35.0000 ns/op
OverheadWarmup   4: 1 op, 36.00 ns, 36.0000 ns/op
OverheadWarmup   5: 1 op, 116.00 ns, 116.0000 ns/op
OverheadWarmup   6: 1 op, 43.00 ns, 43.0000 ns/op
OverheadWarmup   7: 1 op, 29.00 ns, 29.0000 ns/op
OverheadWarmup   8: 1 op, 27.00 ns, 27.0000 ns/op
OverheadWarmup   9: 1 op, 36.00 ns, 36.0000 ns/op
OverheadWarmup  10: 1 op, 35.00 ns, 35.0000 ns/op

OverheadActual   1: 1 op, 143.00 ns, 143.0000 ns/op
OverheadActual   2: 1 op, 146.00 ns, 146.0000 ns/op
OverheadActual   3: 1 op, 146.00 ns, 146.0000 ns/op
OverheadActual   4: 1 op, 44.00 ns, 44.0000 ns/op
OverheadActual   5: 1 op, 124.00 ns, 124.0000 ns/op
OverheadActual   6: 1 op, 45.00 ns, 45.0000 ns/op
OverheadActual   7: 1 op, 34.00 ns, 34.0000 ns/op
OverheadActual   8: 1 op, 39.00 ns, 39.0000 ns/op
OverheadActual   9: 1 op, 34.00 ns, 34.0000 ns/op
OverheadActual  10: 1 op, 34.00 ns, 34.0000 ns/op
OverheadActual  11: 1 op, 34.00 ns, 34.0000 ns/op
OverheadActual  12: 1 op, 35.00 ns, 35.0000 ns/op
OverheadActual  13: 1 op, 35.00 ns, 35.0000 ns/op
OverheadActual  14: 1 op, 35.00 ns, 35.0000 ns/op
OverheadActual  15: 1 op, 31.00 ns, 31.0000 ns/op
OverheadActual  16: 1 op, 35.00 ns, 35.0000 ns/op
OverheadActual  17: 1 op, 34.00 ns, 34.0000 ns/op
OverheadActual  18: 1 op, 121.00 ns, 121.0000 ns/op
OverheadActual  19: 1 op, 61.00 ns, 61.0000 ns/op
OverheadActual  20: 1 op, 33.00 ns, 33.0000 ns/op

WorkloadWarmup   1: 1 op, 7243.00 ns, 7.2430 us/op
WorkloadWarmup   2: 1 op, 6802.00 ns, 6.8020 us/op
WorkloadWarmup   3: 1 op, 6779.00 ns, 6.7790 us/op
WorkloadWarmup   4: 1 op, 6743.00 ns, 6.7430 us/op
WorkloadWarmup   5: 1 op, 6651.00 ns, 6.6510 us/op
WorkloadWarmup   6: 1 op, 6593.00 ns, 6.5930 us/op
WorkloadWarmup   7: 1 op, 6943.00 ns, 6.9430 us/op
WorkloadWarmup   8: 1 op, 9843.00 ns, 9.8430 us/op
WorkloadWarmup   9: 1 op, 230855.00 ns, 230.8550 us/op
WorkloadWarmup  10: 1 op, 10032.00 ns, 10.0320 us/op
WorkloadWarmup  11: 1 op, 9775.00 ns, 9.7750 us/op
WorkloadWarmup  12: 1 op, 9203.00 ns, 9.2030 us/op
WorkloadWarmup  13: 1 op, 9519.00 ns, 9.5190 us/op
WorkloadWarmup  14: 1 op, 9571.00 ns, 9.5710 us/op
WorkloadWarmup  15: 1 op, 9370.00 ns, 9.3700 us/op

// BeforeActualRun
WorkloadActual   1: 1 op, 10460.00 ns, 10.4600 us/op
WorkloadActual   2: 1 op, 7489.00 ns, 7.4890 us/op
WorkloadActual   3: 1 op, 7298.00 ns, 7.2980 us/op
WorkloadActual   4: 1 op, 7259.00 ns, 7.2590 us/op
WorkloadActual   5: 1 op, 7051.00 ns, 7.0510 us/op
WorkloadActual   6: 1 op, 7067.00 ns, 7.0670 us/op
WorkloadActual   7: 1 op, 6587.00 ns, 6.5870 us/op
WorkloadActual   8: 1 op, 6711.00 ns, 6.7110 us/op
WorkloadActual   9: 1 op, 6803.00 ns, 6.8030 us/op
WorkloadActual  10: 1 op, 6400.00 ns, 6.4000 us/op
WorkloadActual  11: 1 op, 6361.00 ns, 6.3610 us/op
WorkloadActual  12: 1 op, 6457.00 ns, 6.4570 us/op
WorkloadActual  13: 1 op, 6195.00 ns, 6.1950 us/op
WorkloadActual  14: 1 op, 6283.00 ns, 6.2830 us/op
WorkloadActual  15: 1 op, 6339.00 ns, 6.3390 us/op
WorkloadActual  16: 1 op, 6552.00 ns, 6.5520 us/op
WorkloadActual  17: 1 op, 6464.00 ns, 6.4640 us/op
WorkloadActual  18: 1 op, 6558.00 ns, 6.5580 us/op
WorkloadActual  19: 1 op, 6377.00 ns, 6.3770 us/op
WorkloadActual  20: 1 op, 5786.00 ns, 5.7860 us/op
WorkloadActual  21: 1 op, 5403.00 ns, 5.4030 us/op
WorkloadActual  22: 1 op, 5436.00 ns, 5.4360 us/op
WorkloadActual  23: 1 op, 5431.00 ns, 5.4310 us/op
WorkloadActual  24: 1 op, 5621.00 ns, 5.6210 us/op
WorkloadActual  25: 1 op, 5648.00 ns, 5.6480 us/op
WorkloadActual  26: 1 op, 5761.00 ns, 5.7610 us/op
WorkloadActual  27: 1 op, 5815.00 ns, 5.8150 us/op
WorkloadActual  28: 1 op, 5438.00 ns, 5.4380 us/op
WorkloadActual  29: 1 op, 5457.00 ns, 5.4570 us/op
WorkloadActual  30: 1 op, 5705.00 ns, 5.7050 us/op
WorkloadActual  31: 1 op, 5571.00 ns, 5.5710 us/op
WorkloadActual  32: 1 op, 5379.00 ns, 5.3790 us/op
WorkloadActual  33: 1 op, 5735.00 ns, 5.7350 us/op
WorkloadActual  34: 1 op, 5539.00 ns, 5.5390 us/op
WorkloadActual  35: 1 op, 5361.00 ns, 5.3610 us/op
WorkloadActual  36: 1 op, 5432.00 ns, 5.4320 us/op
WorkloadActual  37: 1 op, 5657.00 ns, 5.6570 us/op
WorkloadActual  38: 1 op, 5563.00 ns, 5.5630 us/op
WorkloadActual  39: 1 op, 5653.00 ns, 5.6530 us/op
WorkloadActual  40: 1 op, 5304.00 ns, 5.3040 us/op
WorkloadActual  41: 1 op, 5906.00 ns, 5.9060 us/op
WorkloadActual  42: 1 op, 6087.00 ns, 6.0870 us/op
WorkloadActual  43: 1 op, 5976.00 ns, 5.9760 us/op
WorkloadActual  44: 1 op, 5736.00 ns, 5.7360 us/op
WorkloadActual  45: 1 op, 5850.00 ns, 5.8500 us/op
WorkloadActual  46: 1 op, 5793.00 ns, 5.7930 us/op
WorkloadActual  47: 1 op, 5686.00 ns, 5.6860 us/op
WorkloadActual  48: 1 op, 5527.00 ns, 5.5270 us/op
WorkloadActual  49: 1 op, 5325.00 ns, 5.3250 us/op
WorkloadActual  50: 1 op, 5419.00 ns, 5.4190 us/op
WorkloadActual  51: 1 op, 5465.00 ns, 5.4650 us/op
WorkloadActual  52: 1 op, 5443.00 ns, 5.4430 us/op
WorkloadActual  53: 1 op, 5479.00 ns, 5.4790 us/op
WorkloadActual  54: 1 op, 5602.00 ns, 5.6020 us/op
WorkloadActual  55: 1 op, 5616.00 ns, 5.6160 us/op
WorkloadActual  56: 1 op, 5254.00 ns, 5.2540 us/op
WorkloadActual  57: 1 op, 5126.00 ns, 5.1260 us/op
WorkloadActual  58: 1 op, 5227.00 ns, 5.2270 us/op
WorkloadActual  59: 1 op, 5069.00 ns, 5.0690 us/op
WorkloadActual  60: 1 op, 4989.00 ns, 4.9890 us/op
WorkloadActual  61: 1 op, 5351.00 ns, 5.3510 us/op
WorkloadActual  62: 1 op, 5021.00 ns, 5.0210 us/op
WorkloadActual  63: 1 op, 4937.00 ns, 4.9370 us/op
WorkloadActual  64: 1 op, 4975.00 ns, 4.9750 us/op
WorkloadActual  65: 1 op, 4981.00 ns, 4.9810 us/op
WorkloadActual  66: 1 op, 4979.00 ns, 4.9790 us/op
WorkloadActual  67: 1 op, 5098.00 ns, 5.0980 us/op
WorkloadActual  68: 1 op, 4812.00 ns, 4.8120 us/op
WorkloadActual  69: 1 op, 4828.00 ns, 4.8280 us/op
WorkloadActual  70: 1 op, 5046.00 ns, 5.0460 us/op
WorkloadActual  71: 1 op, 5060.00 ns, 5.0600 us/op
WorkloadActual  72: 1 op, 4980.00 ns, 4.9800 us/op
WorkloadActual  73: 1 op, 5091.00 ns, 5.0910 us/op
WorkloadActual  74: 1 op, 4961.00 ns, 4.9610 us/op
WorkloadActual  75: 1 op, 4835.00 ns, 4.8350 us/op
WorkloadActual  76: 1 op, 4920.00 ns, 4.9200 us/op
WorkloadActual  77: 1 op, 4971.00 ns, 4.9710 us/op
WorkloadActual  78: 1 op, 4998.00 ns, 4.9980 us/op
WorkloadActual  79: 1 op, 5084.00 ns, 5.0840 us/op
WorkloadActual  80: 1 op, 4985.00 ns, 4.9850 us/op
WorkloadActual  81: 1 op, 5080.00 ns, 5.0800 us/op
WorkloadActual  82: 1 op, 4974.00 ns, 4.9740 us/op
WorkloadActual  83: 1 op, 5001.00 ns, 5.0010 us/op
WorkloadActual  84: 1 op, 4963.00 ns, 4.9630 us/op
WorkloadActual  85: 1 op, 5291.00 ns, 5.2910 us/op
WorkloadActual  86: 1 op, 4995.00 ns, 4.9950 us/op
WorkloadActual  87: 1 op, 4919.00 ns, 4.9190 us/op
WorkloadActual  88: 1 op, 8735.00 ns, 8.7350 us/op
WorkloadActual  89: 1 op, 4934.00 ns, 4.9340 us/op
WorkloadActual  90: 1 op, 5015.00 ns, 5.0150 us/op
WorkloadActual  91: 1 op, 5000.00 ns, 5.0000 us/op
WorkloadActual  92: 1 op, 4983.00 ns, 4.9830 us/op
WorkloadActual  93: 1 op, 4932.00 ns, 4.9320 us/op
WorkloadActual  94: 1 op, 5134.00 ns, 5.1340 us/op
WorkloadActual  95: 1 op, 5123.00 ns, 5.1230 us/op
WorkloadActual  96: 1 op, 4846.00 ns, 4.8460 us/op
WorkloadActual  97: 1 op, 4925.00 ns, 4.9250 us/op
WorkloadActual  98: 1 op, 5044.00 ns, 5.0440 us/op
WorkloadActual  99: 1 op, 4954.00 ns, 4.9540 us/op
WorkloadActual  100: 1 op, 5041.00 ns, 5.0410 us/op

// AfterActualRun
WorkloadResult   1: 1 op, 6552.00 ns, 6.5520 us/op
WorkloadResult   2: 1 op, 6676.00 ns, 6.6760 us/op
WorkloadResult   3: 1 op, 6768.00 ns, 6.7680 us/op
WorkloadResult   4: 1 op, 6365.00 ns, 6.3650 us/op
WorkloadResult   5: 1 op, 6326.00 ns, 6.3260 us/op
WorkloadResult   6: 1 op, 6422.00 ns, 6.4220 us/op
WorkloadResult   7: 1 op, 6160.00 ns, 6.1600 us/op
WorkloadResult   8: 1 op, 6248.00 ns, 6.2480 us/op
WorkloadResult   9: 1 op, 6304.00 ns, 6.3040 us/op
WorkloadResult  10: 1 op, 6517.00 ns, 6.5170 us/op
WorkloadResult  11: 1 op, 6429.00 ns, 6.4290 us/op
WorkloadResult  12: 1 op, 6523.00 ns, 6.5230 us/op
WorkloadResult  13: 1 op, 6342.00 ns, 6.3420 us/op
WorkloadResult  14: 1 op, 5751.00 ns, 5.7510 us/op
WorkloadResult  15: 1 op, 5368.00 ns, 5.3680 us/op
WorkloadResult  16: 1 op, 5401.00 ns, 5.4010 us/op
WorkloadResult  17: 1 op, 5396.00 ns, 5.3960 us/op
WorkloadResult  18: 1 op, 5586.00 ns, 5.5860 us/op
WorkloadResult  19: 1 op, 5613.00 ns, 5.6130 us/op
WorkloadResult  20: 1 op, 5726.00 ns, 5.7260 us/op
WorkloadResult  21: 1 op, 5780.00 ns, 5.7800 us/op
WorkloadResult  22: 1 op, 5403.00 ns, 5.4030 us/op
WorkloadResult  23: 1 op, 5422.00 ns, 5.4220 us/op
WorkloadResult  24: 1 op, 5670.00 ns, 5.6700 us/op
WorkloadResult  25: 1 op, 5536.00 ns, 5.5360 us/op
WorkloadResult  26: 1 op, 5344.00 ns, 5.3440 us/op
WorkloadResult  27: 1 op, 5700.00 ns, 5.7000 us/op
WorkloadResult  28: 1 op, 5504.00 ns, 5.5040 us/op
WorkloadResult  29: 1 op, 5326.00 ns, 5.3260 us/op
WorkloadResult  30: 1 op, 5397.00 ns, 5.3970 us/op
WorkloadResult  31: 1 op, 5622.00 ns, 5.6220 us/op
WorkloadResult  32: 1 op, 5528.00 ns, 5.5280 us/op
WorkloadResult  33: 1 op, 5618.00 ns, 5.6180 us/op
WorkloadResult  34: 1 op, 5269.00 ns, 5.2690 us/op
WorkloadResult  35: 1 op, 5871.00 ns, 5.8710 us/op
WorkloadResult  36: 1 op, 6052.00 ns, 6.0520 us/op
WorkloadResult  37: 1 op, 5941.00 ns, 5.9410 us/op
WorkloadResult  38: 1 op, 5701.00 ns, 5.7010 us/op
WorkloadResult  39: 1 op, 5815.00 ns, 5.8150 us/op
WorkloadResult  40: 1 op, 5758.00 ns, 5.7580 us/op
WorkloadResult  41: 1 op, 5651.00 ns, 5.6510 us/op
WorkloadResult  42: 1 op, 5492.00 ns, 5.4920 us/op
WorkloadResult  43: 1 op, 5290.00 ns, 5.2900 us/op
WorkloadResult  44: 1 op, 5384.00 ns, 5.3840 us/op
WorkloadResult  45: 1 op, 5430.00 ns, 5.4300 us/op
WorkloadResult  46: 1 op, 5408.00 ns, 5.4080 us/op
WorkloadResult  47: 1 op, 5444.00 ns, 5.4440 us/op
WorkloadResult  48: 1 op, 5567.00 ns, 5.5670 us/op
WorkloadResult  49: 1 op, 5581.00 ns, 5.5810 us/op
WorkloadResult  50: 1 op, 5219.00 ns, 5.2190 us/op
WorkloadResult  51: 1 op, 5091.00 ns, 5.0910 us/op
WorkloadResult  52: 1 op, 5192.00 ns, 5.1920 us/op
WorkloadResult  53: 1 op, 5034.00 ns, 5.0340 us/op
WorkloadResult  54: 1 op, 4954.00 ns, 4.9540 us/op
WorkloadResult  55: 1 op, 5316.00 ns, 5.3160 us/op
WorkloadResult  56: 1 op, 4986.00 ns, 4.9860 us/op
WorkloadResult  57: 1 op, 4902.00 ns, 4.9020 us/op
WorkloadResult  58: 1 op, 4940.00 ns, 4.9400 us/op
WorkloadResult  59: 1 op, 4946.00 ns, 4.9460 us/op
WorkloadResult  60: 1 op, 4944.00 ns, 4.9440 us/op
WorkloadResult  61: 1 op, 5063.00 ns, 5.0630 us/op
WorkloadResult  62: 1 op, 4777.00 ns, 4.7770 us/op
WorkloadResult  63: 1 op, 4793.00 ns, 4.7930 us/op
WorkloadResult  64: 1 op, 5011.00 ns, 5.0110 us/op
WorkloadResult  65: 1 op, 5025.00 ns, 5.0250 us/op
WorkloadResult  66: 1 op, 4945.00 ns, 4.9450 us/op
WorkloadResult  67: 1 op, 5056.00 ns, 5.0560 us/op
WorkloadResult  68: 1 op, 4926.00 ns, 4.9260 us/op
WorkloadResult  69: 1 op, 4800.00 ns, 4.8000 us/op
WorkloadResult  70: 1 op, 4885.00 ns, 4.8850 us/op
WorkloadResult  71: 1 op, 4936.00 ns, 4.9360 us/op
WorkloadResult  72: 1 op, 4963.00 ns, 4.9630 us/op
WorkloadResult  73: 1 op, 5049.00 ns, 5.0490 us/op
WorkloadResult  74: 1 op, 4950.00 ns, 4.9500 us/op
WorkloadResult  75: 1 op, 5045.00 ns, 5.0450 us/op
WorkloadResult  76: 1 op, 4939.00 ns, 4.9390 us/op
WorkloadResult  77: 1 op, 4966.00 ns, 4.9660 us/op
WorkloadResult  78: 1 op, 4928.00 ns, 4.9280 us/op
WorkloadResult  79: 1 op, 5256.00 ns, 5.2560 us/op
WorkloadResult  80: 1 op, 4960.00 ns, 4.9600 us/op
WorkloadResult  81: 1 op, 4884.00 ns, 4.8840 us/op
WorkloadResult  82: 1 op, 4899.00 ns, 4.8990 us/op
WorkloadResult  83: 1 op, 4980.00 ns, 4.9800 us/op
WorkloadResult  84: 1 op, 4965.00 ns, 4.9650 us/op
WorkloadResult  85: 1 op, 4948.00 ns, 4.9480 us/op
WorkloadResult  86: 1 op, 4897.00 ns, 4.8970 us/op
WorkloadResult  87: 1 op, 5099.00 ns, 5.0990 us/op
WorkloadResult  88: 1 op, 5088.00 ns, 5.0880 us/op
WorkloadResult  89: 1 op, 4811.00 ns, 4.8110 us/op
WorkloadResult  90: 1 op, 4890.00 ns, 4.8900 us/op
WorkloadResult  91: 1 op, 5009.00 ns, 5.0090 us/op
WorkloadResult  92: 1 op, 4919.00 ns, 4.9190 us/op
WorkloadResult  93: 1 op, 5006.00 ns, 5.0060 us/op
// GC:  0 0 0 64 1
// Threading:  0 0 1

// AfterAll
// Benchmark Process 222412 has exited with code 0.

Mean = 5.410 μs, StdErr = 0.054 μs (0.99%), N = 93, StdDev = 0.519 μs
Min = 4.777 μs, Q1 = 4.963 μs, Median = 5.326 μs, Q3 = 5.670 μs, Max = 6.768 μs
IQR = 0.707 μs, LowerFence = 3.902 μs, UpperFence = 6.731 μs
ConfidenceInterval = [5.228 μs; 5.593 μs] (CI 99.9%), Margin = 0.183 μs (3.38% of Mean)
Skewness = 0.9, Kurtosis = 2.82, MValue = 2.92

// ** Remained 4 (66.7%) benchmark(s) to run. Estimated finish 2026-05-17 18:03 (0h 0m from now) **
// **************************
// Benchmark: InsertionBench.SpanSort: Job-UBJCFN(InvocationCount=1, UnrollFactor=1) [N=256]
// *** Execute ***
// Launch: 1 / 1
// Execute: dotnet e8bb4795-1612-4f0e-aabd-f2a8989eb7d8.dll --anonymousPipes 118 119 --benchmarkName "IAFahim.Sort.Bench.InsertionBench.SpanSort(N: 256)" --job "InvocationCount=1, UnrollFactor=1" --benchmarkId 2 in /home/i/GitHub/IAFahim.CS.New/bench/IAFahim.Sort.Insertion.Bench/bin/Release/net10.0/e8bb4795-1612-4f0e-aabd-f2a8989eb7d8/bin/Release/net10.0
// Failed to set up high priority (Permission denied). In order to run benchmarks with high priority, make sure you have the right permissions.
// BeforeAnythingElse

// Benchmark Process Environment Information:
// BenchmarkDotNet v0.14.0
// Runtime=.NET 10.0.7 (10.0.726.21808), X64 RyuJIT AVX2
// GC=Concurrent Workstation
// HardwareIntrinsics=AVX2,AES,BMI1,BMI2,FMA,LZCNT,PCLMUL,POPCNT,AvxVnni,SERIALIZE VectorSize=256
// Job: Job-QQYQSV(InvocationCount=1, UnrollFactor=1)

OverheadJitting  1: 1 op, 152760.00 ns, 152.7600 us/op
WorkloadJitting  1: 1 op, 749478.00 ns, 749.4780 us/op

OverheadWarmup   1: 1 op, 179.00 ns, 179.0000 ns/op
OverheadWarmup   2: 1 op, 51.00 ns, 51.0000 ns/op
OverheadWarmup   3: 1 op, 44.00 ns, 44.0000 ns/op
OverheadWarmup   4: 1 op, 39.00 ns, 39.0000 ns/op
OverheadWarmup   5: 1 op, 166.00 ns, 166.0000 ns/op
OverheadWarmup   6: 1 op, 55.00 ns, 55.0000 ns/op
OverheadWarmup   7: 1 op, 24.00 ns, 24.0000 ns/op
OverheadWarmup   8: 1 op, 26.00 ns, 26.0000 ns/op
OverheadWarmup   9: 1 op, 29.00 ns, 29.0000 ns/op
OverheadWarmup  10: 1 op, 29.00 ns, 29.0000 ns/op

OverheadActual   1: 1 op, 179.00 ns, 179.0000 ns/op
OverheadActual   2: 1 op, 152.00 ns, 152.0000 ns/op
OverheadActual   3: 1 op, 141.00 ns, 141.0000 ns/op
OverheadActual   4: 1 op, 64.00 ns, 64.0000 ns/op
OverheadActual   5: 1 op, 139.00 ns, 139.0000 ns/op
OverheadActual   6: 1 op, 75.00 ns, 75.0000 ns/op
OverheadActual   7: 1 op, 27.00 ns, 27.0000 ns/op
OverheadActual   8: 1 op, 25.00 ns, 25.0000 ns/op
OverheadActual   9: 1 op, 31.00 ns, 31.0000 ns/op
OverheadActual  10: 1 op, 30.00 ns, 30.0000 ns/op
OverheadActual  11: 1 op, 30.00 ns, 30.0000 ns/op
OverheadActual  12: 1 op, 29.00 ns, 29.0000 ns/op
OverheadActual  13: 1 op, 30.00 ns, 30.0000 ns/op
OverheadActual  14: 1 op, 29.00 ns, 29.0000 ns/op
OverheadActual  15: 1 op, 28.00 ns, 28.0000 ns/op
OverheadActual  16: 1 op, 29.00 ns, 29.0000 ns/op
OverheadActual  17: 1 op, 28.00 ns, 28.0000 ns/op
OverheadActual  18: 1 op, 127.00 ns, 127.0000 ns/op
OverheadActual  19: 1 op, 81.00 ns, 81.0000 ns/op
OverheadActual  20: 1 op, 26.00 ns, 26.0000 ns/op

WorkloadWarmup   1: 1 op, 21694.00 ns, 21.6940 us/op
WorkloadWarmup   2: 1 op, 16925.00 ns, 16.9250 us/op
WorkloadWarmup   3: 1 op, 16603.00 ns, 16.6030 us/op
WorkloadWarmup   4: 1 op, 16569.00 ns, 16.5690 us/op
WorkloadWarmup   5: 1 op, 16462.00 ns, 16.4620 us/op
WorkloadWarmup   6: 1 op, 16520.00 ns, 16.5200 us/op
WorkloadWarmup   7: 1 op, 16440.00 ns, 16.4400 us/op
WorkloadWarmup   8: 1 op, 16313.00 ns, 16.3130 us/op
WorkloadWarmup   9: 1 op, 16322.00 ns, 16.3220 us/op
WorkloadWarmup  10: 1 op, 16217.00 ns, 16.2170 us/op

// BeforeActualRun
WorkloadActual   1: 1 op, 17658.00 ns, 17.6580 us/op
WorkloadActual   2: 1 op, 17197.00 ns, 17.1970 us/op
WorkloadActual   3: 1 op, 16920.00 ns, 16.9200 us/op
WorkloadActual   4: 1 op, 17296.00 ns, 17.2960 us/op
WorkloadActual   5: 1 op, 21259.00 ns, 21.2590 us/op
WorkloadActual   6: 1 op, 23473.00 ns, 23.4730 us/op
WorkloadActual   7: 1 op, 23408.00 ns, 23.4080 us/op
WorkloadActual   8: 1 op, 23336.00 ns, 23.3360 us/op
WorkloadActual   9: 1 op, 23619.00 ns, 23.6190 us/op
WorkloadActual  10: 1 op, 23186.00 ns, 23.1860 us/op
WorkloadActual  11: 1 op, 23409.00 ns, 23.4090 us/op
WorkloadActual  12: 1 op, 22696.00 ns, 22.6960 us/op
WorkloadActual  13: 1 op, 22697.00 ns, 22.6970 us/op
WorkloadActual  14: 1 op, 23240.00 ns, 23.2400 us/op
WorkloadActual  15: 1 op, 23090.00 ns, 23.0900 us/op
WorkloadActual  16: 1 op, 23029.00 ns, 23.0290 us/op
WorkloadActual  17: 1 op, 22809.00 ns, 22.8090 us/op
WorkloadActual  18: 1 op, 22790.00 ns, 22.7900 us/op
WorkloadActual  19: 1 op, 22733.00 ns, 22.7330 us/op
WorkloadActual  20: 1 op, 24936.00 ns, 24.9360 us/op
WorkloadActual  21: 1 op, 23938.00 ns, 23.9380 us/op
WorkloadActual  22: 1 op, 23655.00 ns, 23.6550 us/op
WorkloadActual  23: 1 op, 24315.00 ns, 24.3150 us/op
WorkloadActual  24: 1 op, 25694.00 ns, 25.6940 us/op
WorkloadActual  25: 1 op, 24373.00 ns, 24.3730 us/op
WorkloadActual  26: 1 op, 26206.00 ns, 26.2060 us/op
WorkloadActual  27: 1 op, 24997.00 ns, 24.9970 us/op
WorkloadActual  28: 1 op, 25409.00 ns, 25.4090 us/op
WorkloadActual  29: 1 op, 25302.00 ns, 25.3020 us/op
WorkloadActual  30: 1 op, 24951.00 ns, 24.9510 us/op
WorkloadActual  31: 1 op, 26018.00 ns, 26.0180 us/op
WorkloadActual  32: 1 op, 25932.00 ns, 25.9320 us/op
WorkloadActual  33: 1 op, 25857.00 ns, 25.8570 us/op
WorkloadActual  34: 1 op, 25827.00 ns, 25.8270 us/op
WorkloadActual  35: 1 op, 26538.00 ns, 26.5380 us/op
WorkloadActual  36: 1 op, 26138.00 ns, 26.1380 us/op
WorkloadActual  37: 1 op, 25937.00 ns, 25.9370 us/op
WorkloadActual  38: 1 op, 26490.00 ns, 26.4900 us/op
WorkloadActual  39: 1 op, 26138.00 ns, 26.1380 us/op
WorkloadActual  40: 1 op, 25544.00 ns, 25.5440 us/op
WorkloadActual  41: 1 op, 26237.00 ns, 26.2370 us/op
WorkloadActual  42: 1 op, 25850.00 ns, 25.8500 us/op
WorkloadActual  43: 1 op, 26583.00 ns, 26.5830 us/op
WorkloadActual  44: 1 op, 26344.00 ns, 26.3440 us/op
WorkloadActual  45: 1 op, 26436.00 ns, 26.4360 us/op
WorkloadActual  46: 1 op, 26844.00 ns, 26.8440 us/op
WorkloadActual  47: 1 op, 26628.00 ns, 26.6280 us/op
WorkloadActual  48: 1 op, 25845.00 ns, 25.8450 us/op
WorkloadActual  49: 1 op, 26052.00 ns, 26.0520 us/op
WorkloadActual  50: 1 op, 25374.00 ns, 25.3740 us/op
WorkloadActual  51: 1 op, 24144.00 ns, 24.1440 us/op
WorkloadActual  52: 1 op, 22516.00 ns, 22.5160 us/op
WorkloadActual  53: 1 op, 22445.00 ns, 22.4450 us/op
WorkloadActual  54: 1 op, 23980.00 ns, 23.9800 us/op
WorkloadActual  55: 1 op, 22890.00 ns, 22.8900 us/op
WorkloadActual  56: 1 op, 23640.00 ns, 23.6400 us/op
WorkloadActual  57: 1 op, 22463.00 ns, 22.4630 us/op
WorkloadActual  58: 1 op, 22784.00 ns, 22.7840 us/op
WorkloadActual  59: 1 op, 22604.00 ns, 22.6040 us/op
WorkloadActual  60: 1 op, 22683.00 ns, 22.6830 us/op
WorkloadActual  61: 1 op, 22324.00 ns, 22.3240 us/op
WorkloadActual  62: 1 op, 22209.00 ns, 22.2090 us/op
WorkloadActual  63: 1 op, 22146.00 ns, 22.1460 us/op
WorkloadActual  64: 1 op, 22001.00 ns, 22.0010 us/op
WorkloadActual  65: 1 op, 22183.00 ns, 22.1830 us/op
WorkloadActual  66: 1 op, 22372.00 ns, 22.3720 us/op
WorkloadActual  67: 1 op, 23009.00 ns, 23.0090 us/op
WorkloadActual  68: 1 op, 22764.00 ns, 22.7640 us/op
WorkloadActual  69: 1 op, 22458.00 ns, 22.4580 us/op
WorkloadActual  70: 1 op, 22277.00 ns, 22.2770 us/op
WorkloadActual  71: 1 op, 22422.00 ns, 22.4220 us/op
WorkloadActual  72: 1 op, 22208.00 ns, 22.2080 us/op
WorkloadActual  73: 1 op, 22318.00 ns, 22.3180 us/op
WorkloadActual  74: 1 op, 22009.00 ns, 22.0090 us/op
WorkloadActual  75: 1 op, 22102.00 ns, 22.1020 us/op
WorkloadActual  76: 1 op, 21921.00 ns, 21.9210 us/op
WorkloadActual  77: 1 op, 24932.00 ns, 24.9320 us/op
WorkloadActual  78: 1 op, 22579.00 ns, 22.5790 us/op
WorkloadActual  79: 1 op, 22435.00 ns, 22.4350 us/op
WorkloadActual  80: 1 op, 21891.00 ns, 21.8910 us/op
WorkloadActual  81: 1 op, 22727.00 ns, 22.7270 us/op
WorkloadActual  82: 1 op, 21638.00 ns, 21.6380 us/op
WorkloadActual  83: 1 op, 21976.00 ns, 21.9760 us/op
WorkloadActual  84: 1 op, 21696.00 ns, 21.6960 us/op
WorkloadActual  85: 1 op, 21979.00 ns, 21.9790 us/op
WorkloadActual  86: 1 op, 21882.00 ns, 21.8820 us/op
WorkloadActual  87: 1 op, 21760.00 ns, 21.7600 us/op
WorkloadActual  88: 1 op, 22548.00 ns, 22.5480 us/op
WorkloadActual  89: 1 op, 21799.00 ns, 21.7990 us/op
WorkloadActual  90: 1 op, 21653.00 ns, 21.6530 us/op
WorkloadActual  91: 1 op, 21610.00 ns, 21.6100 us/op
WorkloadActual  92: 1 op, 21825.00 ns, 21.8250 us/op
WorkloadActual  93: 1 op, 22135.00 ns, 22.1350 us/op
WorkloadActual  94: 1 op, 22157.00 ns, 22.1570 us/op
WorkloadActual  95: 1 op, 21986.00 ns, 21.9860 us/op
WorkloadActual  96: 1 op, 22460.00 ns, 22.4600 us/op
WorkloadActual  97: 1 op, 21644.00 ns, 21.6440 us/op
WorkloadActual  98: 1 op, 22463.00 ns, 22.4630 us/op
WorkloadActual  99: 1 op, 22381.00 ns, 22.3810 us/op
WorkloadActual  100: 1 op, 21572.00 ns, 21.5720 us/op

// AfterActualRun
WorkloadResult   1: 1 op, 17628.00 ns, 17.6280 us/op
WorkloadResult   2: 1 op, 17167.00 ns, 17.1670 us/op
WorkloadResult   3: 1 op, 16890.00 ns, 16.8900 us/op
WorkloadResult   4: 1 op, 17266.00 ns, 17.2660 us/op
WorkloadResult   5: 1 op, 21229.00 ns, 21.2290 us/op
WorkloadResult   6: 1 op, 23443.00 ns, 23.4430 us/op
WorkloadResult   7: 1 op, 23378.00 ns, 23.3780 us/op
WorkloadResult   8: 1 op, 23306.00 ns, 23.3060 us/op
WorkloadResult   9: 1 op, 23589.00 ns, 23.5890 us/op
WorkloadResult  10: 1 op, 23156.00 ns, 23.1560 us/op
WorkloadResult  11: 1 op, 23379.00 ns, 23.3790 us/op
WorkloadResult  12: 1 op, 22666.00 ns, 22.6660 us/op
WorkloadResult  13: 1 op, 22667.00 ns, 22.6670 us/op
WorkloadResult  14: 1 op, 23210.00 ns, 23.2100 us/op
WorkloadResult  15: 1 op, 23060.00 ns, 23.0600 us/op
WorkloadResult  16: 1 op, 22999.00 ns, 22.9990 us/op
WorkloadResult  17: 1 op, 22779.00 ns, 22.7790 us/op
WorkloadResult  18: 1 op, 22760.00 ns, 22.7600 us/op
WorkloadResult  19: 1 op, 22703.00 ns, 22.7030 us/op
WorkloadResult  20: 1 op, 24906.00 ns, 24.9060 us/op
WorkloadResult  21: 1 op, 23908.00 ns, 23.9080 us/op
WorkloadResult  22: 1 op, 23625.00 ns, 23.6250 us/op
WorkloadResult  23: 1 op, 24285.00 ns, 24.2850 us/op
WorkloadResult  24: 1 op, 25664.00 ns, 25.6640 us/op
WorkloadResult  25: 1 op, 24343.00 ns, 24.3430 us/op
WorkloadResult  26: 1 op, 26176.00 ns, 26.1760 us/op
WorkloadResult  27: 1 op, 24967.00 ns, 24.9670 us/op
WorkloadResult  28: 1 op, 25379.00 ns, 25.3790 us/op
WorkloadResult  29: 1 op, 25272.00 ns, 25.2720 us/op
WorkloadResult  30: 1 op, 24921.00 ns, 24.9210 us/op
WorkloadResult  31: 1 op, 25988.00 ns, 25.9880 us/op
WorkloadResult  32: 1 op, 25902.00 ns, 25.9020 us/op
WorkloadResult  33: 1 op, 25827.00 ns, 25.8270 us/op
WorkloadResult  34: 1 op, 25797.00 ns, 25.7970 us/op
WorkloadResult  35: 1 op, 26508.00 ns, 26.5080 us/op
WorkloadResult  36: 1 op, 26108.00 ns, 26.1080 us/op
WorkloadResult  37: 1 op, 25907.00 ns, 25.9070 us/op
WorkloadResult  38: 1 op, 26460.00 ns, 26.4600 us/op
WorkloadResult  39: 1 op, 26108.00 ns, 26.1080 us/op
WorkloadResult  40: 1 op, 25514.00 ns, 25.5140 us/op
WorkloadResult  41: 1 op, 26207.00 ns, 26.2070 us/op
WorkloadResult  42: 1 op, 25820.00 ns, 25.8200 us/op
WorkloadResult  43: 1 op, 26553.00 ns, 26.5530 us/op
WorkloadResult  44: 1 op, 26314.00 ns, 26.3140 us/op
WorkloadResult  45: 1 op, 26406.00 ns, 26.4060 us/op
WorkloadResult  46: 1 op, 26814.00 ns, 26.8140 us/op
WorkloadResult  47: 1 op, 26598.00 ns, 26.5980 us/op
WorkloadResult  48: 1 op, 25815.00 ns, 25.8150 us/op
WorkloadResult  49: 1 op, 26022.00 ns, 26.0220 us/op
WorkloadResult  50: 1 op, 25344.00 ns, 25.3440 us/op
WorkloadResult  51: 1 op, 24114.00 ns, 24.1140 us/op
WorkloadResult  52: 1 op, 22486.00 ns, 22.4860 us/op
WorkloadResult  53: 1 op, 22415.00 ns, 22.4150 us/op
WorkloadResult  54: 1 op, 23950.00 ns, 23.9500 us/op
WorkloadResult  55: 1 op, 22860.00 ns, 22.8600 us/op
WorkloadResult  56: 1 op, 23610.00 ns, 23.6100 us/op
WorkloadResult  57: 1 op, 22433.00 ns, 22.4330 us/op
WorkloadResult  58: 1 op, 22754.00 ns, 22.7540 us/op
WorkloadResult  59: 1 op, 22574.00 ns, 22.5740 us/op
WorkloadResult  60: 1 op, 22653.00 ns, 22.6530 us/op
WorkloadResult  61: 1 op, 22294.00 ns, 22.2940 us/op
WorkloadResult  62: 1 op, 22179.00 ns, 22.1790 us/op
WorkloadResult  63: 1 op, 22116.00 ns, 22.1160 us/op
WorkloadResult  64: 1 op, 21971.00 ns, 21.9710 us/op
WorkloadResult  65: 1 op, 22153.00 ns, 22.1530 us/op
WorkloadResult  66: 1 op, 22342.00 ns, 22.3420 us/op
WorkloadResult  67: 1 op, 22979.00 ns, 22.9790 us/op
WorkloadResult  68: 1 op, 22734.00 ns, 22.7340 us/op
WorkloadResult  69: 1 op, 22428.00 ns, 22.4280 us/op
WorkloadResult  70: 1 op, 22247.00 ns, 22.2470 us/op
WorkloadResult  71: 1 op, 22392.00 ns, 22.3920 us/op
WorkloadResult  72: 1 op, 22178.00 ns, 22.1780 us/op
WorkloadResult  73: 1 op, 22288.00 ns, 22.2880 us/op
WorkloadResult  74: 1 op, 21979.00 ns, 21.9790 us/op
WorkloadResult  75: 1 op, 22072.00 ns, 22.0720 us/op
WorkloadResult  76: 1 op, 21891.00 ns, 21.8910 us/op
WorkloadResult  77: 1 op, 24902.00 ns, 24.9020 us/op
WorkloadResult  78: 1 op, 22549.00 ns, 22.5490 us/op
WorkloadResult  79: 1 op, 22405.00 ns, 22.4050 us/op
WorkloadResult  80: 1 op, 21861.00 ns, 21.8610 us/op
WorkloadResult  81: 1 op, 22697.00 ns, 22.6970 us/op
WorkloadResult  82: 1 op, 21608.00 ns, 21.6080 us/op
WorkloadResult  83: 1 op, 21946.00 ns, 21.9460 us/op
WorkloadResult  84: 1 op, 21666.00 ns, 21.6660 us/op
WorkloadResult  85: 1 op, 21949.00 ns, 21.9490 us/op
WorkloadResult  86: 1 op, 21852.00 ns, 21.8520 us/op
WorkloadResult  87: 1 op, 21730.00 ns, 21.7300 us/op
WorkloadResult  88: 1 op, 22518.00 ns, 22.5180 us/op
WorkloadResult  89: 1 op, 21769.00 ns, 21.7690 us/op
WorkloadResult  90: 1 op, 21623.00 ns, 21.6230 us/op
WorkloadResult  91: 1 op, 21580.00 ns, 21.5800 us/op
WorkloadResult  92: 1 op, 21795.00 ns, 21.7950 us/op
WorkloadResult  93: 1 op, 22105.00 ns, 22.1050 us/op
WorkloadResult  94: 1 op, 22127.00 ns, 22.1270 us/op
WorkloadResult  95: 1 op, 21956.00 ns, 21.9560 us/op
WorkloadResult  96: 1 op, 22430.00 ns, 22.4300 us/op
WorkloadResult  97: 1 op, 21614.00 ns, 21.6140 us/op
WorkloadResult  98: 1 op, 22433.00 ns, 22.4330 us/op
WorkloadResult  99: 1 op, 22351.00 ns, 22.3510 us/op
WorkloadResult  100: 1 op, 21542.00 ns, 21.5420 us/op
// GC:  0 0 0 64 1
// Threading:  0 0 1

// AfterAll
// Benchmark Process 222421 has exited with code 0.

Mean = 23.258 μs, StdErr = 0.204 μs (0.88%), N = 100, StdDev = 2.042 μs
Min = 16.890 μs, Q1 = 22.124 μs, Median = 22.718 μs, Q3 = 24.933 μs, Max = 26.814 μs
IQR = 2.808 μs, LowerFence = 17.912 μs, UpperFence = 29.145 μs
ConfidenceInterval = [22.566 μs; 23.951 μs] (CI 99.9%), Margin = 0.693 μs (2.98% of Mean)
Skewness = -0.47, Kurtosis = 4.06, MValue = 2.7

// ** Remained 3 (50.0%) benchmark(s) to run. Estimated finish 2026-05-17 18:03 (0h 0m from now) **
// **************************
// Benchmark: InsertionBench.InsertionSort: Job-UBJCFN(InvocationCount=1, UnrollFactor=1) [N=256]
// *** Execute ***
// Launch: 1 / 1
// Execute: dotnet e8bb4795-1612-4f0e-aabd-f2a8989eb7d8.dll --anonymousPipes 118 119 --benchmarkName "IAFahim.Sort.Bench.InsertionBench.InsertionSort(N: 256)" --job "InvocationCount=1, UnrollFactor=1" --benchmarkId 3 in /home/i/GitHub/IAFahim.CS.New/bench/IAFahim.Sort.Insertion.Bench/bin/Release/net10.0/e8bb4795-1612-4f0e-aabd-f2a8989eb7d8/bin/Release/net10.0
// Failed to set up high priority (Permission denied). In order to run benchmarks with high priority, make sure you have the right permissions.
// BeforeAnythingElse

// Benchmark Process Environment Information:
// BenchmarkDotNet v0.14.0
// Runtime=.NET 10.0.7 (10.0.726.21808), X64 RyuJIT AVX2
// GC=Concurrent Workstation
// HardwareIntrinsics=AVX2,AES,BMI1,BMI2,FMA,LZCNT,PCLMUL,POPCNT,AvxVnni,SERIALIZE VectorSize=256
// Job: Job-ARILQM(InvocationCount=1, UnrollFactor=1)

OverheadJitting  1: 1 op, 139491.00 ns, 139.4910 us/op
WorkloadJitting  1: 1 op, 512334.00 ns, 512.3340 us/op

OverheadWarmup   1: 1 op, 172.00 ns, 172.0000 ns/op
OverheadWarmup   2: 1 op, 161.00 ns, 161.0000 ns/op
OverheadWarmup   3: 1 op, 51.00 ns, 51.0000 ns/op
OverheadWarmup   4: 1 op, 34.00 ns, 34.0000 ns/op
OverheadWarmup   5: 1 op, 133.00 ns, 133.0000 ns/op
OverheadWarmup   6: 1 op, 69.00 ns, 69.0000 ns/op
OverheadWarmup   7: 1 op, 28.00 ns, 28.0000 ns/op
OverheadWarmup   8: 1 op, 34.00 ns, 34.0000 ns/op
OverheadWarmup   9: 1 op, 28.00 ns, 28.0000 ns/op

OverheadActual   1: 1 op, 148.00 ns, 148.0000 ns/op
OverheadActual   2: 1 op, 149.00 ns, 149.0000 ns/op
OverheadActual   3: 1 op, 138.00 ns, 138.0000 ns/op
OverheadActual   4: 1 op, 101.00 ns, 101.0000 ns/op
OverheadActual   5: 1 op, 141.00 ns, 141.0000 ns/op
OverheadActual   6: 1 op, 35.00 ns, 35.0000 ns/op
OverheadActual   7: 1 op, 38.00 ns, 38.0000 ns/op
OverheadActual   8: 1 op, 37.00 ns, 37.0000 ns/op
OverheadActual   9: 1 op, 36.00 ns, 36.0000 ns/op
OverheadActual  10: 1 op, 36.00 ns, 36.0000 ns/op
OverheadActual  11: 1 op, 37.00 ns, 37.0000 ns/op
OverheadActual  12: 1 op, 33.00 ns, 33.0000 ns/op
OverheadActual  13: 1 op, 35.00 ns, 35.0000 ns/op
OverheadActual  14: 1 op, 34.00 ns, 34.0000 ns/op
OverheadActual  15: 1 op, 33.00 ns, 33.0000 ns/op
OverheadActual  16: 1 op, 37.00 ns, 37.0000 ns/op
OverheadActual  17: 1 op, 37.00 ns, 37.0000 ns/op
OverheadActual  18: 1 op, 127.00 ns, 127.0000 ns/op
OverheadActual  19: 1 op, 38.00 ns, 38.0000 ns/op
OverheadActual  20: 1 op, 54.00 ns, 54.0000 ns/op

WorkloadWarmup   1: 1 op, 19424.00 ns, 19.4240 us/op
WorkloadWarmup   2: 1 op, 17279.00 ns, 17.2790 us/op
WorkloadWarmup   3: 1 op, 17387.00 ns, 17.3870 us/op
WorkloadWarmup   4: 1 op, 16398.00 ns, 16.3980 us/op
WorkloadWarmup   5: 1 op, 16868.00 ns, 16.8680 us/op
WorkloadWarmup   6: 1 op, 16955.00 ns, 16.9550 us/op
WorkloadWarmup   7: 1 op, 16695.00 ns, 16.6950 us/op

// BeforeActualRun
WorkloadActual   1: 1 op, 17115.00 ns, 17.1150 us/op
WorkloadActual   2: 1 op, 14460.00 ns, 14.4600 us/op
WorkloadActual   3: 1 op, 15021.00 ns, 15.0210 us/op
WorkloadActual   4: 1 op, 14294.00 ns, 14.2940 us/op
WorkloadActual   5: 1 op, 14638.00 ns, 14.6380 us/op
WorkloadActual   6: 1 op, 13897.00 ns, 13.8970 us/op
WorkloadActual   7: 1 op, 14007.00 ns, 14.0070 us/op
WorkloadActual   8: 1 op, 14060.00 ns, 14.0600 us/op
WorkloadActual   9: 1 op, 13378.00 ns, 13.3780 us/op
WorkloadActual  10: 1 op, 13737.00 ns, 13.7370 us/op
WorkloadActual  11: 1 op, 13498.00 ns, 13.4980 us/op
WorkloadActual  12: 1 op, 13371.00 ns, 13.3710 us/op
WorkloadActual  13: 1 op, 13538.00 ns, 13.5380 us/op
WorkloadActual  14: 1 op, 13407.00 ns, 13.4070 us/op
WorkloadActual  15: 1 op, 13716.00 ns, 13.7160 us/op
WorkloadActual  16: 1 op, 13580.00 ns, 13.5800 us/op
WorkloadActual  17: 1 op, 13548.00 ns, 13.5480 us/op
WorkloadActual  18: 1 op, 13196.00 ns, 13.1960 us/op
WorkloadActual  19: 1 op, 13788.00 ns, 13.7880 us/op
WorkloadActual  20: 1 op, 12749.00 ns, 12.7490 us/op
WorkloadActual  21: 1 op, 12509.00 ns, 12.5090 us/op
WorkloadActual  22: 1 op, 12412.00 ns, 12.4120 us/op
WorkloadActual  23: 1 op, 12818.00 ns, 12.8180 us/op
WorkloadActual  24: 1 op, 12797.00 ns, 12.7970 us/op
WorkloadActual  25: 1 op, 12635.00 ns, 12.6350 us/op
WorkloadActual  26: 1 op, 12401.00 ns, 12.4010 us/op
WorkloadActual  27: 1 op, 12642.00 ns, 12.6420 us/op
WorkloadActual  28: 1 op, 12636.00 ns, 12.6360 us/op
WorkloadActual  29: 1 op, 12828.00 ns, 12.8280 us/op
WorkloadActual  30: 1 op, 12576.00 ns, 12.5760 us/op
WorkloadActual  31: 1 op, 13033.00 ns, 13.0330 us/op
WorkloadActual  32: 1 op, 12571.00 ns, 12.5710 us/op
WorkloadActual  33: 1 op, 12877.00 ns, 12.8770 us/op
WorkloadActual  34: 1 op, 12746.00 ns, 12.7460 us/op
WorkloadActual  35: 1 op, 12339.00 ns, 12.3390 us/op
WorkloadActual  36: 1 op, 12753.00 ns, 12.7530 us/op
WorkloadActual  37: 1 op, 12748.00 ns, 12.7480 us/op
WorkloadActual  38: 1 op, 12735.00 ns, 12.7350 us/op
WorkloadActual  39: 1 op, 12636.00 ns, 12.6360 us/op
WorkloadActual  40: 1 op, 12449.00 ns, 12.4490 us/op
WorkloadActual  41: 1 op, 12706.00 ns, 12.7060 us/op
WorkloadActual  42: 1 op, 12669.00 ns, 12.6690 us/op
WorkloadActual  43: 1 op, 12577.00 ns, 12.5770 us/op
WorkloadActual  44: 1 op, 12441.00 ns, 12.4410 us/op
WorkloadActual  45: 1 op, 12584.00 ns, 12.5840 us/op
WorkloadActual  46: 1 op, 12582.00 ns, 12.5820 us/op
WorkloadActual  47: 1 op, 12530.00 ns, 12.5300 us/op
WorkloadActual  48: 1 op, 12577.00 ns, 12.5770 us/op
WorkloadActual  49: 1 op, 15031.00 ns, 15.0310 us/op
WorkloadActual  50: 1 op, 22767.00 ns, 22.7670 us/op
WorkloadActual  51: 1 op, 12810.00 ns, 12.8100 us/op
WorkloadActual  52: 1 op, 12891.00 ns, 12.8910 us/op
WorkloadActual  53: 1 op, 12784.00 ns, 12.7840 us/op
WorkloadActual  54: 1 op, 13102.00 ns, 13.1020 us/op
WorkloadActual  55: 1 op, 12556.00 ns, 12.5560 us/op
WorkloadActual  56: 1 op, 12444.00 ns, 12.4440 us/op
WorkloadActual  57: 1 op, 12017.00 ns, 12.0170 us/op
WorkloadActual  58: 1 op, 12090.00 ns, 12.0900 us/op
WorkloadActual  59: 1 op, 12131.00 ns, 12.1310 us/op
WorkloadActual  60: 1 op, 12327.00 ns, 12.3270 us/op
WorkloadActual  61: 1 op, 12089.00 ns, 12.0890 us/op
WorkloadActual  62: 1 op, 12824.00 ns, 12.8240 us/op
WorkloadActual  63: 1 op, 11914.00 ns, 11.9140 us/op
WorkloadActual  64: 1 op, 12203.00 ns, 12.2030 us/op
WorkloadActual  65: 1 op, 12134.00 ns, 12.1340 us/op
WorkloadActual  66: 1 op, 11906.00 ns, 11.9060 us/op
WorkloadActual  67: 1 op, 11998.00 ns, 11.9980 us/op
WorkloadActual  68: 1 op, 11824.00 ns, 11.8240 us/op
WorkloadActual  69: 1 op, 11910.00 ns, 11.9100 us/op
WorkloadActual  70: 1 op, 12182.00 ns, 12.1820 us/op
WorkloadActual  71: 1 op, 12078.00 ns, 12.0780 us/op
WorkloadActual  72: 1 op, 11899.00 ns, 11.8990 us/op
WorkloadActual  73: 1 op, 12060.00 ns, 12.0600 us/op
WorkloadActual  74: 1 op, 11989.00 ns, 11.9890 us/op
WorkloadActual  75: 1 op, 11987.00 ns, 11.9870 us/op
WorkloadActual  76: 1 op, 12063.00 ns, 12.0630 us/op
WorkloadActual  77: 1 op, 11812.00 ns, 11.8120 us/op
WorkloadActual  78: 1 op, 11799.00 ns, 11.7990 us/op
WorkloadActual  79: 1 op, 14026.00 ns, 14.0260 us/op
WorkloadActual  80: 1 op, 11773.00 ns, 11.7730 us/op
WorkloadActual  81: 1 op, 12066.00 ns, 12.0660 us/op
WorkloadActual  82: 1 op, 12158.00 ns, 12.1580 us/op
WorkloadActual  83: 1 op, 12111.00 ns, 12.1110 us/op
WorkloadActual  84: 1 op, 12243.00 ns, 12.2430 us/op
WorkloadActual  85: 1 op, 12156.00 ns, 12.1560 us/op
WorkloadActual  86: 1 op, 11958.00 ns, 11.9580 us/op
WorkloadActual  87: 1 op, 11895.00 ns, 11.8950 us/op
WorkloadActual  88: 1 op, 12013.00 ns, 12.0130 us/op
WorkloadActual  89: 1 op, 12087.00 ns, 12.0870 us/op

// AfterActualRun
WorkloadResult   1: 1 op, 14423.00 ns, 14.4230 us/op
WorkloadResult   2: 1 op, 14257.00 ns, 14.2570 us/op
WorkloadResult   3: 1 op, 13860.00 ns, 13.8600 us/op
WorkloadResult   4: 1 op, 13970.00 ns, 13.9700 us/op
WorkloadResult   5: 1 op, 14023.00 ns, 14.0230 us/op
WorkloadResult   6: 1 op, 13341.00 ns, 13.3410 us/op
WorkloadResult   7: 1 op, 13700.00 ns, 13.7000 us/op
WorkloadResult   8: 1 op, 13461.00 ns, 13.4610 us/op
WorkloadResult   9: 1 op, 13334.00 ns, 13.3340 us/op
WorkloadResult  10: 1 op, 13501.00 ns, 13.5010 us/op
WorkloadResult  11: 1 op, 13370.00 ns, 13.3700 us/op
WorkloadResult  12: 1 op, 13679.00 ns, 13.6790 us/op
WorkloadResult  13: 1 op, 13543.00 ns, 13.5430 us/op
WorkloadResult  14: 1 op, 13511.00 ns, 13.5110 us/op
WorkloadResult  15: 1 op, 13159.00 ns, 13.1590 us/op
WorkloadResult  16: 1 op, 13751.00 ns, 13.7510 us/op
WorkloadResult  17: 1 op, 12712.00 ns, 12.7120 us/op
WorkloadResult  18: 1 op, 12472.00 ns, 12.4720 us/op
WorkloadResult  19: 1 op, 12375.00 ns, 12.3750 us/op
WorkloadResult  20: 1 op, 12781.00 ns, 12.7810 us/op
WorkloadResult  21: 1 op, 12760.00 ns, 12.7600 us/op
WorkloadResult  22: 1 op, 12598.00 ns, 12.5980 us/op
WorkloadResult  23: 1 op, 12364.00 ns, 12.3640 us/op
WorkloadResult  24: 1 op, 12605.00 ns, 12.6050 us/op
WorkloadResult  25: 1 op, 12599.00 ns, 12.5990 us/op
WorkloadResult  26: 1 op, 12791.00 ns, 12.7910 us/op
WorkloadResult  27: 1 op, 12539.00 ns, 12.5390 us/op
WorkloadResult  28: 1 op, 12996.00 ns, 12.9960 us/op
WorkloadResult  29: 1 op, 12534.00 ns, 12.5340 us/op
WorkloadResult  30: 1 op, 12840.00 ns, 12.8400 us/op
WorkloadResult  31: 1 op, 12709.00 ns, 12.7090 us/op
WorkloadResult  32: 1 op, 12302.00 ns, 12.3020 us/op
WorkloadResult  33: 1 op, 12716.00 ns, 12.7160 us/op
WorkloadResult  34: 1 op, 12711.00 ns, 12.7110 us/op
WorkloadResult  35: 1 op, 12698.00 ns, 12.6980 us/op
WorkloadResult  36: 1 op, 12599.00 ns, 12.5990 us/op
WorkloadResult  37: 1 op, 12412.00 ns, 12.4120 us/op
WorkloadResult  38: 1 op, 12669.00 ns, 12.6690 us/op
WorkloadResult  39: 1 op, 12632.00 ns, 12.6320 us/op
WorkloadResult  40: 1 op, 12540.00 ns, 12.5400 us/op
WorkloadResult  41: 1 op, 12404.00 ns, 12.4040 us/op
WorkloadResult  42: 1 op, 12547.00 ns, 12.5470 us/op
WorkloadResult  43: 1 op, 12545.00 ns, 12.5450 us/op
WorkloadResult  44: 1 op, 12493.00 ns, 12.4930 us/op
WorkloadResult  45: 1 op, 12540.00 ns, 12.5400 us/op
WorkloadResult  46: 1 op, 12773.00 ns, 12.7730 us/op
WorkloadResult  47: 1 op, 12854.00 ns, 12.8540 us/op
WorkloadResult  48: 1 op, 12747.00 ns, 12.7470 us/op
WorkloadResult  49: 1 op, 13065.00 ns, 13.0650 us/op
WorkloadResult  50: 1 op, 12519.00 ns, 12.5190 us/op
WorkloadResult  51: 1 op, 12407.00 ns, 12.4070 us/op
WorkloadResult  52: 1 op, 11980.00 ns, 11.9800 us/op
WorkloadResult  53: 1 op, 12053.00 ns, 12.0530 us/op
WorkloadResult  54: 1 op, 12094.00 ns, 12.0940 us/op
WorkloadResult  55: 1 op, 12290.00 ns, 12.2900 us/op
WorkloadResult  56: 1 op, 12052.00 ns, 12.0520 us/op
WorkloadResult  57: 1 op, 12787.00 ns, 12.7870 us/op
WorkloadResult  58: 1 op, 11877.00 ns, 11.8770 us/op
WorkloadResult  59: 1 op, 12166.00 ns, 12.1660 us/op
WorkloadResult  60: 1 op, 12097.00 ns, 12.0970 us/op
WorkloadResult  61: 1 op, 11869.00 ns, 11.8690 us/op
WorkloadResult  62: 1 op, 11961.00 ns, 11.9610 us/op
WorkloadResult  63: 1 op, 11787.00 ns, 11.7870 us/op
WorkloadResult  64: 1 op, 11873.00 ns, 11.8730 us/op
WorkloadResult  65: 1 op, 12145.00 ns, 12.1450 us/op
WorkloadResult  66: 1 op, 12041.00 ns, 12.0410 us/op
WorkloadResult  67: 1 op, 11862.00 ns, 11.8620 us/op
WorkloadResult  68: 1 op, 12023.00 ns, 12.0230 us/op
WorkloadResult  69: 1 op, 11952.00 ns, 11.9520 us/op
WorkloadResult  70: 1 op, 11950.00 ns, 11.9500 us/op
WorkloadResult  71: 1 op, 12026.00 ns, 12.0260 us/op
WorkloadResult  72: 1 op, 11775.00 ns, 11.7750 us/op
WorkloadResult  73: 1 op, 11762.00 ns, 11.7620 us/op
WorkloadResult  74: 1 op, 13989.00 ns, 13.9890 us/op
WorkloadResult  75: 1 op, 11736.00 ns, 11.7360 us/op
WorkloadResult  76: 1 op, 12029.00 ns, 12.0290 us/op
WorkloadResult  77: 1 op, 12121.00 ns, 12.1210 us/op
WorkloadResult  78: 1 op, 12074.00 ns, 12.0740 us/op
WorkloadResult  79: 1 op, 12206.00 ns, 12.2060 us/op
WorkloadResult  80: 1 op, 12119.00 ns, 12.1190 us/op
WorkloadResult  81: 1 op, 11921.00 ns, 11.9210 us/op
WorkloadResult  82: 1 op, 11858.00 ns, 11.8580 us/op
WorkloadResult  83: 1 op, 11976.00 ns, 11.9760 us/op
WorkloadResult  84: 1 op, 12050.00 ns, 12.0500 us/op
// GC:  0 0 0 64 1
// Threading:  0 0 1

// AfterAll
// Benchmark Process 222430 has exited with code 0.

Mean = 12.610 μs, StdErr = 0.071 μs (0.57%), N = 84, StdDev = 0.655 μs
Min = 11.736 μs, Q1 = 12.053 μs, Median = 12.540 μs, Q3 = 12.803 μs, Max = 14.423 μs
IQR = 0.750 μs, LowerFence = 10.927 μs, UpperFence = 13.929 μs
ConfidenceInterval = [12.366 μs; 12.854 μs] (CI 99.9%), Margin = 0.244 μs (1.93% of Mean)
Skewness = 0.86, Kurtosis = 2.95, MValue = 3.46

// ** Remained 2 (33.3%) benchmark(s) to run. Estimated finish 2026-05-17 18:03 (0h 0m from now) **
// **************************
// Benchmark: InsertionBench.SpanSort: Job-UBJCFN(InvocationCount=1, UnrollFactor=1) [N=1024]
// *** Execute ***
// Launch: 1 / 1
// Execute: dotnet e8bb4795-1612-4f0e-aabd-f2a8989eb7d8.dll --anonymousPipes 118 119 --benchmarkName "IAFahim.Sort.Bench.InsertionBench.SpanSort(N: 1024)" --job "InvocationCount=1, UnrollFactor=1" --benchmarkId 4 in /home/i/GitHub/IAFahim.CS.New/bench/IAFahim.Sort.Insertion.Bench/bin/Release/net10.0/e8bb4795-1612-4f0e-aabd-f2a8989eb7d8/bin/Release/net10.0
// Failed to set up high priority (Permission denied). In order to run benchmarks with high priority, make sure you have the right permissions.
// BeforeAnythingElse

// Benchmark Process Environment Information:
// BenchmarkDotNet v0.14.0
// Runtime=.NET 10.0.7 (10.0.726.21808), X64 RyuJIT AVX2
// GC=Concurrent Workstation
// HardwareIntrinsics=AVX2,AES,BMI1,BMI2,FMA,LZCNT,PCLMUL,POPCNT,AvxVnni,SERIALIZE VectorSize=256
// Job: Job-WXAEKT(InvocationCount=1, UnrollFactor=1)

OverheadJitting  1: 1 op, 137614.00 ns, 137.6140 us/op
WorkloadJitting  1: 1 op, 798005.00 ns, 798.0050 us/op

OverheadWarmup   1: 1 op, 167.00 ns, 167.0000 ns/op
OverheadWarmup   2: 1 op, 63.00 ns, 63.0000 ns/op
OverheadWarmup   3: 1 op, 43.00 ns, 43.0000 ns/op
OverheadWarmup   4: 1 op, 34.00 ns, 34.0000 ns/op
OverheadWarmup   5: 1 op, 94.00 ns, 94.0000 ns/op
OverheadWarmup   6: 1 op, 56.00 ns, 56.0000 ns/op
OverheadWarmup   7: 1 op, 26.00 ns, 26.0000 ns/op
OverheadWarmup   8: 1 op, 41.00 ns, 41.0000 ns/op
OverheadWarmup   9: 1 op, 44.00 ns, 44.0000 ns/op
OverheadWarmup  10: 1 op, 41.00 ns, 41.0000 ns/op

OverheadActual   1: 1 op, 169.00 ns, 169.0000 ns/op
OverheadActual   2: 1 op, 159.00 ns, 159.0000 ns/op
OverheadActual   3: 1 op, 150.00 ns, 150.0000 ns/op
OverheadActual   4: 1 op, 39.00 ns, 39.0000 ns/op
OverheadActual   5: 1 op, 144.00 ns, 144.0000 ns/op
OverheadActual   6: 1 op, 59.00 ns, 59.0000 ns/op
OverheadActual   7: 1 op, 23.00 ns, 23.0000 ns/op
OverheadActual   8: 1 op, 31.00 ns, 31.0000 ns/op
OverheadActual   9: 1 op, 31.00 ns, 31.0000 ns/op
OverheadActual  10: 1 op, 31.00 ns, 31.0000 ns/op
OverheadActual  11: 1 op, 30.00 ns, 30.0000 ns/op
OverheadActual  12: 1 op, 35.00 ns, 35.0000 ns/op
OverheadActual  13: 1 op, 33.00 ns, 33.0000 ns/op
OverheadActual  14: 1 op, 33.00 ns, 33.0000 ns/op
OverheadActual  15: 1 op, 43.00 ns, 43.0000 ns/op
OverheadActual  16: 1 op, 27.00 ns, 27.0000 ns/op
OverheadActual  17: 1 op, 49.00 ns, 49.0000 ns/op
OverheadActual  18: 1 op, 103.00 ns, 103.0000 ns/op
OverheadActual  19: 1 op, 39.00 ns, 39.0000 ns/op
OverheadActual  20: 1 op, 26.00 ns, 26.0000 ns/op

WorkloadWarmup   1: 1 op, 91552.00 ns, 91.5520 us/op
WorkloadWarmup   2: 1 op, 86328.00 ns, 86.3280 us/op
WorkloadWarmup   3: 1 op, 103505.00 ns, 103.5050 us/op
WorkloadWarmup   4: 1 op, 130901.00 ns, 130.9010 us/op
WorkloadWarmup   5: 1 op, 137286.00 ns, 137.2860 us/op
WorkloadWarmup   6: 1 op, 138407.00 ns, 138.4070 us/op
WorkloadWarmup   7: 1 op, 133997.00 ns, 133.9970 us/op
WorkloadWarmup   8: 1 op, 127122.00 ns, 127.1220 us/op
WorkloadWarmup   9: 1 op, 497180.00 ns, 497.1800 us/op
WorkloadWarmup  10: 1 op, 130585.00 ns, 130.5850 us/op

// BeforeActualRun
WorkloadActual   1: 1 op, 126011.00 ns, 126.0110 us/op
WorkloadActual   2: 1 op, 118058.00 ns, 118.0580 us/op
WorkloadActual   3: 1 op, 117760.00 ns, 117.7600 us/op
WorkloadActual   4: 1 op, 113610.00 ns, 113.6100 us/op
WorkloadActual   5: 1 op, 112617.00 ns, 112.6170 us/op
WorkloadActual   6: 1 op, 110088.00 ns, 110.0880 us/op
WorkloadActual   7: 1 op, 110001.00 ns, 110.0010 us/op
WorkloadActual   8: 1 op, 114414.00 ns, 114.4140 us/op
WorkloadActual   9: 1 op, 112012.00 ns, 112.0120 us/op
WorkloadActual  10: 1 op, 110163.00 ns, 110.1630 us/op
WorkloadActual  11: 1 op, 105750.00 ns, 105.7500 us/op
WorkloadActual  12: 1 op, 107530.00 ns, 107.5300 us/op
WorkloadActual  13: 1 op, 105175.00 ns, 105.1750 us/op
WorkloadActual  14: 1 op, 103496.00 ns, 103.4960 us/op
WorkloadActual  15: 1 op, 103807.00 ns, 103.8070 us/op
WorkloadActual  16: 1 op, 99189.00 ns, 99.1890 us/op
WorkloadActual  17: 1 op, 101828.00 ns, 101.8280 us/op
WorkloadActual  18: 1 op, 99830.00 ns, 99.8300 us/op
WorkloadActual  19: 1 op, 101715.00 ns, 101.7150 us/op
WorkloadActual  20: 1 op, 99711.00 ns, 99.7110 us/op
WorkloadActual  21: 1 op, 100024.00 ns, 100.0240 us/op
WorkloadActual  22: 1 op, 98407.00 ns, 98.4070 us/op
WorkloadActual  23: 1 op, 101034.00 ns, 101.0340 us/op
WorkloadActual  24: 1 op, 98720.00 ns, 98.7200 us/op
WorkloadActual  25: 1 op, 98449.00 ns, 98.4490 us/op
WorkloadActual  26: 1 op, 101587.00 ns, 101.5870 us/op
WorkloadActual  27: 1 op, 96854.00 ns, 96.8540 us/op
WorkloadActual  28: 1 op, 98733.00 ns, 98.7330 us/op
WorkloadActual  29: 1 op, 100311.00 ns, 100.3110 us/op
WorkloadActual  30: 1 op, 97308.00 ns, 97.3080 us/op
WorkloadActual  31: 1 op, 98743.00 ns, 98.7430 us/op
WorkloadActual  32: 1 op, 98400.00 ns, 98.4000 us/op
WorkloadActual  33: 1 op, 98597.00 ns, 98.5970 us/op
WorkloadActual  34: 1 op, 95778.00 ns, 95.7780 us/op
WorkloadActual  35: 1 op, 94912.00 ns, 94.9120 us/op
WorkloadActual  36: 1 op, 95348.00 ns, 95.3480 us/op
WorkloadActual  37: 1 op, 97419.00 ns, 97.4190 us/op
WorkloadActual  38: 1 op, 95144.00 ns, 95.1440 us/op
WorkloadActual  39: 1 op, 94298.00 ns, 94.2980 us/op
WorkloadActual  40: 1 op, 96715.00 ns, 96.7150 us/op
WorkloadActual  41: 1 op, 94368.00 ns, 94.3680 us/op
WorkloadActual  42: 1 op, 92838.00 ns, 92.8380 us/op
WorkloadActual  43: 1 op, 92490.00 ns, 92.4900 us/op
WorkloadActual  44: 1 op, 93430.00 ns, 93.4300 us/op
WorkloadActual  45: 1 op, 93214.00 ns, 93.2140 us/op
WorkloadActual  46: 1 op, 92940.00 ns, 92.9400 us/op
WorkloadActual  47: 1 op, 96316.00 ns, 96.3160 us/op
WorkloadActual  48: 1 op, 93163.00 ns, 93.1630 us/op
WorkloadActual  49: 1 op, 92892.00 ns, 92.8920 us/op
WorkloadActual  50: 1 op, 92710.00 ns, 92.7100 us/op
WorkloadActual  51: 1 op, 93323.00 ns, 93.3230 us/op
WorkloadActual  52: 1 op, 92878.00 ns, 92.8780 us/op
WorkloadActual  53: 1 op, 91428.00 ns, 91.4280 us/op
WorkloadActual  54: 1 op, 94480.00 ns, 94.4800 us/op
WorkloadActual  55: 1 op, 93832.00 ns, 93.8320 us/op
WorkloadActual  56: 1 op, 91852.00 ns, 91.8520 us/op
WorkloadActual  57: 1 op, 91929.00 ns, 91.9290 us/op
WorkloadActual  58: 1 op, 91595.00 ns, 91.5950 us/op
WorkloadActual  59: 1 op, 91375.00 ns, 91.3750 us/op
WorkloadActual  60: 1 op, 92256.00 ns, 92.2560 us/op
WorkloadActual  61: 1 op, 91617.00 ns, 91.6170 us/op
WorkloadActual  62: 1 op, 91402.00 ns, 91.4020 us/op
WorkloadActual  63: 1 op, 90799.00 ns, 90.7990 us/op
WorkloadActual  64: 1 op, 91013.00 ns, 91.0130 us/op
WorkloadActual  65: 1 op, 91294.00 ns, 91.2940 us/op
WorkloadActual  66: 1 op, 92385.00 ns, 92.3850 us/op
WorkloadActual  67: 1 op, 93070.00 ns, 93.0700 us/op
WorkloadActual  68: 1 op, 92078.00 ns, 92.0780 us/op
WorkloadActual  69: 1 op, 91146.00 ns, 91.1460 us/op
WorkloadActual  70: 1 op, 90863.00 ns, 90.8630 us/op
WorkloadActual  71: 1 op, 93470.00 ns, 93.4700 us/op
WorkloadActual  72: 1 op, 89592.00 ns, 89.5920 us/op
WorkloadActual  73: 1 op, 91739.00 ns, 91.7390 us/op
WorkloadActual  74: 1 op, 91116.00 ns, 91.1160 us/op
WorkloadActual  75: 1 op, 91206.00 ns, 91.2060 us/op
WorkloadActual  76: 1 op, 91216.00 ns, 91.2160 us/op
WorkloadActual  77: 1 op, 92688.00 ns, 92.6880 us/op
WorkloadActual  78: 1 op, 94406.00 ns, 94.4060 us/op
WorkloadActual  79: 1 op, 90685.00 ns, 90.6850 us/op
WorkloadActual  80: 1 op, 92032.00 ns, 92.0320 us/op
WorkloadActual  81: 1 op, 92686.00 ns, 92.6860 us/op
WorkloadActual  82: 1 op, 93099.00 ns, 93.0990 us/op
WorkloadActual  83: 1 op, 92311.00 ns, 92.3110 us/op
WorkloadActual  84: 1 op, 93840.00 ns, 93.8400 us/op
WorkloadActual  85: 1 op, 93146.00 ns, 93.1460 us/op
WorkloadActual  86: 1 op, 92503.00 ns, 92.5030 us/op
WorkloadActual  87: 1 op, 93122.00 ns, 93.1220 us/op

// AfterActualRun
WorkloadResult   1: 1 op, 110051.00 ns, 110.0510 us/op
WorkloadResult   2: 1 op, 109964.00 ns, 109.9640 us/op
WorkloadResult   3: 1 op, 110126.00 ns, 110.1260 us/op
WorkloadResult   4: 1 op, 105713.00 ns, 105.7130 us/op
WorkloadResult   5: 1 op, 107493.00 ns, 107.4930 us/op
WorkloadResult   6: 1 op, 105138.00 ns, 105.1380 us/op
WorkloadResult   7: 1 op, 103459.00 ns, 103.4590 us/op
WorkloadResult   8: 1 op, 103770.00 ns, 103.7700 us/op
WorkloadResult   9: 1 op, 99152.00 ns, 99.1520 us/op
WorkloadResult  10: 1 op, 101791.00 ns, 101.7910 us/op
WorkloadResult  11: 1 op, 99793.00 ns, 99.7930 us/op
WorkloadResult  12: 1 op, 101678.00 ns, 101.6780 us/op
WorkloadResult  13: 1 op, 99674.00 ns, 99.6740 us/op
WorkloadResult  14: 1 op, 99987.00 ns, 99.9870 us/op
WorkloadResult  15: 1 op, 98370.00 ns, 98.3700 us/op
WorkloadResult  16: 1 op, 100997.00 ns, 100.9970 us/op
WorkloadResult  17: 1 op, 98683.00 ns, 98.6830 us/op
WorkloadResult  18: 1 op, 98412.00 ns, 98.4120 us/op
WorkloadResult  19: 1 op, 101550.00 ns, 101.5500 us/op
WorkloadResult  20: 1 op, 96817.00 ns, 96.8170 us/op
WorkloadResult  21: 1 op, 98696.00 ns, 98.6960 us/op
WorkloadResult  22: 1 op, 100274.00 ns, 100.2740 us/op
WorkloadResult  23: 1 op, 97271.00 ns, 97.2710 us/op
WorkloadResult  24: 1 op, 98706.00 ns, 98.7060 us/op
WorkloadResult  25: 1 op, 98363.00 ns, 98.3630 us/op
WorkloadResult  26: 1 op, 98560.00 ns, 98.5600 us/op
WorkloadResult  27: 1 op, 95741.00 ns, 95.7410 us/op
WorkloadResult  28: 1 op, 94875.00 ns, 94.8750 us/op
WorkloadResult  29: 1 op, 95311.00 ns, 95.3110 us/op
WorkloadResult  30: 1 op, 97382.00 ns, 97.3820 us/op
WorkloadResult  31: 1 op, 95107.00 ns, 95.1070 us/op
WorkloadResult  32: 1 op, 94261.00 ns, 94.2610 us/op
WorkloadResult  33: 1 op, 96678.00 ns, 96.6780 us/op
WorkloadResult  34: 1 op, 94331.00 ns, 94.3310 us/op
WorkloadResult  35: 1 op, 92801.00 ns, 92.8010 us/op
WorkloadResult  36: 1 op, 92453.00 ns, 92.4530 us/op
WorkloadResult  37: 1 op, 93393.00 ns, 93.3930 us/op
WorkloadResult  38: 1 op, 93177.00 ns, 93.1770 us/op
WorkloadResult  39: 1 op, 92903.00 ns, 92.9030 us/op
WorkloadResult  40: 1 op, 96279.00 ns, 96.2790 us/op
WorkloadResult  41: 1 op, 93126.00 ns, 93.1260 us/op
WorkloadResult  42: 1 op, 92855.00 ns, 92.8550 us/op
WorkloadResult  43: 1 op, 92673.00 ns, 92.6730 us/op
WorkloadResult  44: 1 op, 93286.00 ns, 93.2860 us/op
WorkloadResult  45: 1 op, 92841.00 ns, 92.8410 us/op
WorkloadResult  46: 1 op, 91391.00 ns, 91.3910 us/op
WorkloadResult  47: 1 op, 94443.00 ns, 94.4430 us/op
WorkloadResult  48: 1 op, 93795.00 ns, 93.7950 us/op
WorkloadResult  49: 1 op, 91815.00 ns, 91.8150 us/op
WorkloadResult  50: 1 op, 91892.00 ns, 91.8920 us/op
WorkloadResult  51: 1 op, 91558.00 ns, 91.5580 us/op
WorkloadResult  52: 1 op, 91338.00 ns, 91.3380 us/op
WorkloadResult  53: 1 op, 92219.00 ns, 92.2190 us/op
WorkloadResult  54: 1 op, 91580.00 ns, 91.5800 us/op
WorkloadResult  55: 1 op, 91365.00 ns, 91.3650 us/op
WorkloadResult  56: 1 op, 90762.00 ns, 90.7620 us/op
WorkloadResult  57: 1 op, 90976.00 ns, 90.9760 us/op
WorkloadResult  58: 1 op, 91257.00 ns, 91.2570 us/op
WorkloadResult  59: 1 op, 92348.00 ns, 92.3480 us/op
WorkloadResult  60: 1 op, 93033.00 ns, 93.0330 us/op
WorkloadResult  61: 1 op, 92041.00 ns, 92.0410 us/op
WorkloadResult  62: 1 op, 91109.00 ns, 91.1090 us/op
WorkloadResult  63: 1 op, 90826.00 ns, 90.8260 us/op
WorkloadResult  64: 1 op, 93433.00 ns, 93.4330 us/op
WorkloadResult  65: 1 op, 89555.00 ns, 89.5550 us/op
WorkloadResult  66: 1 op, 91702.00 ns, 91.7020 us/op
WorkloadResult  67: 1 op, 91079.00 ns, 91.0790 us/op
WorkloadResult  68: 1 op, 91169.00 ns, 91.1690 us/op
WorkloadResult  69: 1 op, 91179.00 ns, 91.1790 us/op
WorkloadResult  70: 1 op, 92651.00 ns, 92.6510 us/op
WorkloadResult  71: 1 op, 94369.00 ns, 94.3690 us/op
WorkloadResult  72: 1 op, 90648.00 ns, 90.6480 us/op
WorkloadResult  73: 1 op, 91995.00 ns, 91.9950 us/op
WorkloadResult  74: 1 op, 92649.00 ns, 92.6490 us/op
WorkloadResult  75: 1 op, 93062.00 ns, 93.0620 us/op
WorkloadResult  76: 1 op, 92274.00 ns, 92.2740 us/op
WorkloadResult  77: 1 op, 93803.00 ns, 93.8030 us/op
WorkloadResult  78: 1 op, 93109.00 ns, 93.1090 us/op
WorkloadResult  79: 1 op, 92466.00 ns, 92.4660 us/op
WorkloadResult  80: 1 op, 93085.00 ns, 93.0850 us/op
// GC:  0 0 0 736 1
// Threading:  0 0 1

// AfterAll
// Benchmark Process 222439 has exited with code 0.

Mean = 95.699 μs, StdErr = 0.555 μs (0.58%), N = 80, StdDev = 4.960 μs
Min = 89.555 μs, Q1 = 92.174 μs, Median = 93.413 μs, Q3 = 98.591 μs, Max = 110.126 μs
IQR = 6.416 μs, LowerFence = 82.550 μs, UpperFence = 108.215 μs
ConfidenceInterval = [93.804 μs; 97.595 μs] (CI 99.9%), Margin = 1.896 μs (1.98% of Mean)
Skewness = 1.26, Kurtosis = 3.9, MValue = 2.27

// ** Remained 1 (16.7%) benchmark(s) to run. Estimated finish 2026-05-17 18:03 (0h 0m from now) **
// **************************
// Benchmark: InsertionBench.InsertionSort: Job-UBJCFN(InvocationCount=1, UnrollFactor=1) [N=1024]
// *** Execute ***
// Launch: 1 / 1
// Execute: dotnet e8bb4795-1612-4f0e-aabd-f2a8989eb7d8.dll --anonymousPipes 118 119 --benchmarkName "IAFahim.Sort.Bench.InsertionBench.InsertionSort(N: 1024)" --job "InvocationCount=1, UnrollFactor=1" --benchmarkId 5 in /home/i/GitHub/IAFahim.CS.New/bench/IAFahim.Sort.Insertion.Bench/bin/Release/net10.0/e8bb4795-1612-4f0e-aabd-f2a8989eb7d8/bin/Release/net10.0
// Failed to set up high priority (Permission denied). In order to run benchmarks with high priority, make sure you have the right permissions.
// BeforeAnythingElse

// Benchmark Process Environment Information:
// BenchmarkDotNet v0.14.0
// Runtime=.NET 10.0.7 (10.0.726.21808), X64 RyuJIT AVX2
// GC=Concurrent Workstation
// HardwareIntrinsics=AVX2,AES,BMI1,BMI2,FMA,LZCNT,PCLMUL,POPCNT,AvxVnni,SERIALIZE VectorSize=256
// Job: Job-ZPNLRK(InvocationCount=1, UnrollFactor=1)

OverheadJitting  1: 1 op, 140253.00 ns, 140.2530 us/op
WorkloadJitting  1: 1 op, 681244.00 ns, 681.2440 us/op

OverheadWarmup   1: 1 op, 179.00 ns, 179.0000 ns/op
OverheadWarmup   2: 1 op, 165.00 ns, 165.0000 ns/op
OverheadWarmup   3: 1 op, 150.00 ns, 150.0000 ns/op
OverheadWarmup   4: 1 op, 176.00 ns, 176.0000 ns/op
OverheadWarmup   5: 1 op, 157.00 ns, 157.0000 ns/op
OverheadWarmup   6: 1 op, 91.00 ns, 91.0000 ns/op
OverheadWarmup   7: 1 op, 58.00 ns, 58.0000 ns/op
OverheadWarmup   8: 1 op, 49.00 ns, 49.0000 ns/op
OverheadWarmup   9: 1 op, 49.00 ns, 49.0000 ns/op
OverheadWarmup  10: 1 op, 50.00 ns, 50.0000 ns/op

OverheadActual   1: 1 op, 150.00 ns, 150.0000 ns/op
OverheadActual   2: 1 op, 189.00 ns, 189.0000 ns/op
OverheadActual   3: 1 op, 150.00 ns, 150.0000 ns/op
OverheadActual   4: 1 op, 99.00 ns, 99.0000 ns/op
OverheadActual   5: 1 op, 125.00 ns, 125.0000 ns/op
OverheadActual   6: 1 op, 63.00 ns, 63.0000 ns/op
OverheadActual   7: 1 op, 32.00 ns, 32.0000 ns/op
OverheadActual   8: 1 op, 36.00 ns, 36.0000 ns/op
OverheadActual   9: 1 op, 32.00 ns, 32.0000 ns/op
OverheadActual  10: 1 op, 35.00 ns, 35.0000 ns/op
OverheadActual  11: 1 op, 34.00 ns, 34.0000 ns/op
OverheadActual  12: 1 op, 39.00 ns, 39.0000 ns/op
OverheadActual  13: 1 op, 33.00 ns, 33.0000 ns/op
OverheadActual  14: 1 op, 32.00 ns, 32.0000 ns/op
OverheadActual  15: 1 op, 36.00 ns, 36.0000 ns/op
OverheadActual  16: 1 op, 35.00 ns, 35.0000 ns/op
OverheadActual  17: 1 op, 35.00 ns, 35.0000 ns/op
OverheadActual  18: 1 op, 134.00 ns, 134.0000 ns/op
OverheadActual  19: 1 op, 29.00 ns, 29.0000 ns/op
OverheadActual  20: 1 op, 52.00 ns, 52.0000 ns/op

WorkloadWarmup   1: 1 op, 131610.00 ns, 131.6100 us/op
WorkloadWarmup   2: 1 op, 133383.00 ns, 133.3830 us/op
WorkloadWarmup   3: 1 op, 148436.00 ns, 148.4360 us/op
WorkloadWarmup   4: 1 op, 129554.00 ns, 129.5540 us/op
WorkloadWarmup   5: 1 op, 131752.00 ns, 131.7520 us/op
WorkloadWarmup   6: 1 op, 130316.00 ns, 130.3160 us/op

// BeforeActualRun
WorkloadActual   1: 1 op, 128695.00 ns, 128.6950 us/op
WorkloadActual   2: 1 op, 126724.00 ns, 126.7240 us/op
WorkloadActual   3: 1 op, 125798.00 ns, 125.7980 us/op
WorkloadActual   4: 1 op, 124947.00 ns, 124.9470 us/op
WorkloadActual   5: 1 op, 129523.00 ns, 129.5230 us/op
WorkloadActual   6: 1 op, 126535.00 ns, 126.5350 us/op
WorkloadActual   7: 1 op, 126914.00 ns, 126.9140 us/op
WorkloadActual   8: 1 op, 127577.00 ns, 127.5770 us/op
WorkloadActual   9: 1 op, 127177.00 ns, 127.1770 us/op
WorkloadActual  10: 1 op, 145583.00 ns, 145.5830 us/op
WorkloadActual  11: 1 op, 126861.00 ns, 126.8610 us/op
WorkloadActual  12: 1 op, 148019.00 ns, 148.0190 us/op
WorkloadActual  13: 1 op, 126361.00 ns, 126.3610 us/op
WorkloadActual  14: 1 op, 134894.00 ns, 134.8940 us/op
WorkloadActual  15: 1 op, 126557.00 ns, 126.5570 us/op

// AfterActualRun
WorkloadResult   1: 1 op, 128659.00 ns, 128.6590 us/op
WorkloadResult   2: 1 op, 126688.00 ns, 126.6880 us/op
WorkloadResult   3: 1 op, 125762.00 ns, 125.7620 us/op
WorkloadResult   4: 1 op, 124911.00 ns, 124.9110 us/op
WorkloadResult   5: 1 op, 129487.00 ns, 129.4870 us/op
WorkloadResult   6: 1 op, 126499.00 ns, 126.4990 us/op
WorkloadResult   7: 1 op, 126878.00 ns, 126.8780 us/op
WorkloadResult   8: 1 op, 127541.00 ns, 127.5410 us/op
WorkloadResult   9: 1 op, 127141.00 ns, 127.1410 us/op
WorkloadResult  10: 1 op, 126825.00 ns, 126.8250 us/op
WorkloadResult  11: 1 op, 126325.00 ns, 126.3250 us/op
WorkloadResult  12: 1 op, 126521.00 ns, 126.5210 us/op
// GC:  0 0 0 736 1
// Threading:  0 0 1

// AfterAll
// Benchmark Process 222448 has exited with code 0.

Mean = 126.936 μs, StdErr = 0.350 μs (0.28%), N = 12, StdDev = 1.213 μs
Min = 124.911 μs, Q1 = 126.456 μs, Median = 126.757 μs, Q3 = 127.241 μs, Max = 129.487 μs
IQR = 0.785 μs, LowerFence = 125.277 μs, UpperFence = 128.419 μs
ConfidenceInterval = [125.383 μs; 128.490 μs] (CI 99.9%), Margin = 1.553 μs (1.22% of Mean)
Skewness = 0.54, Kurtosis = 2.7, MValue = 2

// ** Remained 0 (0.0%) benchmark(s) to run. Estimated finish 2026-05-17 18:03 (0h 0m from now) **
// ***** BenchmarkRunner: Finish  *****

// * Export *
  BenchmarkDotNet.Artifacts/results/IAFahim.Sort.Bench.InsertionBench-report.csv
  BenchmarkDotNet.Artifacts/results/IAFahim.Sort.Bench.InsertionBench-report-github.md
  BenchmarkDotNet.Artifacts/results/IAFahim.Sort.Bench.InsertionBench-report.html

// * Detailed results *
InsertionBench.SpanSort: Job-UBJCFN(InvocationCount=1, UnrollFactor=1) [N=64]
Runtime = .NET 10.0.7 (10.0.726.21808), X64 RyuJIT AVX2; GC = Concurrent Workstation
Mean = 3.341 μs, StdErr = 0.015 μs (0.44%), N = 25, StdDev = 0.073 μs
Min = 3.242 μs, Q1 = 3.280 μs, Median = 3.333 μs, Q3 = 3.370 μs, Max = 3.533 μs
IQR = 0.090 μs, LowerFence = 3.145 μs, UpperFence = 3.505 μs
ConfidenceInterval = [3.286 μs; 3.396 μs] (CI 99.9%), Margin = 0.055 μs (1.65% of Mean)
Skewness = 0.66, Kurtosis = 2.73, MValue = 2
-------------------- Histogram --------------------
[3.242 μs ; 3.381 μs) | @@@@@@@@@@@@@@@@@@@
[3.381 μs ; 3.462 μs) | @@@@@
[3.462 μs ; 3.566 μs) | @
---------------------------------------------------

InsertionBench.InsertionSort: Job-UBJCFN(InvocationCount=1, UnrollFactor=1) [N=64]
Runtime = .NET 10.0.7 (10.0.726.21808), X64 RyuJIT AVX2; GC = Concurrent Workstation
Mean = 5.410 μs, StdErr = 0.054 μs (0.99%), N = 93, StdDev = 0.519 μs
Min = 4.777 μs, Q1 = 4.963 μs, Median = 5.326 μs, Q3 = 5.670 μs, Max = 6.768 μs
IQR = 0.707 μs, LowerFence = 3.902 μs, UpperFence = 6.731 μs
ConfidenceInterval = [5.228 μs; 5.593 μs] (CI 99.9%), Margin = 0.183 μs (3.38% of Mean)
Skewness = 0.9, Kurtosis = 2.82, MValue = 2.92
-------------------- Histogram --------------------
[4.627 μs ; 4.792 μs) | @
[4.792 μs ; 5.092 μs) | @@@@@@@@@@@@@@@@@@@@@@@@@@@@@@@@@@@@@@
[5.092 μs ; 5.324 μs) | @@@@@@@
[5.324 μs ; 5.624 μs) | @@@@@@@@@@@@@@@@@@@@@@
[5.624 μs ; 5.946 μs) | @@@@@@@@@@@
[5.946 μs ; 6.278 μs) | @@@
[6.278 μs ; 6.578 μs) | @@@@@@@@@
[6.578 μs ; 6.918 μs) | @@
---------------------------------------------------

InsertionBench.SpanSort: Job-UBJCFN(InvocationCount=1, UnrollFactor=1) [N=256]
Runtime = .NET 10.0.7 (10.0.726.21808), X64 RyuJIT AVX2; GC = Concurrent Workstation
Mean = 23.258 μs, StdErr = 0.204 μs (0.88%), N = 100, StdDev = 2.042 μs
Min = 16.890 μs, Q1 = 22.124 μs, Median = 22.718 μs, Q3 = 24.933 μs, Max = 26.814 μs
IQR = 2.808 μs, LowerFence = 17.912 μs, UpperFence = 29.145 μs
ConfidenceInterval = [22.566 μs; 23.951 μs] (CI 99.9%), Margin = 0.693 μs (2.98% of Mean)
Skewness = -0.47, Kurtosis = 4.06, MValue = 2.7
-------------------- Histogram --------------------
[16.682 μs ; 17.836 μs) | @@@@
[17.836 μs ; 18.991 μs) | 
[18.991 μs ; 20.146 μs) | 
[20.146 μs ; 20.827 μs) | 
[20.827 μs ; 21.607 μs) | @@@
[21.607 μs ; 22.761 μs) | @@@@@@@@@@@@@@@@@@@@@@@@@@@@@@@@@@@@@@@@@@@@@@
[22.761 μs ; 24.255 μs) | @@@@@@@@@@@@@@@@@
[24.255 μs ; 25.479 μs) | @@@@@@@@@
[25.479 μs ; 26.633 μs) | @@@@@@@@@@@@@@@@@@@@
[26.633 μs ; 27.391 μs) | @
---------------------------------------------------

InsertionBench.InsertionSort: Job-UBJCFN(InvocationCount=1, UnrollFactor=1) [N=256]
Runtime = .NET 10.0.7 (10.0.726.21808), X64 RyuJIT AVX2; GC = Concurrent Workstation
Mean = 12.610 μs, StdErr = 0.071 μs (0.57%), N = 84, StdDev = 0.655 μs
Min = 11.736 μs, Q1 = 12.053 μs, Median = 12.540 μs, Q3 = 12.803 μs, Max = 14.423 μs
IQR = 0.750 μs, LowerFence = 10.927 μs, UpperFence = 13.929 μs
ConfidenceInterval = [12.366 μs; 12.854 μs] (CI 99.9%), Margin = 0.244 μs (1.93% of Mean)
Skewness = 0.86, Kurtosis = 2.95, MValue = 3.46
-------------------- Histogram --------------------
[11.540 μs ; 12.150 μs) | @@@@@@@@@@@@@@@@@@@@@@@@@@@@
[12.150 μs ; 12.401 μs) | @@@@@@
[12.401 μs ; 12.794 μs) | @@@@@@@@@@@@@@@@@@@@@@@@@@@@@
[12.794 μs ; 13.196 μs) | @@@@@
[13.196 μs ; 13.713 μs) | @@@@@@@@@
[13.713 μs ; 14.144 μs) | @@@@@
[14.144 μs ; 14.536 μs) | @@
---------------------------------------------------

InsertionBench.SpanSort: Job-UBJCFN(InvocationCount=1, UnrollFactor=1) [N=1024]
Runtime = .NET 10.0.7 (10.0.726.21808), X64 RyuJIT AVX2; GC = Concurrent Workstation
Mean = 95.699 μs, StdErr = 0.555 μs (0.58%), N = 80, StdDev = 4.960 μs
Min = 89.555 μs, Q1 = 92.174 μs, Median = 93.413 μs, Q3 = 98.591 μs, Max = 110.126 μs
IQR = 6.416 μs, LowerFence = 82.550 μs, UpperFence = 108.215 μs
ConfidenceInterval = [93.804 μs; 97.595 μs] (CI 99.9%), Margin = 1.896 μs (1.98% of Mean)
Skewness = 1.26, Kurtosis = 3.9, MValue = 2.27
-------------------- Histogram --------------------
[ 88.044 μs ;  90.530 μs) | @
[ 90.530 μs ;  93.551 μs) | @@@@@@@@@@@@@@@@@@@@@@@@@@@@@@@@@@@@@@@@
[ 93.551 μs ;  96.747 μs) | @@@@@@@@@@@@
[ 96.747 μs ; 100.283 μs) | @@@@@@@@@@@@@@@
[100.283 μs ; 103.894 μs) | @@@@@@
[103.894 μs ; 107.299 μs) | @@
[107.299 μs ; 110.320 μs) | @@@@
---------------------------------------------------

InsertionBench.InsertionSort: Job-UBJCFN(InvocationCount=1, UnrollFactor=1) [N=1024]
Runtime = .NET 10.0.7 (10.0.726.21808), X64 RyuJIT AVX2; GC = Concurrent Workstation
Mean = 126.936 μs, StdErr = 0.350 μs (0.28%), N = 12, StdDev = 1.213 μs
Min = 124.911 μs, Q1 = 126.456 μs, Median = 126.757 μs, Q3 = 127.241 μs, Max = 129.487 μs
IQR = 0.785 μs, LowerFence = 125.277 μs, UpperFence = 128.419 μs
ConfidenceInterval = [125.383 μs; 128.490 μs] (CI 99.9%), Margin = 1.553 μs (1.22% of Mean)
Skewness = 0.54, Kurtosis = 2.7, MValue = 2
-------------------- Histogram --------------------
[124.216 μs ; 130.182 μs) | @@@@@@@@@@@@
---------------------------------------------------

// * Summary *

BenchmarkDotNet v0.14.0, Ubuntu 26.04 LTS (Resolute Raccoon)
Intel Core i9-14900K, 1 CPU, 32 logical and 24 physical cores
.NET SDK 10.0.107
  [Host]     : .NET 10.0.7 (10.0.726.21808), X64 RyuJIT AVX2
  Job-UBJCFN : .NET 10.0.7 (10.0.726.21808), X64 RyuJIT AVX2

InvocationCount=1  UnrollFactor=1  

| Method        | N    | Mean       | Error     | StdDev    | Median     | Ratio | RatioSD | Allocated | Alloc Ratio |
|-------------- |----- |-----------:|----------:|----------:|-----------:|------:|--------:|----------:|------------:|
| SpanSort      | 64   |   3.341 μs | 0.0550 μs | 0.0735 μs |   3.333 μs |  1.00 |    0.03 |         - |          NA |
| InsertionSort | 64   |   5.410 μs | 0.1828 μs | 0.5186 μs |   5.326 μs |  1.62 |    0.16 |         - |          NA |
|               |      |            |           |           |            |       |         |           |             |
| SpanSort      | 256  |  23.258 μs | 0.6925 μs | 2.0420 μs |  22.718 μs |  1.01 |    0.13 |         - |          NA |
| InsertionSort | 256  |  12.610 μs | 0.2438 μs | 0.6549 μs |  12.540 μs |  0.55 |    0.06 |         - |          NA |
|               |      |            |           |           |            |       |         |           |             |
| SpanSort      | 1024 |  95.699 μs | 1.8955 μs | 4.9602 μs |  93.413 μs |  1.00 |    0.07 |         - |          NA |
| InsertionSort | 1024 | 126.936 μs | 1.5533 μs | 1.2127 μs | 126.757 μs |  1.33 |    0.07 |         - |          NA |

// * Warnings *
MinIterationTime
  InsertionBench.SpanSort: InvocationCount=1, UnrollFactor=1      -> The minimum observed iteration time is 3.29μs which is very small. It's recommended to increase it to at least 100ms using more operations.
  InsertionBench.InsertionSort: InvocationCount=1, UnrollFactor=1 -> The minimum observed iteration time is 4.812μs which is very small. It's recommended to increase it to at least 100ms using more operations.
  InsertionBench.SpanSort: InvocationCount=1, UnrollFactor=1      -> The minimum observed iteration time is 16.92μs which is very small. It's recommended to increase it to at least 100ms using more operations.
  InsertionBench.InsertionSort: InvocationCount=1, UnrollFactor=1 -> The minimum observed iteration time is 11.773μs which is very small. It's recommended to increase it to at least 100ms using more operations.
  InsertionBench.SpanSort: InvocationCount=1, UnrollFactor=1      -> The minimum observed iteration time is 89.592μs which is very small. It's recommended to increase it to at least 100ms using more operations.
  InsertionBench.InsertionSort: InvocationCount=1, UnrollFactor=1 -> The minimum observed iteration time is 124.947μs which is very small. It's recommended to increase it to at least 100ms using more operations.
MultimodalDistribution
  InsertionBench.InsertionSort: InvocationCount=1, UnrollFactor=1 -> It seems that the distribution can have several modes (mValue = 2.92)
  InsertionBench.InsertionSort: InvocationCount=1, UnrollFactor=1 -> It seems that the distribution is bimodal (mValue = 3.46)

// * Hints *
Outliers
  InsertionBench.SpanSort: InvocationCount=1, UnrollFactor=1      -> 2 outliers were removed (3.67 μs, 4.25 μs)
  InsertionBench.InsertionSort: InvocationCount=1, UnrollFactor=1 -> 7 outliers were removed (7.05 μs..10.46 μs)
  InsertionBench.SpanSort: InvocationCount=1, UnrollFactor=1      -> 4 outliers were detected (16.92 μs..17.66 μs)
  InsertionBench.InsertionSort: InvocationCount=1, UnrollFactor=1 -> 5 outliers were removed (14.64 μs..22.77 μs)
  InsertionBench.SpanSort: InvocationCount=1, UnrollFactor=1      -> 7 outliers were removed (112.01 μs..126.01 μs)
  InsertionBench.InsertionSort: InvocationCount=1, UnrollFactor=1 -> 3 outliers were removed (134.89 μs..148.02 μs)

// * Legends *
  N           : Value of the 'N' parameter
  Mean        : Arithmetic mean of all measurements
  Error       : Half of 99.9% confidence interval
  StdDev      : Standard deviation of all measurements
  Median      : Value separating the higher half of all measurements (50th percentile)
  Ratio       : Mean of the ratio distribution ([Current]/[Baseline])
  RatioSD     : Standard deviation of the ratio distribution ([Current]/[Baseline])
  Allocated   : Allocated memory per single operation (managed only, inclusive, 1KB = 1024B)
  Alloc Ratio : Allocated memory ratio distribution ([Current]/[Baseline])
  1 μs        : 1 Microsecond (0.000001 sec)

// * Diagnostic Output - MemoryDiagnoser *


// ***** BenchmarkRunner: End *****
Run time: 00:00:00 (0.68 sec), executed benchmarks: 6

Global total time: 00:00:05 (5.2 sec), executed benchmarks: 6
// * Artifacts cleanup *
Artifacts cleanup is finished
