// Validating benchmarks:
// ***** BenchmarkRunner: Start   *****
// ***** Found 18 benchmark(s) in total *****
// ***** Building 1 exe(s) in Parallel: Start   *****
// start dotnet  restore /p:UseSharedCompilation=false /p:BuildInParallel=false /m:1 /p:Deterministic=true /p:Optimize=true /p:IntermediateOutputPath="/home/i/GitHub/IAFahim.CS.New/bench/IAFahim.Collections.NoDeps.Bench/bin/Release/net10.0/dffa3de8-7950-4e48-843b-a83d510f4f98/obj/Release/net10.0/" /p:OutDir="/home/i/GitHub/IAFahim.CS.New/bench/IAFahim.Collections.NoDeps.Bench/bin/Release/net10.0/dffa3de8-7950-4e48-843b-a83d510f4f98/bin/Release/net10.0/" /p:OutputPath="/home/i/GitHub/IAFahim.CS.New/bench/IAFahim.Collections.NoDeps.Bench/bin/Release/net10.0/dffa3de8-7950-4e48-843b-a83d510f4f98/bin/Release/net10.0/" in /home/i/GitHub/IAFahim.CS.New/bench/IAFahim.Collections.NoDeps.Bench/bin/Release/net10.0/dffa3de8-7950-4e48-843b-a83d510f4f98
// command took 0.64 sec and exited with 0
// start dotnet  build -c Release --no-restore /p:UseSharedCompilation=false /p:BuildInParallel=false /m:1 /p:Deterministic=true /p:Optimize=true /p:IntermediateOutputPath="/home/i/GitHub/IAFahim.CS.New/bench/IAFahim.Collections.NoDeps.Bench/bin/Release/net10.0/dffa3de8-7950-4e48-843b-a83d510f4f98/obj/Release/net10.0/" /p:OutDir="/home/i/GitHub/IAFahim.CS.New/bench/IAFahim.Collections.NoDeps.Bench/bin/Release/net10.0/dffa3de8-7950-4e48-843b-a83d510f4f98/bin/Release/net10.0/" /p:OutputPath="/home/i/GitHub/IAFahim.CS.New/bench/IAFahim.Collections.NoDeps.Bench/bin/Release/net10.0/dffa3de8-7950-4e48-843b-a83d510f4f98/bin/Release/net10.0/" --output "/home/i/GitHub/IAFahim.CS.New/bench/IAFahim.Collections.NoDeps.Bench/bin/Release/net10.0/dffa3de8-7950-4e48-843b-a83d510f4f98/bin/Release/net10.0/" in /home/i/GitHub/IAFahim.CS.New/bench/IAFahim.Collections.NoDeps.Bench/bin/Release/net10.0/dffa3de8-7950-4e48-843b-a83d510f4f98
// command took 3.9 sec and exited with 0
// ***** Done, took 00:00:04 (4.55 sec)   *****
// Found 18 benchmarks:
//   NativeListBench.NativeList_AddSequential: DefaultJob [N=64]
//   NativeListBench.NativeList_AddReverse: DefaultJob [N=64]
//   NativeListBench.NativeList_AddRandom: DefaultJob [N=64]
//   NativeListBench.NativeList_AddThenRemove: DefaultJob [N=64]
//   NativeListBench.NativeList_ResizeUninitialized: DefaultJob [N=64]
//   NativeListBench.NativeList_ResizeClearMemory: DefaultJob [N=64]
//   NativeListBench.NativeList_AddSequential: DefaultJob [N=256]
//   NativeListBench.NativeList_AddReverse: DefaultJob [N=256]
//   NativeListBench.NativeList_AddRandom: DefaultJob [N=256]
//   NativeListBench.NativeList_AddThenRemove: DefaultJob [N=256]
//   NativeListBench.NativeList_ResizeUninitialized: DefaultJob [N=256]
//   NativeListBench.NativeList_ResizeClearMemory: DefaultJob [N=256]
//   NativeListBench.NativeList_AddSequential: DefaultJob [N=1024]
//   NativeListBench.NativeList_AddReverse: DefaultJob [N=1024]
//   NativeListBench.NativeList_AddRandom: DefaultJob [N=1024]
//   NativeListBench.NativeList_AddThenRemove: DefaultJob [N=1024]
//   NativeListBench.NativeList_ResizeUninitialized: DefaultJob [N=1024]
//   NativeListBench.NativeList_ResizeClearMemory: DefaultJob [N=1024]

// **************************
// Benchmark: NativeListBench.NativeList_AddSequential: DefaultJob [N=64]
// *** Execute ***
// Launch: 1 / 1
// Execute: dotnet dffa3de8-7950-4e48-843b-a83d510f4f98.dll --anonymousPipes 122 124 --benchmarkName "IAFahim.Collections.NoDeps.Bench.NativeListBench.NativeList_AddSequential(N: 64)" --job Default --benchmarkId 0 in /home/i/GitHub/IAFahim.CS.New/bench/IAFahim.Collections.NoDeps.Bench/bin/Release/net10.0/dffa3de8-7950-4e48-843b-a83d510f4f98/bin/Release/net10.0
// Failed to set up high priority (Permission denied). In order to run benchmarks with high priority, make sure you have the right permissions.
// BeforeAnythingElse

// Benchmark Process Environment Information:
// BenchmarkDotNet v0.14.0
// Runtime=.NET 10.0.7 (10.0.726.21808), X64 RyuJIT AVX2
// GC=Concurrent Workstation
// HardwareIntrinsics=AVX2,AES,BMI1,BMI2,FMA,LZCNT,PCLMUL,POPCNT,AvxVnni,SERIALIZE VectorSize=256
// Job: DefaultJob

OverheadJitting  1: 1 op, 148669.00 ns, 148.6690 us/op
WorkloadJitting  1: 1 op, 618377.00 ns, 618.3770 us/op

OverheadJitting  2: 16 op, 128860.00 ns, 8.0538 us/op
WorkloadJitting  2: 16 op, 136895.00 ns, 8.5559 us/op

WorkloadPilot    1: 16 op, 10856.00 ns, 678.5000 ns/op
WorkloadPilot    2: 32 op, 19943.00 ns, 623.2188 ns/op
WorkloadPilot    3: 64 op, 38914.00 ns, 608.0313 ns/op
WorkloadPilot    4: 128 op, 109647.00 ns, 856.6172 ns/op
WorkloadPilot    5: 256 op, 176814.00 ns, 690.6797 ns/op
WorkloadPilot    6: 512 op, 341122.00 ns, 666.2539 ns/op
WorkloadPilot    7: 1024 op, 621659.00 ns, 607.0889 ns/op
WorkloadPilot    8: 2048 op, 1137956.00 ns, 555.6426 ns/op
WorkloadPilot    9: 4096 op, 2169210.00 ns, 529.5923 ns/op
WorkloadPilot   10: 8192 op, 4259263.00 ns, 519.9296 ns/op
WorkloadPilot   11: 16384 op, 8405441.00 ns, 513.0274 ns/op
WorkloadPilot   12: 32768 op, 16456386.00 ns, 502.2090 ns/op
WorkloadPilot   13: 65536 op, 33051350.00 ns, 504.3236 ns/op
WorkloadPilot   14: 131072 op, 65472585.00 ns, 499.5162 ns/op
WorkloadPilot   15: 262144 op, 41800477.00 ns, 159.4562 ns/op
WorkloadPilot   16: 524288 op, 49511575.00 ns, 94.4358 ns/op
WorkloadPilot   17: 1048576 op, 102071829.00 ns, 97.3433 ns/op
WorkloadPilot   18: 2097152 op, 202666251.00 ns, 96.6388 ns/op
WorkloadPilot   19: 4194304 op, 406979160.00 ns, 97.0314 ns/op
WorkloadPilot   20: 8388608 op, 811217264.00 ns, 96.7046 ns/op

OverheadWarmup   1: 8388608 op, 13834870.00 ns, 1.6492 ns/op
OverheadWarmup   2: 8388608 op, 13774272.00 ns, 1.6420 ns/op
OverheadWarmup   3: 8388608 op, 13915210.00 ns, 1.6588 ns/op
OverheadWarmup   4: 8388608 op, 13876665.00 ns, 1.6542 ns/op
OverheadWarmup   5: 8388608 op, 13836744.00 ns, 1.6495 ns/op
OverheadWarmup   6: 8388608 op, 13773144.00 ns, 1.6419 ns/op
OverheadWarmup   7: 8388608 op, 13779126.00 ns, 1.6426 ns/op
OverheadWarmup   8: 8388608 op, 13781726.00 ns, 1.6429 ns/op
OverheadWarmup   9: 8388608 op, 13783192.00 ns, 1.6431 ns/op
OverheadWarmup  10: 8388608 op, 13944422.00 ns, 1.6623 ns/op

OverheadActual   1: 8388608 op, 13937101.00 ns, 1.6614 ns/op
OverheadActual   2: 8388608 op, 13923881.00 ns, 1.6599 ns/op
OverheadActual   3: 8388608 op, 13947267.00 ns, 1.6626 ns/op
OverheadActual   4: 8388608 op, 13823794.00 ns, 1.6479 ns/op
OverheadActual   5: 8388608 op, 13910124.00 ns, 1.6582 ns/op
OverheadActual   6: 8388608 op, 13739553.00 ns, 1.6379 ns/op
OverheadActual   7: 8388608 op, 13737852.00 ns, 1.6377 ns/op
OverheadActual   8: 8388608 op, 13754895.00 ns, 1.6397 ns/op
OverheadActual   9: 8388608 op, 13767449.00 ns, 1.6412 ns/op
OverheadActual  10: 8388608 op, 13743863.00 ns, 1.6384 ns/op
OverheadActual  11: 8388608 op, 13783181.00 ns, 1.6431 ns/op
OverheadActual  12: 8388608 op, 13869453.00 ns, 1.6534 ns/op
OverheadActual  13: 8388608 op, 13835076.00 ns, 1.6493 ns/op
OverheadActual  14: 8388608 op, 13738226.00 ns, 1.6377 ns/op
OverheadActual  15: 8388608 op, 13741060.00 ns, 1.6381 ns/op

WorkloadWarmup   1: 8388608 op, 819460395.00 ns, 97.6873 ns/op
WorkloadWarmup   2: 8388608 op, 870471060.00 ns, 103.7682 ns/op
WorkloadWarmup   3: 8388608 op, 786371642.00 ns, 93.7428 ns/op
WorkloadWarmup   4: 8388608 op, 779661825.00 ns, 92.9429 ns/op
WorkloadWarmup   5: 8388608 op, 783288945.00 ns, 93.3753 ns/op
WorkloadWarmup   6: 8388608 op, 844225593.00 ns, 100.6395 ns/op
WorkloadWarmup   7: 8388608 op, 876765909.00 ns, 104.5186 ns/op
WorkloadWarmup   8: 8388608 op, 1000606624.00 ns, 119.2816 ns/op
WorkloadWarmup   9: 8388608 op, 826273643.00 ns, 98.4995 ns/op

// BeforeActualRun
WorkloadActual   1: 8388608 op, 785348954.00 ns, 93.6209 ns/op
WorkloadActual   2: 8388608 op, 827119365.00 ns, 98.6003 ns/op
WorkloadActual   3: 8388608 op, 863565087.00 ns, 102.9450 ns/op
WorkloadActual   4: 8388608 op, 1235593748.00 ns, 147.2943 ns/op
WorkloadActual   5: 8388608 op, 1064483743.00 ns, 126.8964 ns/op
WorkloadActual   6: 8388608 op, 979753666.00 ns, 116.7957 ns/op
WorkloadActual   7: 8388608 op, 983058350.00 ns, 117.1897 ns/op
WorkloadActual   8: 8388608 op, 1018192965.00 ns, 121.3781 ns/op
WorkloadActual   9: 8388608 op, 1396354842.00 ns, 166.4585 ns/op
WorkloadActual  10: 8388608 op, 1038215258.00 ns, 123.7649 ns/op
WorkloadActual  11: 8388608 op, 1074691490.00 ns, 128.1132 ns/op
WorkloadActual  12: 8388608 op, 875772264.00 ns, 104.4002 ns/op
WorkloadActual  13: 8388608 op, 936547493.00 ns, 111.6452 ns/op
WorkloadActual  14: 8388608 op, 942794729.00 ns, 112.3899 ns/op
WorkloadActual  15: 8388608 op, 825830074.00 ns, 98.4466 ns/op
WorkloadActual  16: 8388608 op, 891884804.00 ns, 106.3210 ns/op
WorkloadActual  17: 8388608 op, 952399833.00 ns, 113.5349 ns/op
WorkloadActual  18: 8388608 op, 933283752.00 ns, 111.2561 ns/op
WorkloadActual  19: 8388608 op, 834235861.00 ns, 99.4487 ns/op
WorkloadActual  20: 8388608 op, 900269435.00 ns, 107.3205 ns/op
WorkloadActual  21: 8388608 op, 989286165.00 ns, 117.9321 ns/op
WorkloadActual  22: 8388608 op, 905594761.00 ns, 107.9553 ns/op
WorkloadActual  23: 8388608 op, 817265791.00 ns, 97.4257 ns/op
WorkloadActual  24: 8388608 op, 850798504.00 ns, 101.4231 ns/op
WorkloadActual  25: 8388608 op, 845623239.00 ns, 100.8061 ns/op
WorkloadActual  26: 8388608 op, 795838687.00 ns, 94.8714 ns/op
WorkloadActual  27: 8388608 op, 831150157.00 ns, 99.0808 ns/op
WorkloadActual  28: 8388608 op, 847508294.00 ns, 101.0309 ns/op
WorkloadActual  29: 8388608 op, 843452699.00 ns, 100.5474 ns/op
WorkloadActual  30: 8388608 op, 817091037.00 ns, 97.4048 ns/op
WorkloadActual  31: 8388608 op, 785086500.00 ns, 93.5896 ns/op
WorkloadActual  32: 8388608 op, 798487079.00 ns, 95.1871 ns/op
WorkloadActual  33: 8388608 op, 789422300.00 ns, 94.1065 ns/op
WorkloadActual  34: 8388608 op, 845087475.00 ns, 100.7423 ns/op
WorkloadActual  35: 8388608 op, 913738313.00 ns, 108.9261 ns/op
WorkloadActual  36: 8388608 op, 793077535.00 ns, 94.5422 ns/op
WorkloadActual  37: 8388608 op, 905632647.00 ns, 107.9598 ns/op
WorkloadActual  38: 8388608 op, 835607347.00 ns, 99.6122 ns/op
WorkloadActual  39: 8388608 op, 939679479.00 ns, 112.0185 ns/op
WorkloadActual  40: 8388608 op, 878114958.00 ns, 104.6795 ns/op
WorkloadActual  41: 8388608 op, 894756262.00 ns, 106.6633 ns/op
WorkloadActual  42: 8388608 op, 884291921.00 ns, 105.4158 ns/op
WorkloadActual  43: 8388608 op, 894326894.00 ns, 106.6121 ns/op
WorkloadActual  44: 8388608 op, 855059883.00 ns, 101.9311 ns/op
WorkloadActual  45: 8388608 op, 847897800.00 ns, 101.0773 ns/op
WorkloadActual  46: 8388608 op, 941792759.00 ns, 112.2704 ns/op
WorkloadActual  47: 8388608 op, 876687492.00 ns, 104.5093 ns/op
WorkloadActual  48: 8388608 op, 908944793.00 ns, 108.3547 ns/op
WorkloadActual  49: 8388608 op, 918210540.00 ns, 109.4592 ns/op
WorkloadActual  50: 8388608 op, 871938166.00 ns, 103.9431 ns/op
WorkloadActual  51: 8388608 op, 880791946.00 ns, 104.9986 ns/op
WorkloadActual  52: 8388608 op, 837010537.00 ns, 99.7794 ns/op
WorkloadActual  53: 8388608 op, 1112981437.00 ns, 132.6777 ns/op
WorkloadActual  54: 8388608 op, 876755860.00 ns, 104.5174 ns/op
WorkloadActual  55: 8388608 op, 1052398813.00 ns, 125.4557 ns/op
WorkloadActual  56: 8388608 op, 909808981.00 ns, 108.4577 ns/op
WorkloadActual  57: 8388608 op, 837029213.00 ns, 99.7817 ns/op
WorkloadActual  58: 8388608 op, 833680815.00 ns, 99.3825 ns/op
WorkloadActual  59: 8388608 op, 834697709.00 ns, 99.5037 ns/op
WorkloadActual  60: 8388608 op, 837919590.00 ns, 99.8878 ns/op
WorkloadActual  61: 8388608 op, 885659202.00 ns, 105.5788 ns/op
WorkloadActual  62: 8388608 op, 875594691.00 ns, 104.3790 ns/op
WorkloadActual  63: 8388608 op, 813323592.00 ns, 96.9557 ns/op
WorkloadActual  64: 8388608 op, 818353462.00 ns, 97.5553 ns/op
WorkloadActual  65: 8388608 op, 807311801.00 ns, 96.2391 ns/op
WorkloadActual  66: 8388608 op, 824546352.00 ns, 98.2936 ns/op
WorkloadActual  67: 8388608 op, 824938046.00 ns, 98.3403 ns/op
WorkloadActual  68: 8388608 op, 822331368.00 ns, 98.0295 ns/op
WorkloadActual  69: 8388608 op, 829190239.00 ns, 98.8472 ns/op
WorkloadActual  70: 8388608 op, 928214129.00 ns, 110.6517 ns/op
WorkloadActual  71: 8388608 op, 823896177.00 ns, 98.2161 ns/op
WorkloadActual  72: 8388608 op, 842834104.00 ns, 100.4737 ns/op
WorkloadActual  73: 8388608 op, 894821259.00 ns, 106.6710 ns/op
WorkloadActual  74: 8388608 op, 916857913.00 ns, 109.2980 ns/op
WorkloadActual  75: 8388608 op, 829664215.00 ns, 98.9037 ns/op
WorkloadActual  76: 8388608 op, 824314343.00 ns, 98.2659 ns/op
WorkloadActual  77: 8388608 op, 818782069.00 ns, 97.6064 ns/op
WorkloadActual  78: 8388608 op, 852594266.00 ns, 101.6372 ns/op
WorkloadActual  79: 8388608 op, 859346418.00 ns, 102.4421 ns/op
WorkloadActual  80: 8388608 op, 1062788845.00 ns, 126.6943 ns/op
WorkloadActual  81: 8388608 op, 949461698.00 ns, 113.1847 ns/op
WorkloadActual  82: 8388608 op, 970069515.00 ns, 115.6413 ns/op
WorkloadActual  83: 8388608 op, 902051395.00 ns, 107.5329 ns/op
WorkloadActual  84: 8388608 op, 838242297.00 ns, 99.9263 ns/op
WorkloadActual  85: 8388608 op, 880406186.00 ns, 104.9526 ns/op
WorkloadActual  86: 8388608 op, 995417839.00 ns, 118.6631 ns/op
WorkloadActual  87: 8388608 op, 835686170.00 ns, 99.6216 ns/op
WorkloadActual  88: 8388608 op, 856572365.00 ns, 102.1114 ns/op
WorkloadActual  89: 8388608 op, 883485268.00 ns, 105.3197 ns/op
WorkloadActual  90: 8388608 op, 1168894745.00 ns, 139.3431 ns/op
WorkloadActual  91: 8388608 op, 1324396565.00 ns, 157.8804 ns/op
WorkloadActual  92: 8388608 op, 1158568459.00 ns, 138.1121 ns/op
WorkloadActual  93: 8388608 op, 909136664.00 ns, 108.3775 ns/op
WorkloadActual  94: 8388608 op, 906217951.00 ns, 108.0296 ns/op
WorkloadActual  95: 8388608 op, 1273307089.00 ns, 151.7900 ns/op
WorkloadActual  96: 8388608 op, 1125801846.00 ns, 134.2060 ns/op
WorkloadActual  97: 8388608 op, 894356767.00 ns, 106.6156 ns/op
WorkloadActual  98: 8388608 op, 840588692.00 ns, 100.2060 ns/op
WorkloadActual  99: 8388608 op, 883886645.00 ns, 105.3675 ns/op
WorkloadActual  100: 8388608 op, 1103048290.00 ns, 131.4936 ns/op

// AfterActualRun
WorkloadResult   1: 8388608 op, 771565773.00 ns, 91.9778 ns/op
WorkloadResult   2: 8388608 op, 813336184.00 ns, 96.9572 ns/op
WorkloadResult   3: 8388608 op, 849781906.00 ns, 101.3019 ns/op
WorkloadResult   4: 8388608 op, 1050700562.00 ns, 125.2533 ns/op
WorkloadResult   5: 8388608 op, 965970485.00 ns, 115.1527 ns/op
WorkloadResult   6: 8388608 op, 969275169.00 ns, 115.5466 ns/op
WorkloadResult   7: 8388608 op, 1004409784.00 ns, 119.7350 ns/op
WorkloadResult   8: 8388608 op, 1024432077.00 ns, 122.1218 ns/op
WorkloadResult   9: 8388608 op, 1060908309.00 ns, 126.4701 ns/op
WorkloadResult  10: 8388608 op, 861989083.00 ns, 102.7571 ns/op
WorkloadResult  11: 8388608 op, 922764312.00 ns, 110.0021 ns/op
WorkloadResult  12: 8388608 op, 929011548.00 ns, 110.7468 ns/op
WorkloadResult  13: 8388608 op, 812046893.00 ns, 96.8035 ns/op
WorkloadResult  14: 8388608 op, 878101623.00 ns, 104.6779 ns/op
WorkloadResult  15: 8388608 op, 938616652.00 ns, 111.8918 ns/op
WorkloadResult  16: 8388608 op, 919500571.00 ns, 109.6130 ns/op
WorkloadResult  17: 8388608 op, 820452680.00 ns, 97.8056 ns/op
WorkloadResult  18: 8388608 op, 886486254.00 ns, 105.6774 ns/op
WorkloadResult  19: 8388608 op, 975502984.00 ns, 116.2890 ns/op
WorkloadResult  20: 8388608 op, 891811580.00 ns, 106.3122 ns/op
WorkloadResult  21: 8388608 op, 803482610.00 ns, 95.7826 ns/op
WorkloadResult  22: 8388608 op, 837015323.00 ns, 99.7800 ns/op
WorkloadResult  23: 8388608 op, 831840058.00 ns, 99.1631 ns/op
WorkloadResult  24: 8388608 op, 782055506.00 ns, 93.2283 ns/op
WorkloadResult  25: 8388608 op, 817366976.00 ns, 97.4377 ns/op
WorkloadResult  26: 8388608 op, 833725113.00 ns, 99.3878 ns/op
WorkloadResult  27: 8388608 op, 829669518.00 ns, 98.9043 ns/op
WorkloadResult  28: 8388608 op, 803307856.00 ns, 95.7618 ns/op
WorkloadResult  29: 8388608 op, 771303319.00 ns, 91.9465 ns/op
WorkloadResult  30: 8388608 op, 784703898.00 ns, 93.5440 ns/op
WorkloadResult  31: 8388608 op, 775639119.00 ns, 92.4634 ns/op
WorkloadResult  32: 8388608 op, 831304294.00 ns, 99.0992 ns/op
WorkloadResult  33: 8388608 op, 899955132.00 ns, 107.2830 ns/op
WorkloadResult  34: 8388608 op, 779294354.00 ns, 92.8991 ns/op
WorkloadResult  35: 8388608 op, 891849466.00 ns, 106.3167 ns/op
WorkloadResult  36: 8388608 op, 821824166.00 ns, 97.9691 ns/op
WorkloadResult  37: 8388608 op, 925896298.00 ns, 110.3754 ns/op
WorkloadResult  38: 8388608 op, 864331777.00 ns, 103.0364 ns/op
WorkloadResult  39: 8388608 op, 880973081.00 ns, 105.0202 ns/op
WorkloadResult  40: 8388608 op, 870508740.00 ns, 103.7727 ns/op
WorkloadResult  41: 8388608 op, 880543713.00 ns, 104.9690 ns/op
WorkloadResult  42: 8388608 op, 841276702.00 ns, 100.2880 ns/op
WorkloadResult  43: 8388608 op, 834114619.00 ns, 99.4342 ns/op
WorkloadResult  44: 8388608 op, 928009578.00 ns, 110.6274 ns/op
WorkloadResult  45: 8388608 op, 862904311.00 ns, 102.8662 ns/op
WorkloadResult  46: 8388608 op, 895161612.00 ns, 106.7116 ns/op
WorkloadResult  47: 8388608 op, 904427359.00 ns, 107.8161 ns/op
WorkloadResult  48: 8388608 op, 858154985.00 ns, 102.3000 ns/op
WorkloadResult  49: 8388608 op, 867008765.00 ns, 103.3555 ns/op
WorkloadResult  50: 8388608 op, 823227356.00 ns, 98.1363 ns/op
WorkloadResult  51: 8388608 op, 862972679.00 ns, 102.8744 ns/op
WorkloadResult  52: 8388608 op, 1038615632.00 ns, 123.8126 ns/op
WorkloadResult  53: 8388608 op, 896025800.00 ns, 106.8146 ns/op
WorkloadResult  54: 8388608 op, 823246032.00 ns, 98.1386 ns/op
WorkloadResult  55: 8388608 op, 819897634.00 ns, 97.7394 ns/op
WorkloadResult  56: 8388608 op, 820914528.00 ns, 97.8606 ns/op
WorkloadResult  57: 8388608 op, 824136409.00 ns, 98.2447 ns/op
WorkloadResult  58: 8388608 op, 871876021.00 ns, 103.9357 ns/op
WorkloadResult  59: 8388608 op, 861811510.00 ns, 102.7359 ns/op
WorkloadResult  60: 8388608 op, 799540411.00 ns, 95.3126 ns/op
WorkloadResult  61: 8388608 op, 804570281.00 ns, 95.9123 ns/op
WorkloadResult  62: 8388608 op, 793528620.00 ns, 94.5960 ns/op
WorkloadResult  63: 8388608 op, 810763171.00 ns, 96.6505 ns/op
WorkloadResult  64: 8388608 op, 811154865.00 ns, 96.6972 ns/op
WorkloadResult  65: 8388608 op, 808548187.00 ns, 96.3865 ns/op
WorkloadResult  66: 8388608 op, 815407058.00 ns, 97.2041 ns/op
WorkloadResult  67: 8388608 op, 914430948.00 ns, 109.0087 ns/op
WorkloadResult  68: 8388608 op, 810112996.00 ns, 96.5730 ns/op
WorkloadResult  69: 8388608 op, 829050923.00 ns, 98.8306 ns/op
WorkloadResult  70: 8388608 op, 881038078.00 ns, 105.0279 ns/op
WorkloadResult  71: 8388608 op, 903074732.00 ns, 107.6549 ns/op
WorkloadResult  72: 8388608 op, 815881034.00 ns, 97.2606 ns/op
WorkloadResult  73: 8388608 op, 810531162.00 ns, 96.6228 ns/op
WorkloadResult  74: 8388608 op, 804998888.00 ns, 95.9633 ns/op
WorkloadResult  75: 8388608 op, 838811085.00 ns, 99.9941 ns/op
WorkloadResult  76: 8388608 op, 845563237.00 ns, 100.7990 ns/op
WorkloadResult  77: 8388608 op, 1049005664.00 ns, 125.0512 ns/op
WorkloadResult  78: 8388608 op, 935678517.00 ns, 111.5416 ns/op
WorkloadResult  79: 8388608 op, 956286334.00 ns, 113.9982 ns/op
WorkloadResult  80: 8388608 op, 888268214.00 ns, 105.8898 ns/op
WorkloadResult  81: 8388608 op, 824459116.00 ns, 98.2832 ns/op
WorkloadResult  82: 8388608 op, 866623005.00 ns, 103.3095 ns/op
WorkloadResult  83: 8388608 op, 981634658.00 ns, 117.0200 ns/op
WorkloadResult  84: 8388608 op, 821902989.00 ns, 97.9785 ns/op
WorkloadResult  85: 8388608 op, 842789184.00 ns, 100.4683 ns/op
WorkloadResult  86: 8388608 op, 869702087.00 ns, 103.6766 ns/op
WorkloadResult  87: 8388608 op, 895353483.00 ns, 106.7345 ns/op
WorkloadResult  88: 8388608 op, 892434770.00 ns, 106.3865 ns/op
WorkloadResult  89: 8388608 op, 880573586.00 ns, 104.9726 ns/op
WorkloadResult  90: 8388608 op, 826805511.00 ns, 98.5629 ns/op
WorkloadResult  91: 8388608 op, 870103464.00 ns, 103.7244 ns/op
// GC:  0 0 0 736 8388608
// Threading:  0 0 8388608

// AfterAll
// Benchmark Process 256662 has exited with code 0.

Mean = 103.484 ns, StdErr = 0.838 ns (0.81%), N = 91, StdDev = 7.991 ns
Min = 91.947 ns, Q1 = 97.772 ns, Median = 102.736 ns, Q3 = 106.775 ns, Max = 126.470 ns
IQR = 9.002 ns, LowerFence = 84.269 ns, UpperFence = 120.278 ns
ConfidenceInterval = [100.634 ns; 106.333 ns] (CI 99.9%), Margin = 2.850 ns (2.75% of Mean)
Skewness = 1.04, Kurtosis = 3.65, MValue = 3

// ** Remained 17 (94.4%) benchmark(s) to run. Estimated finish 2026-05-17 20:02 (0h 28m from now) **
// **************************
// Benchmark: NativeListBench.NativeList_AddReverse: DefaultJob [N=64]
// *** Execute ***
// Launch: 1 / 1
// Execute: dotnet dffa3de8-7950-4e48-843b-a83d510f4f98.dll --anonymousPipes 122 124 --benchmarkName "IAFahim.Collections.NoDeps.Bench.NativeListBench.NativeList_AddReverse(N: 64)" --job Default --benchmarkId 1 in /home/i/GitHub/IAFahim.CS.New/bench/IAFahim.Collections.NoDeps.Bench/bin/Release/net10.0/dffa3de8-7950-4e48-843b-a83d510f4f98/bin/Release/net10.0
// Failed to set up high priority (Permission denied). In order to run benchmarks with high priority, make sure you have the right permissions.
// BeforeAnythingElse

// Benchmark Process Environment Information:
// BenchmarkDotNet v0.14.0
// Runtime=.NET 10.0.7 (10.0.726.21808), X64 RyuJIT AVX2
// GC=Concurrent Workstation
// HardwareIntrinsics=AVX2,AES,BMI1,BMI2,FMA,LZCNT,PCLMUL,POPCNT,AvxVnni,SERIALIZE VectorSize=256
// Job: DefaultJob

OverheadJitting  1: 1 op, 154919.00 ns, 154.9190 us/op
WorkloadJitting  1: 1 op, 726320.00 ns, 726.3200 us/op

OverheadJitting  2: 16 op, 139578.00 ns, 8.7236 us/op
WorkloadJitting  2: 16 op, 137147.00 ns, 8.5717 us/op

WorkloadPilot    1: 16 op, 14730.00 ns, 920.6250 ns/op
WorkloadPilot    2: 32 op, 26366.00 ns, 823.9375 ns/op
WorkloadPilot    3: 64 op, 51707.00 ns, 807.9219 ns/op
WorkloadPilot    4: 128 op, 145005.00 ns, 1.1329 us/op
WorkloadPilot    5: 256 op, 236543.00 ns, 923.9961 ns/op
WorkloadPilot    6: 512 op, 492605.00 ns, 962.1191 ns/op
WorkloadPilot    7: 1024 op, 935415.00 ns, 913.4912 ns/op
WorkloadPilot    8: 2048 op, 1756093.00 ns, 857.4673 ns/op
WorkloadPilot    9: 4096 op, 3156659.00 ns, 770.6687 ns/op
WorkloadPilot   10: 8192 op, 4633962.00 ns, 565.6692 ns/op
WorkloadPilot   11: 16384 op, 9107010.00 ns, 555.8478 ns/op
WorkloadPilot   12: 32768 op, 25204385.00 ns, 769.1768 ns/op
WorkloadPilot   13: 65536 op, 42534480.00 ns, 649.0247 ns/op
WorkloadPilot   14: 131072 op, 47114896.00 ns, 359.4581 ns/op
WorkloadPilot   15: 262144 op, 27928177.00 ns, 106.5375 ns/op
WorkloadPilot   16: 524288 op, 56789337.00 ns, 108.3171 ns/op
WorkloadPilot   17: 1048576 op, 109105897.00 ns, 104.0515 ns/op
WorkloadPilot   18: 2097152 op, 224898547.00 ns, 107.2400 ns/op
WorkloadPilot   19: 4194304 op, 447079503.00 ns, 106.5921 ns/op
WorkloadPilot   20: 8388608 op, 906894280.00 ns, 108.1102 ns/op

OverheadWarmup   1: 8388608 op, 17788307.00 ns, 2.1205 ns/op
OverheadWarmup   2: 8388608 op, 17709652.00 ns, 2.1112 ns/op
OverheadWarmup   3: 8388608 op, 17638851.00 ns, 2.1027 ns/op
OverheadWarmup   4: 8388608 op, 17621943.00 ns, 2.1007 ns/op
OverheadWarmup   5: 8388608 op, 17661458.00 ns, 2.1054 ns/op
OverheadWarmup   6: 8388608 op, 17646095.00 ns, 2.1036 ns/op
OverheadWarmup   7: 8388608 op, 17658135.00 ns, 2.1050 ns/op
OverheadWarmup   8: 8388608 op, 17689229.00 ns, 2.1087 ns/op
OverheadWarmup   9: 8388608 op, 17688542.00 ns, 2.1086 ns/op

OverheadActual   1: 8388608 op, 17654350.00 ns, 2.1046 ns/op
OverheadActual   2: 8388608 op, 17654649.00 ns, 2.1046 ns/op
OverheadActual   3: 8388608 op, 17667823.00 ns, 2.1062 ns/op
OverheadActual   4: 8388608 op, 17706588.00 ns, 2.1108 ns/op
OverheadActual   5: 8388608 op, 17633396.00 ns, 2.1021 ns/op
OverheadActual   6: 8388608 op, 17671245.00 ns, 2.1066 ns/op
OverheadActual   7: 8388608 op, 17633043.00 ns, 2.1020 ns/op
OverheadActual   8: 8388608 op, 17783012.00 ns, 2.1199 ns/op
OverheadActual   9: 8388608 op, 17943221.00 ns, 2.1390 ns/op
OverheadActual  10: 8388608 op, 17848564.00 ns, 2.1277 ns/op
OverheadActual  11: 8388608 op, 17665360.00 ns, 2.1059 ns/op
OverheadActual  12: 8388608 op, 17660177.00 ns, 2.1053 ns/op
OverheadActual  13: 8388608 op, 17382152.00 ns, 2.0721 ns/op
OverheadActual  14: 8388608 op, 11445926.00 ns, 1.3645 ns/op
OverheadActual  15: 8388608 op, 11602115.00 ns, 1.3831 ns/op
OverheadActual  16: 8388608 op, 11486605.00 ns, 1.3693 ns/op
OverheadActual  17: 8388608 op, 11522061.00 ns, 1.3735 ns/op
OverheadActual  18: 8388608 op, 11569030.00 ns, 1.3791 ns/op
OverheadActual  19: 8388608 op, 11425826.00 ns, 1.3621 ns/op
OverheadActual  20: 8388608 op, 11403187.00 ns, 1.3594 ns